Component: ARM Compiler 5.05 update 2 (build 169) Tool: armlink [4d0f33]

==============================================================================

Section Cross References

    main.o(i.assert_nrf_callback) refers to app_error_handler_keil.o(.emb_text) for app_error_handler
    main.o(i.ble_evt_handler) refers to nrf_log_frontend.o(i.nrf_log_frontend_std_0) for nrf_log_frontend_std_0
    main.o(i.ble_evt_handler) refers to bsp.o(i.bsp_indication_set) for bsp_indication_set
    main.o(i.ble_evt_handler) refers to app_error.o(i.app_error_handler_bare) for app_error_handler_bare
    main.o(i.ble_evt_handler) refers to nrf_ble_qwr.o(i.nrf_ble_qwr_conn_handle_assign) for nrf_ble_qwr_conn_handle_assign
    main.o(i.ble_evt_handler) refers to main.o(.data) for .data
    main.o(i.ble_evt_handler) refers to nrf_log_frontend.o(log_dynamic_data) for m_nrf_log_app_logs_data_dynamic
    main.o(i.ble_evt_handler) refers to main.o(.bss) for .bss
    main.o(i.bsp_event_handler) refers to main.o(i.sleep_mode_enter) for sleep_mode_enter
    main.o(i.bsp_event_handler) refers to app_error.o(i.app_error_handler_bare) for app_error_handler_bare
    main.o(i.bsp_event_handler) refers to ble_advertising.o(i.ble_advertising_restart_without_whitelist) for ble_advertising_restart_without_whitelist
    main.o(i.bsp_event_handler) refers to main.o(.data) for .data
    main.o(i.bsp_event_handler) refers to main.o(.bss) for .bss
    main.o(i.conn_params_error_handler) refers to app_error.o(i.app_error_handler_bare) for app_error_handler_bare
    main.o(i.gatt_evt_handler) refers to nrf_log_frontend.o(i.nrf_log_frontend_std_2) for nrf_log_frontend_std_2
    main.o(i.gatt_evt_handler) refers to main.o(.data) for .data
    main.o(i.gatt_evt_handler) refers to nrf_log_frontend.o(log_dynamic_data) for m_nrf_log_app_logs_data_dynamic
    main.o(i.gatt_init) refers to nrf_ble_gatt.o(i.nrf_ble_gatt_init) for nrf_ble_gatt_init
    main.o(i.gatt_init) refers to app_error.o(i.app_error_handler_bare) for app_error_handler_bare
    main.o(i.gatt_init) refers to nrf_ble_gatt.o(i.nrf_ble_gatt_att_mtu_periph_set) for nrf_ble_gatt_att_mtu_periph_set
    main.o(i.gatt_init) refers to main.o(i.gatt_evt_handler) for gatt_evt_handler
    main.o(i.gatt_init) refers to main.o(.bss) for .bss
    main.o(i.main) refers to memcpya.o(.text) for __aeabi_memcpy4
    main.o(i.main) refers to app_uart_fifo.o(i.app_uart_init) for app_uart_init
    main.o(i.main) refers to app_error.o(i.app_error_handler_bare) for app_error_handler_bare
    main.o(i.main) refers to nrf_log_frontend.o(i.nrf_log_init) for nrf_log_init
    main.o(i.main) refers to nrf_log_default_backends.o(i.nrf_log_default_backends_init) for nrf_log_default_backends_init
    main.o(i.main) refers to app_timer.o(i.app_timer_init) for app_timer_init
    main.o(i.main) refers to bsp.o(i.bsp_init) for bsp_init
    main.o(i.main) refers to bsp_btn_ble.o(i.bsp_btn_ble_init) for bsp_btn_ble_init
    main.o(i.main) refers to nrf_pwr_mgmt.o(i.nrf_pwr_mgmt_init) for nrf_pwr_mgmt_init
    main.o(i.main) refers to nrf_sdh.o(i.nrf_sdh_enable_request) for nrf_sdh_enable_request
    main.o(i.main) refers to nrf_sdh_ble.o(i.nrf_sdh_ble_default_cfg_set) for nrf_sdh_ble_default_cfg_set
    main.o(i.main) refers to nrf_sdh_ble.o(i.nrf_sdh_ble_enable) for nrf_sdh_ble_enable
    main.o(i.main) refers to main.o(i.gatt_init) for gatt_init
    main.o(i.main) refers to nrf_ble_qwr.o(i.nrf_ble_qwr_init) for nrf_ble_qwr_init
    main.o(i.main) refers to ble_nus.o(i.ble_nus_init) for ble_nus_init
    main.o(i.main) refers to memseta.o(.text) for __aeabi_memclr4
    main.o(i.main) refers to ble_advertising.o(i.ble_advertising_init) for ble_advertising_init
    main.o(i.main) refers to ble_advertising.o(i.ble_advertising_conn_cfg_tag_set) for ble_advertising_conn_cfg_tag_set
    main.o(i.main) refers to ble_conn_params.o(i.ble_conn_params_init) for ble_conn_params_init
    main.o(i.main) refers to printfb.o(i.__0printf$bare) for __2printf
    main.o(i.main) refers to nrf_log_frontend.o(i.nrf_log_frontend_std_0) for nrf_log_frontend_std_0
    main.o(i.main) refers to ble_advertising.o(i.ble_advertising_start) for ble_advertising_start
    main.o(i.main) refers to nrf_log_frontend.o(i.nrf_log_frontend_dequeue) for nrf_log_frontend_dequeue
    main.o(i.main) refers to nrf_pwr_mgmt.o(i.nrf_pwr_mgmt_run) for nrf_pwr_mgmt_run
    main.o(i.main) refers to main.o(.constdata) for .constdata
    main.o(i.main) refers to main.o(.bss) for .bss
    main.o(i.main) refers to main.o(i.uart_event_handle) for uart_event_handle
    main.o(i.main) refers to main.o(i.bsp_event_handler) for bsp_event_handler
    main.o(i.main) refers to main.o(i.nrf_qwr_error_handler) for nrf_qwr_error_handler
    main.o(i.main) refers to main.o(i.nus_data_handler) for nus_data_handler
    main.o(i.main) refers to main.o(.data) for .data
    main.o(i.main) refers to main.o(i.on_adv_evt) for on_adv_evt
[...]
    __tagsym$$used                           0x20002c14   Number         0  nrf_log_frontend.o(log_dynamic_data)
    __tagsym$$used                           0x20002c18   Number         0  nrf_log_frontend.o(log_dynamic_data)
    log_dynamic_data                         0x20002c1c   Section        4  nrf_sdh.o(log_dynamic_data)
    __tagsym$$used                           0x20002c1c   Number         0  nrf_sdh.o(log_dynamic_data)
    log_dynamic_data                         0x20002c20   Section        4  nrf_sdh_ble.o(log_dynamic_data)
    __tagsym$$used                           0x20002c20   Number         0  nrf_sdh_ble.o(log_dynamic_data)
    log_dynamic_data                         0x20002c24   Section        4  nrf_sdh_soc.o(log_dynamic_data)
    __tagsym$$used                           0x20002c24   Number         0  nrf_sdh_soc.o(log_dynamic_data)
    .bss                                     0x20002c28   Section      972  main.o(.bss)
    data_array                               0x20002c28   Data         244  main.o(.bss)
    rx_buf                                   0x20002d1c   Data         256  main.o(.bss)
    tx_buf                                   0x20002e1c   Data         256  main.o(.bss)
    m_gatt                                   0x20002f1c   Data          20  main.o(.bss)
    m_qwr                                    0x20002f30   Data          12  main.o(.bss)
    m_advertising                            0x20002f3c   Data         184  main.o(.bss)
    .bss                                     0x20002ff4   Section       32  bsp.o(.bss)
    m_bsp_leds_tmr_data                      0x20002ff4   Data          32  bsp.o(.bss)
    .bss                                     0x20003014   Section       32  bsp.o(.bss)
    m_bsp_alert_tmr_data                     0x20003014   Data          32  bsp.o(.bss)
    .bss                                     0x20003034   Section       12  bsp.o(.bss)
    m_events_list                            0x20003034   Data          12  bsp.o(.bss)
    .bss                                     0x20003040   Section       32  bsp.o(.bss)
    m_bsp_button_tmr_data                    0x20003040   Data          32  bsp.o(.bss)
    .bss                                     0x20003060   Section       80  ble_conn_params.o(.bss)
    m_timer_data                             0x20003060   Data          32  ble_conn_params.o(.bss)
    m_conn_params_instances                  0x20003080   Data          20  ble_conn_params.o(.bss)
    m_conn_params_config                     0x20003094   Data          28  ble_conn_params.o(.bss)
    .bss                                     0x200030b0   Section      120  ble_conn_state.o(.bss)
    m_bcs                                    0x200030b0   Data         120  ble_conn_state.o(.bss)
    .bss                                     0x20003128   Section       20  nrf_drv_clock.o(.bss)
    m_clock_cb                               0x20003128   Data          20  nrf_drv_clock.o(.bss)
    .bss                                     0x2000313c   Section       92  nrfx_gpiote.o(.bss)
    m_cb                                     0x2000313c   Data          92  nrfx_gpiote.o(.bss)
    .bss                                     0x20003198   Section       44  nrfx_uart.o(.bss)
    m_cb                                     0x20003198   Data          44  nrfx_uart.o(.bss)
    .bss                                     0x200031c4   Section       36  nrfx_uarte.o(.bss)
    m_cb                                     0x200031c4   Data          36  nrfx_uarte.o(.bss)
    .bss                                     0x200031e8   Section       32  app_button.o(.bss)
    m_detection_delay_timer_id_data          0x200031e8   Data          32  app_button.o(.bss)
    .bss                                     0x20003208   Section      268  app_timer.o(.bss)
    m_op_queue                               0x20003208   Data         268  app_timer.o(.bss)
    .bss                                     0x20003314   Section       32  app_uart_fifo.o(.bss)
    m_rx_fifo                                0x20003314   Data          16  app_uart_fifo.o(.bss)
    m_tx_fifo                                0x20003324   Data          16  app_uart_fifo.o(.bss)
    .bss                                     0x20003334   Section       12  app_util_platform.o(.bss)
    .bss                                     0x20003340   Section      160  nrf_fstorage_sd.o(.bss)
    m_fifo_data                              0x20003340   Data         140  nrf_fstorage_sd.o(.bss)
    m_flags                                  0x200033cc   Data          20  nrf_fstorage_sd.o(.bss)
    .bss                                     0x200033e0   Section       12  nrf_pwr_mgmt.o(.bss)
    m_handlers_iter                          0x200033e0   Data          12  nrf_pwr_mgmt.o(.bss)
    .bss                                     0x200033ec   Section       64  nrf_log_backend_rtt.o(.bss)
    m_string_buff                            0x200033ec   Data          64  nrf_log_backend_rtt.o(.bss)
    .bss                                     0x2000342c   Section      192  nrf_log_frontend.o(.bss)
    log_mempool_nrf_balloc_pool_mem          0x2000342c   Data         192  nrf_log_frontend.o(.bss)
    .bss                                     0x200034ec   Section     1060  nrf_log_frontend.o(.bss)
    m_log_data                               0x200034ec   Data        1060  nrf_log_frontend.o(.bss)
    .bss                                     0x20003910   Section      648  segger_rtt.o(.bss)
    _acUpBuffer                              0x20003988   Data         512  segger_rtt.o(.bss)
    _acDownBuffer                            0x20003b88   Data          16  segger_rtt.o(.bss)
    STACK                                    0x20003b98   Section     8192  arm_startup_nrf52.o(STACK)

    Global Symbols

    Symbol Name                              Value     Ov Type        Size  Object(Section)

    BuildAttributes$$THM_ISAv4$E$P$D$K$B$S$7EM$VFPi3$EXTD16$VFPS$VFMA$PE$A:L22UL41UL21$X:L11$S22US41US21$IEEE1$IW$USESV6$~STKCKD$USESV7$~SHL$OSPACE$ROPI$EBA8$MICROLIB$REQ8$EABIv2 0x00000000   Number         0  anon$$obj.o ABSOLUTE
    __ARM_use_no_argv                        0x00000000   Number         0  main.o ABSOLUTE
    __cpp_initialize__aeabi_                  - Undefined Weak Reference
    __cxa_finalize                            - Undefined Weak Reference
    _clock_init                               - Undefined Weak Reference
    _microlib_exit                            - Undefined Weak Reference
    fs_data$$Base                             - Undefined Reference
    fs_data$$Limit                            - Undefined Reference
    pwr_mgmt_data0$$Base                      - Undefined Reference
    pwr_mgmt_data0$$Limit                     - Undefined Reference
    pwr_mgmt_data1$$Base                      - Undefined Reference
    pwr_mgmt_data1$$Limit                     - Undefined Reference
    pwr_mgmt_data2$$Base                      - Undefined Reference
    pwr_mgmt_data2$$Limit                     - Undefined Reference
    sdh_req_observers1$$Base                  - Undefined Reference
    sdh_req_observers1$$Limit                 - Undefined Reference
    sdh_stack_observers1$$Base                - Undefined Reference
    sdh_stack_observers1$$Limit               - Undefined Reference
    sdh_state_observers1$$Base                - Undefined Reference
    sdh_state_observers1$$Limit               - Undefined Reference
    __Vectors_Size                           0x00000200   Number         0  arm_startup_nrf52.o ABSOLUTE
    __Vectors                                0x00026000   Data           4  arm_startup_nrf52.o(RESET)
    __Vectors_End                            0x00026200   Data           0  arm_startup_nrf52.o(RESET)
    __main                                   0x00026201   Thumb Code     0  entry.o(.ARM.Collect$$$$00000000)
    _main_stk                                0x00026201   Thumb Code     0  entry2.o(.ARM.Collect$$$$00000001)
    _main_scatterload                        0x00026205   Thumb Code     0  entry5.o(.ARM.Collect$$$$00000004)
    __main_after_scatterload                 0x00026209   Thumb Code     0  entry5.o(.ARM.Collect$$$$00000004)
    _main_clock                              0x00026209   Thumb Code     0  entry7b.o(.ARM.Collect$$$$00000008)
    _main_cpp_init                           0x00026209   Thumb Code     0  entry8b.o(.ARM.Collect$$$$0000000A)
    _main_init                               0x00026209   Thumb Code     0  entry9a.o(.ARM.Collect$$$$0000000B)
    __rt_final_cpp                           0x00026211   Thumb Code     0  entry10a.o(.ARM.Collect$$$$0000000D)
    __rt_final_exit                          0x00026211   Thumb Code     0  entry11a.o(.ARM.Collect$$$$0000000F)
    __asm___12_nrf_atfifo_c_51f461e1__nrf_atfifo_wspace_req 0x00026215   Thumb Code    56  nrf_atfifo.o(.emb_text)
    __asm___12_nrf_atfifo_c_51f461e1__nrf_atfifo_wspace_close 0x0002624d   Thumb Code    18  nrf_atfifo.o(.emb_text)
    __asm___12_nrf_atfifo_c_51f461e1__nrf_atfifo_rspace_req 0x0002625f   Thumb Code    58  nrf_atfifo.o(.emb_text)
    __asm___12_nrf_atfifo_c_51f461e1__nrf_atfifo_rspace_close 0x00026299   Thumb Code    18  nrf_atfifo.o(.emb_text)
    __asm___12_nrf_atfifo_c_51f461e1__nrf_atfifo_space_clear 0x000262ab   Thumb Code    50  nrf_atfifo.o(.emb_text)
    __asm___12_nrf_atomic_c_85ca2469__nrf_atomic_internal_mov 0x000262dd   Thumb Code    24  nrf_atomic.o(.emb_text)
    __asm___12_nrf_atomic_c_85ca2469__nrf_atomic_internal_orr 0x000262f5   Thumb Code    26  nrf_atomic.o(.emb_text)
    __asm___12_nrf_atomic_c_85ca2469__nrf_atomic_internal_and 0x0002630f   Thumb Code    26  nrf_atomic.o(.emb_text)
    __asm___12_nrf_atomic_c_85ca2469__nrf_atomic_internal_eor 0x00026329   Thumb Code    26  nrf_atomic.o(.emb_text)
    __asm___12_nrf_atomic_c_85ca2469__nrf_atomic_internal_add 0x00026343   Thumb Code    26  nrf_atomic.o(.emb_text)
    __asm___12_nrf_atomic_c_85ca2469__nrf_atomic_internal_sub 0x0002635d   Thumb Code    26  nrf_atomic.o(.emb_text)
    __asm___12_nrf_atomic_c_85ca2469__nrf_atomic_internal_cmp_exch 0x00026377   Thumb Code    42  nrf_atomic.o(.emb_text)
    __asm___12_nrf_atomic_c_85ca2469__nrf_atomic_internal_sub_hs 0x000263a1   Thumb Code    30  nrf_atomic.o(.emb_text)
    Reset_Handler                            0x000263c1   Thumb Code     8  arm_startup_nrf52.o(.text)
    NMI_Handler                              0x000263c9   Thumb Code     2  arm_startup_nrf52.o(.text)
    HardFault_Handler                        0x000263cb   Thumb Code     2  arm_startup_nrf52.o(.text)
    MemoryManagement_Handler                 0x000263cd   Thumb Code     2  arm_startup_nrf52.o(.text)
    BusFault_Handler                         0x000263cf   Thumb Code     2  arm_startup_nrf52.o(.text)
    UsageFault_Handler                       0x000263d1   Thumb Code     2  arm_startup_nrf52.o(.text)
    SVC_Handler                              0x000263d3   Thumb Code     2  arm_startup_nrf52.o(.text)
    DebugMon_Handler                         0x000263d5   Thumb Code     2  arm_startup_nrf52.o(.text)
    PendSV_Handler                           0x000263d7   Thumb Code     2  arm_startup_nrf52.o(.text)
    SysTick_Handler                          0x000263d9   Thumb Code     2  arm_startup_nrf52.o(.text)
    CCM_AAR_IRQHandler                       0x000263db   Thumb Code     0  arm_startup_nrf52.o(.text)
    COMP_LPCOMP_IRQHandler                   0x000263db   Thumb Code     0  arm_startup_nrf52.o(.text)
    ECB_IRQHandler                           0x000263db   Thumb Code     0  arm_startup_nrf52.o(.text)
    FPU_IRQHandler                           0x000263db   Thumb Code     0  arm_startup_nrf52.o(.text)
    I2S_IRQHandler                           0x000263db   Thumb Code     0  arm_startup_nrf52.o(.text)
    MWU_IRQHandler                           0x000263db   Thumb Code     0  arm_startup_nrf52.o(.text)
    NFCT_IRQHandler                          0x000263db   Thumb Code     0  arm_startup_nrf52.o(.text)
    PDM_IRQHandler                           0x000263db   Thumb Code     0  arm_startup_nrf52.o(.text)
    PWM0_IRQHandler                          0x000263db   Thumb Code     0  arm_startup_nrf52.o(.text)
    PWM1_IRQHandler                          0x000263db   Thumb Code     0  arm_startup_nrf52.o(.text)
    PWM2_IRQHandler                          0x000263db   Thumb Code     0  arm_startup_nrf52.o(.text)
    QDEC_IRQHandler                          0x000263db   Thumb Code     0  arm_startup_nrf52.o(.text)
    RADIO_IRQHandler                         0x000263db   Thumb Code     0  arm_startup_nrf52.o(.text)
    RNG_IRQHandler                           0x000263db   Thumb Code     0  arm_startup_nrf52.o(.text)
    RTC0_IRQHandler                          0x000263db   Thumb Code     0  arm_startup_nrf52.o(.text)
    RTC2_IRQHandler                          0x000263db   Thumb Code     0  arm_startup_nrf52.o(.text)
    SAADC_IRQHandler                         0x000263db   Thumb Code     0  arm_startup_nrf52.o(.text)
    SPIM0_SPIS0_TWIM0_TWIS0_SPI0_TWI0_IRQHandler 0x000263db   Thumb Code     0  arm_startup_nrf52.o(.text)
    SPIM1_SPIS1_TWIM1_TWIS1_SPI1_TWI1_IRQHandler 0x000263db   Thumb Code     0  arm_startup_nrf52.o(.text)
    SPIM2_SPIS2_SPI2_IRQHandler              0x000263db   Thumb Code     0  arm_startup_nrf52.o(.text)
    SWI1_EGU1_IRQHandler                     0x000263db   Thumb Code     0  arm_startup_nrf52.o(.text)
    SWI3_EGU3_IRQHandler                     0x000263db   Thumb Code     0  arm_startup_nrf52.o(.text)
    SWI4_EGU4_IRQHandler                     0x000263db   Thumb Code     0  arm_startup_nrf52.o(.text)
    SWI5_EGU5_IRQHandler                     0x000263db   Thumb Code     0  arm_startup_nrf52.o(.text)
    TEMP_IRQHandler                          0x000263db   Thumb Code     0  arm_startup_nrf52.o(.text)
    TIMER0_IRQHandler                        0x000263db   Thumb Code     0  arm_startup_nrf52.o(.text)
    TIMER1_IRQHandler                        0x000263db   Thumb Code     0  arm_startup_nrf52.o(.text)
    TIMER2_IRQHandler                        0x000263db   Thumb Code     0  arm_startup_nrf52.o(.text)
    TIMER3_IRQHandler                        0x000263db   Thumb Code     0  arm_startup_nrf52.o(.text)
    TIMER4_IRQHandler                        0x000263db   Thumb Code     0  arm_startup_nrf52.o(.text)
    WDT_IRQHandler                           0x000263db   Thumb Code     0  arm_startup_nrf52.o(.text)
    __aeabi_uldivmod                         0x000263e5   Thumb Code    98  uldiv.o(.text)
    __aeabi_llsl                             0x00026447   Thumb Code    30  llshl.o(.text)
    _ll_shift_l                              0x00026447   Thumb Code     0  llshl.o(.text)
    __rt_ctype_table                         0x00026465   Thumb Code     4  ctype_o.o(.text)
    __aeabi_memcpy                           0x0002646d   Thumb Code    36  memcpya.o(.text)
    __aeabi_memcpy4                          0x0002646d   Thumb Code     0  memcpya.o(.text)
    __aeabi_memcpy8                          0x0002646d   Thumb Code     0  memcpya.o(.text)
    __aeabi_memset                           0x00026491   Thumb Code    14  memseta.o(.text)
    __aeabi_memset4                          0x00026491   Thumb Code     0  memseta.o(.text)
    __aeabi_memset8                          0x00026491   Thumb Code     0  memseta.o(.text)
    __aeabi_memclr                           0x0002649f   Thumb Code     4  memseta.o(.text)
    __aeabi_memclr4                          0x0002649f   Thumb Code     0  memseta.o(.text)
    __aeabi_memclr8                          0x0002649f   Thumb Code     0  memseta.o(.text)
    _memset$wrapper                          0x000264a3   Thumb Code    18  memseta.o(.text)
    strlen                                   0x000264b5   Thumb Code    14  strlen.o(.text)
    strcpy                                   0x000264c3   Thumb Code    18  strcpy.o(.text)
    __aeabi_llsr                             0x000264d5   Thumb Code    32  llushr.o(.text)
    _ll_ushift_r                             0x000264d5   Thumb Code     0  llushr.o(.text)
    __scatterload                            0x000264f5   Thumb Code    28  init.o(.text)
    __scatterload_rt2                        0x000264f5   Thumb Code     0  init.o(.text)
    __decompress                             0x00026519   Thumb Code     0  __dczerorl2.o(.text)
    __decompress1                            0x00026519   Thumb Code    86  __dczerorl2.o(.text)
    GPIOTE_IRQHandler                        0x00026571   Thumb Code   346  nrfx_gpiote.o(i.GPIOTE_IRQHandler)
    POWER_CLOCK_IRQHandler                   0x00026739   Thumb Code    82  nrfx_clock.o(i.POWER_CLOCK_IRQHandler)
    RTC1_IRQHandler                          0x00026791   Thumb Code    32  app_timer.o(i.RTC1_IRQHandler)
    SEGGER_RTT_Init                          0x000267b5   Thumb Code     4  segger_rtt.o(i.SEGGER_RTT_Init)
    SEGGER_RTT_WriteNoLock                   0x000267b9   Thumb Code    86  segger_rtt.o(i.SEGGER_RTT_WriteNoLock)
    SWI0_EGU0_IRQHandler                     0x00026815   Thumb Code     4  app_timer.o(i.SWI0_EGU0_IRQHandler)
    SWI2_EGU2_IRQHandler                     0x00026819   Thumb Code     4  nrf_sdh.o(i.SWI2_EGU2_IRQHandler)
    SystemInit                               0x0002681d   Thumb Code   726  system_nrf52.o(i.SystemInit)
    UARTE0_UART0_IRQHandler                  0x00026b39   Thumb Code     6  nrfx_prs.o(i.UARTE0_UART0_IRQHandler)
    __0printf$bare                           0x00026c61   Thumb Code     8  printfb.o(i.__0printf$bare)
    __1printf$bare                           0x00026c61   Thumb Code     0  printfb.o(i.__0printf$bare)
    __2printf                                0x00026c61   Thumb Code     0  printfb.o(i.__0printf$bare)
    __scatterload_copy                       0x00026c71   Thumb Code    14  handlers.o(i.__scatterload_copy)
    __scatterload_null                       0x00026c7f   Thumb Code     2  handlers.o(i.__scatterload_null)
    __scatterload_zeroinit                   0x00026c81   Thumb Code    14  handlers.o(i.__scatterload_zeroinit)
    app_button_enable                        0x00026d29   Thumb Code    32  app_button.o(i.app_button_enable)
    app_button_init                          0x00026d4d   Thumb Code   102  app_button.o(i.app_button_init)
    app_error_fault_handler                  0x00026dc5   Thumb Code    84  app_error_weak.o(i.app_error_fault_handler)
    app_error_handler_bare                   0x00026e41   Thumb Code    22  app_error.o(i.app_error_handler_bare)
    app_fifo_get                             0x00026e57   Thumb Code    22  app_fifo.o(i.app_fifo_get)
    app_fifo_init                            0x00026e6d   Thumb Code    32  app_fifo.o(i.app_fifo_init)
    app_fifo_put                             0x00026e8d   Thumb Code    26  app_fifo.o(i.app_fifo_put)
    app_timer_create                         0x00026ea9   Thumb Code    32  app_timer.o(i.app_timer_create)
    app_timer_init                           0x00026ecd   Thumb Code    70  app_timer.o(i.app_timer_init)
    app_timer_start                          0x00026f21   Thumb Code   128  app_timer.o(i.app_timer_start)
    app_timer_stop                           0x00026fa9   Thumb Code    26  app_timer.o(i.app_timer_stop)
    app_uart_get                             0x00026fc9   Thumb Code    42  app_uart_fifo.o(i.app_uart_get)
    app_uart_init                            0x00026ffd   Thumb Code   148  app_uart_fifo.o(i.app_uart_init)
    app_uart_put                             0x000270a1   Thumb Code    70  app_uart_fifo.o(i.app_uart_put)
    app_util_critical_region_enter           0x000270f5   Thumb Code    64  app_util_platform.o(i.app_util_critical_region_enter)
    app_util_critical_region_exit            0x0002713d   Thumb Code    46  app_util_platform.o(i.app_util_critical_region_exit)
    blcm_link_ctx_get                        0x00027281   Thumb Code    72  ble_link_ctx_manager.o(i.blcm_link_ctx_get)
    ble_advdata_encode                       0x000272c9   Thumb Code   386  ble_advdata.o(i.ble_advdata_encode)
    ble_advdata_parse                        0x0002744b   Thumb Code    32  ble_advdata.o(i.ble_advdata_parse)
    ble_advdata_search                       0x0002746b   Thumb Code    56  ble_advdata.o(i.ble_advdata_search)
    ble_advertising_conn_cfg_tag_set         0x000274a3   Thumb Code     6  ble_advertising.o(i.ble_advertising_conn_cfg_tag_set)
    ble_advertising_init                     0x000274a9   Thumb Code   250  ble_advertising.o(i.ble_advertising_init)
    ble_advertising_on_ble_evt               0x000275a3   Thumb Code   106  ble_advertising.o(i.ble_advertising_on_ble_evt)
    ble_advertising_on_sys_evt               0x0002760d   Thumb Code    48  ble_advertising.o(i.ble_advertising_on_sys_evt)
    ble_advertising_restart_without_whitelist 0x0002763d   Thumb Code    58  ble_advertising.o(i.ble_advertising_restart_without_whitelist)
    ble_advertising_start                    0x00027677   Thumb Code   566  ble_advertising.o(i.ble_advertising_start)
    ble_conn_params_init                     0x000278ad   Thumb Code    90  ble_conn_params.o(i.ble_conn_params_init)
    ble_conn_state_conn_idx                  0x00027915   Thumb Code    18  ble_conn_state.o(i.ble_conn_state_conn_idx)
    ble_conn_state_valid                     0x00027929   Thumb Code    16  ble_conn_state.o(i.ble_conn_state_valid)
    ble_nus_data_send                        0x00027cdd   Thumb Code   102  ble_nus.o(i.ble_nus_data_send)
    ble_nus_init                             0x00027d45   Thumb Code    84  ble_nus.o(i.ble_nus_init)
    ble_nus_on_ble_evt                       0x00027d9d   Thumb Code   112  ble_nus.o(i.ble_nus_on_ble_evt)
    ble_srv_is_notification_enabled          0x00027e0d   Thumb Code     8  ble_srv_common.o(i.ble_srv_is_notification_enabled)
    bsp_board_button_idx_to_pin              0x00027e15   Thumb Code     6  boards.o(i.bsp_board_button_idx_to_pin)
    bsp_board_button_state_get               0x00027e21   Thumb Code    28  boards.o(i.bsp_board_button_state_get)
    bsp_board_init                           0x00027e41   Thumb Code    80  boards.o(i.bsp_board_init)
    bsp_board_led_invert                     0x00027e95   Thumb Code    32  boards.o(i.bsp_board_led_invert)
    bsp_board_led_off                        0x00027eb9   Thumb Code    10  boards.o(i.bsp_board_led_off)
    bsp_board_led_on                         0x00027ec9   Thumb Code    10  boards.o(i.bsp_board_led_on)
    bsp_board_led_state_get                  0x00027ed9   Thumb Code    28  boards.o(i.bsp_board_led_state_get)
    bsp_board_leds_off                       0x00027ef9   Thumb Code    18  boards.o(i.bsp_board_leds_off)
    bsp_board_leds_on                        0x00027f0b   Thumb Code    18  boards.o(i.bsp_board_leds_on)
    bsp_board_pin_to_button_idx              0x00027f1d   Thumb Code    30  boards.o(i.bsp_board_pin_to_button_idx)
    bsp_btn_ble_init                         0x00027f41   Thumb Code    52  bsp_btn_ble.o(i.bsp_btn_ble_init)
    bsp_btn_ble_sleep_mode_prepare           0x00027f79   Thumb Code    30  bsp_btn_ble.o(i.bsp_btn_ble_sleep_mode_prepare)
    bsp_button_is_pressed                    0x00028029   Thumb Code    12  bsp.o(i.bsp_button_is_pressed)
    bsp_event_handler                        0x00028035   Thumb Code    66  main.o(i.bsp_event_handler)
    bsp_event_to_button_action_assign        0x00028081   Thumb Code    64  bsp.o(i.bsp_event_to_button_action_assign)
    bsp_indication_set                       0x000280c5   Thumb Code    20  bsp.o(i.bsp_indication_set)
    bsp_init                                 0x000280dd   Thumb Code   128  bsp.o(i.bsp_init)
    bsp_wakeup_button_enable                 0x00028329   Thumb Code     6  bsp.o(i.bsp_wakeup_button_enable)
    buffer_is_empty                          0x000283e1   Thumb Code    16  nrf_log_frontend.o(i.buffer_is_empty)
    conn_handle_list_get                     0x00028561   Thumb Code    62  ble_conn_state.o(i.conn_handle_list_get)
    fputc                                    0x000288bf   Thumb Code    14  retarget.o(i.fputc)
    gatt_evt_handler                         0x000288cd   Thumb Code    48  main.o(i.gatt_evt_handler)
    gatt_init                                0x00028921   Thumb Code    38  main.o(i.gatt_init)
    main                                     0x00028d91   Thumb Code   448  main.o(i.main)
    nrf_atfifo_item_free                     0x00029179   Thumb Code    22  nrf_atfifo.o(i.nrf_atfifo_item_free)
    nrf_atfifo_item_get                      0x0002918f   Thumb Code    22  nrf_atfifo.o(i.nrf_atfifo_item_get)
    nrf_atflags_clear                        0x000291a5   Thumb Code    22  nrf_atflags.o(i.nrf_atflags_clear)
    nrf_atflags_get                          0x000291bb   Thumb Code    22  nrf_atflags.o(i.nrf_atflags_get)
    nrf_atflags_set                          0x000291d1   Thumb Code    20  nrf_atflags.o(i.nrf_atflags_set)
    nrf_atomic_flag_clear_fetch              0x000291e5   Thumb Code     6  nrf_atomic.o(i.nrf_atomic_flag_clear_fetch)
    nrf_atomic_flag_set                      0x000291eb   Thumb Code     6  nrf_atomic.o(i.nrf_atomic_flag_set)
    nrf_atomic_u32_add                       0x000291f1   Thumb Code    12  nrf_atomic.o(i.nrf_atomic_u32_add)
    nrf_atomic_u32_and                       0x000291fd   Thumb Code    12  nrf_atomic.o(i.nrf_atomic_u32_and)
    nrf_atomic_u32_fetch_and                 0x00029209   Thumb Code    10  nrf_atomic.o(i.nrf_atomic_u32_fetch_and)
    nrf_atomic_u32_fetch_store               0x00029213   Thumb Code    10  nrf_atomic.o(i.nrf_atomic_u32_fetch_store)
    nrf_atomic_u32_or                        0x0002921d   Thumb Code    12  nrf_atomic.o(i.nrf_atomic_u32_or)
    nrf_atomic_u32_sub                       0x00029229   Thumb Code    12  nrf_atomic.o(i.nrf_atomic_u32_sub)
    nrf_balloc_alloc                         0x00029235   Thumb Code    68  nrf_balloc.o(i.nrf_balloc_alloc)
    nrf_balloc_free                          0x00029279   Thumb Code    48  nrf_balloc.o(i.nrf_balloc_free)
    nrf_balloc_init                          0x000292a9   Thumb Code    48  nrf_balloc.o(i.nrf_balloc_init)
    nrf_ble_gatt_att_mtu_periph_set          0x000292fd   Thumb Code    24  nrf_ble_gatt.o(i.nrf_ble_gatt_att_mtu_periph_set)
    nrf_ble_gatt_init                        0x00029315   Thumb Code    34  nrf_ble_gatt.o(i.nrf_ble_gatt_init)
    nrf_ble_gatt_on_ble_evt                  0x00029339   Thumb Code   266  nrf_ble_gatt.o(i.nrf_ble_gatt_on_ble_evt)
    nrf_ble_qwr_conn_handle_assign           0x00029481   Thumb Code    22  nrf_ble_qwr.o(i.nrf_ble_qwr_conn_handle_assign)
    nrf_ble_qwr_init                         0x00029497   Thumb Code    36  nrf_ble_qwr.o(i.nrf_ble_qwr_init)
    nrf_ble_qwr_on_ble_evt                   0x000294bb   Thumb Code   182  nrf_ble_qwr.o(i.nrf_ble_qwr_on_ble_evt)
    nrf_drv_clock_init                       0x00029591   Thumb Code    48  nrf_drv_clock.o(i.nrf_drv_clock_init)
    nrf_drv_clock_lfclk_release              0x000295c9   Thumb Code    42  nrf_drv_clock.o(i.nrf_drv_clock_lfclk_release)
    nrf_drv_uart_init                        0x000295f9   Thumb Code    90  nrf_drv_uart.o(i.nrf_drv_uart_init)
    nrf_fprintf                              0x000296a1   Thumb Code    26  nrf_fprintf.o(i.nrf_fprintf)
    nrf_fprintf_buffer_flush                 0x000296bb   Thumb Code    24  nrf_fprintf.o(i.nrf_fprintf_buffer_flush)
    nrf_fprintf_fmt                          0x000296d3   Thumb Code   474  nrf_fprintf_format.o(i.nrf_fprintf_fmt)
    nrf_fstorage_is_busy                     0x000298ad   Thumb Code    70  nrf_fstorage.o(i.nrf_fstorage_is_busy)
    nrf_fstorage_sdh_req_handler             0x000298fd   Thumb Code    18  nrf_fstorage_sd.o(i.nrf_fstorage_sdh_req_handler)
    nrf_fstorage_sdh_state_handler           0x00029915   Thumb Code    28  nrf_fstorage_sd.o(i.nrf_fstorage_sdh_state_handler)
    nrf_fstorage_sys_evt_handler             0x00029935   Thumb Code   154  nrf_fstorage_sd.o(i.nrf_fstorage_sys_evt_handler)
    nrf_log_backend_add                      0x00029b39   Thumb Code    74  nrf_log_frontend.o(i.nrf_log_backend_add)
    nrf_log_backend_rtt_init                 0x00029b8b   Thumb Code     4  nrf_log_backend_rtt.o(i.nrf_log_backend_rtt_init)
    nrf_log_backend_serial_put               0x00029ba9   Thumb Code   200  nrf_log_backend_serial.o(i.nrf_log_backend_serial_put)
    nrf_log_color_id_get                     0x00029c71   Thumb Code    42  nrf_log_frontend.o(i.nrf_log_color_id_get)
    nrf_log_default_backends_init            0x00029ca1   Thumb Code    22  nrf_log_default_backends.o(i.nrf_log_default_backends_init)
    nrf_log_frontend_dequeue                 0x00029cbd   Thumb Code   510  nrf_log_frontend.o(i.nrf_log_frontend_dequeue)
    nrf_log_frontend_std_0                   0x00029edd   Thumb Code     8  nrf_log_frontend.o(i.nrf_log_frontend_std_0)
    nrf_log_frontend_std_1                   0x00029ee5   Thumb Code    14  nrf_log_frontend.o(i.nrf_log_frontend_std_1)
    nrf_log_frontend_std_2                   0x00029ef3   Thumb Code    16  nrf_log_frontend.o(i.nrf_log_frontend_std_2)
    nrf_log_hexdump_entry_process            0x00029f05   Thumb Code   146  nrf_log_str_formatter.o(i.nrf_log_hexdump_entry_process)
    nrf_log_init                             0x00029fb1   Thumb Code    66  nrf_log_frontend.o(i.nrf_log_init)
    nrf_log_module_cnt_get                   0x0002a009   Thumb Code    10  nrf_log_frontend.o(i.nrf_log_module_cnt_get)
    nrf_log_module_name_get                  0x0002a01d   Thumb Code    24  nrf_log_frontend.o(i.nrf_log_module_name_get)
    nrf_log_panic                            0x0002a039   Thumb Code    34  nrf_log_frontend.o(i.nrf_log_panic)
    nrf_log_std_entry_process                0x0002a061   Thumb Code   182  nrf_log_str_formatter.o(i.nrf_log_std_entry_process)
    nrf_memobj_alloc                         0x0002a117   Thumb Code    96  nrf_memobj.o(i.nrf_memobj_alloc)
    nrf_memobj_free                          0x0002a177   Thumb Code    50  nrf_memobj.o(i.nrf_memobj_free)
    nrf_memobj_get                           0x0002a1a9   Thumb Code     8  nrf_memobj.o(i.nrf_memobj_get)
    nrf_memobj_pool_init                     0x0002a1b1   Thumb Code     4  nrf_memobj.o(i.nrf_memobj_pool_init)
    nrf_memobj_put                           0x0002a1b5   Thumb Code    30  nrf_memobj.o(i.nrf_memobj_put)
    nrf_memobj_read                          0x0002a1d3   Thumb Code    12  nrf_memobj.o(i.nrf_memobj_read)
    nrf_memobj_write                         0x0002a1df   Thumb Code    12  nrf_memobj.o(i.nrf_memobj_write)
    nrf_pwr_mgmt_init                        0x0002a1ed   Thumb Code    28  nrf_pwr_mgmt.o(i.nrf_pwr_mgmt_init)
    nrf_pwr_mgmt_run                         0x0002a215   Thumb Code    64  nrf_pwr_mgmt.o(i.nrf_pwr_mgmt_run)
    nrf_sdh_ble_app_ram_start_get            0x0002a25d   Thumb Code    16  nrf_sdh_ble.o(i.nrf_sdh_ble_app_ram_start_get)
    nrf_sdh_ble_default_cfg_set              0x0002a271   Thumb Code   312  nrf_sdh_ble.o(i.nrf_sdh_ble_default_cfg_set)
    nrf_sdh_ble_enable                       0x0002a3c5   Thumb Code   116  nrf_sdh_ble.o(i.nrf_sdh_ble_enable)
    nrf_sdh_disable_request                  0x0002a551   Thumb Code    80  nrf_sdh.o(i.nrf_sdh_disable_request)
    nrf_sdh_enable_request                   0x0002a5a5   Thumb Code   130  nrf_sdh.o(i.nrf_sdh_enable_request)
    nrf_sdh_evts_poll                        0x0002a635   Thumb Code    32  nrf_sdh.o(i.nrf_sdh_evts_poll)
    nrf_sdh_is_enabled                       0x0002a659   Thumb Code     6  nrf_sdh.o(i.nrf_sdh_is_enabled)
    nrf_sdh_request_continue                 0x0002a665   Thumb Code    22  nrf_sdh.o(i.nrf_sdh_request_continue)
    nrf_section_iter_init                    0x0002a6bd   Thumb Code    10  nrf_section_iter.o(i.nrf_section_iter_init)
    nrf_section_iter_next                    0x0002a6eb   Thumb Code    32  nrf_section_iter.o(i.nrf_section_iter_next)
    nrf_strerror_find                        0x0002a70d   Thumb Code    52  nrf_strerror.o(i.nrf_strerror_find)
    nrf_strerror_get                         0x0002a745   Thumb Code    14  nrf_strerror.o(i.nrf_strerror_get)
    nrfx_clock_enable                        0x0002a791   Thumb Code    36  nrfx_clock.o(i.nrfx_clock_enable)
    nrfx_clock_init                          0x0002a7bd   Thumb Code    26  nrfx_clock.o(i.nrfx_clock_init)
    nrfx_clock_lfclk_stop                    0x0002a7dd   Thumb Code    20  nrfx_clock.o(i.nrfx_clock_lfclk_stop)
    nrfx_gpiote_in_event_enable              0x0002a809   Thumb Code   156  nrfx_gpiote.o(i.nrfx_gpiote_in_event_enable)
    nrfx_gpiote_in_init                      0x0002a8ad   Thumb Code   194  nrfx_gpiote.o(i.nrfx_gpiote_in_init)
    nrfx_gpiote_in_is_set                    0x0002a97d   Thumb Code    20  nrfx_gpiote.o(i.nrfx_gpiote_in_is_set)
    nrfx_gpiote_init                         0x0002a991   Thumb Code    98  nrfx_gpiote.o(i.nrfx_gpiote_init)
    nrfx_gpiote_is_init                      0x0002aa01   Thumb Code    14  nrfx_gpiote.o(i.nrfx_gpiote_is_init)
    nrfx_prs_acquire                         0x0002aa25   Thumb Code    58  nrfx_prs.o(i.nrfx_prs_acquire)
    nrfx_uart_0_irq_handler                  0x0002aa61   Thumb Code     8  nrfx_uart.o(i.nrfx_uart_0_irq_handler)
    nrfx_uart_init                           0x0002aa71   Thumb Code   200  nrfx_uart.o(i.nrfx_uart_init)
    nrfx_uart_rx                             0x0002ab45   Thumb Code   230  nrfx_uart.o(i.nrfx_uart_rx)
    nrfx_uart_tx                             0x0002ac31   Thumb Code   160  nrfx_uart.o(i.nrfx_uart_tx)
    nrfx_uart_tx_in_progress                 0x0002acd5   Thumb Code    26  nrfx_uart.o(i.nrfx_uart_tx_in_progress)
    nrfx_uarte_0_irq_handler                 0x0002acf5   Thumb Code     8  nrfx_uarte.o(i.nrfx_uarte_0_irq_handler)
    nrfx_uarte_init                          0x0002ad05   Thumb Code   100  nrfx_uarte.o(i.nrfx_uarte_init)
    nrfx_uarte_rx                            0x0002ad71   Thumb Code   256  nrfx_uarte.o(i.nrfx_uarte_rx)
    nrfx_uarte_tx                            0x0002ae75   Thumb Code   138  nrfx_uarte.o(i.nrfx_uarte_tx)
    nrfx_uarte_tx_in_progress                0x0002af05   Thumb Code    22  nrfx_uarte.o(i.nrfx_uarte_tx_in_progress)
    uart_event_handle                        0x0002bb7d   Thumb Code   104  main.o(i.uart_event_handle)
    nrf_log_backend_rtt_api                  0x0002c3d8   Data          12  nrf_log_backend_rtt.o(.constdata)
    m_ram_start                              0x0002c470   Data           4  nrf_sdh_ble.o(.constdata)
    __ctype_table                            0x0002c49c   Data         129  ctype_o.o(.constdata)
    Region$$Table$$Base                      0x0002cc94   Number         0  anon$$obj.o(Region$$Table)
    Region$$Table$$Limit                     0x0002ccb4   Number         0  anon$$obj.o(Region$$Table)
    log_const_data$$Base                     0x0002ccb4   Number         0  nrf_ble_gatt.o(log_const_data)
    m_nrf_log_nrf_ble_gatt_logs_data_const   0x0002ccb4   Data           8  nrf_ble_gatt.o(log_const_data)
    m_nrf_log_ble_nus_logs_data_const        0x0002ccbc   Data           8  ble_nus.o(log_const_data)
    m_nrf_log_clock_logs_data_const          0x0002ccc4   Data           8  nrf_drv_clock.o(log_const_data)
    m_nrf_log_CLOCK_logs_data_const          0x0002cccc   Data           8  nrfx_clock.o(log_const_data)
    m_nrf_log_GPIOTE_logs_data_const         0x0002ccd4   Data           8  nrfx_gpiote.o(log_const_data)
    m_nrf_log_PRS_logs_data_const            0x0002ccdc   Data           8  nrfx_prs.o(log_const_data)
    m_nrf_log_UART_logs_data_const           0x0002cce4   Data           8  nrfx_uart.o(log_const_data)
    m_nrf_log_UARTE_logs_data_const          0x0002ccec   Data           8  nrfx_uarte.o(log_const_data)
    m_nrf_log_nrf_fstorage_logs_data_const   0x0002ccf4   Data           8  nrf_fstorage.o(log_const_data)
    m_nrf_log_atfifo_m_fifo_logs_data_const  0x0002ccfc   Data           8  nrf_fstorage_sd.o(log_const_data)
    m_nrf_log_pwr_mgmt_logs_data_const       0x0002cd04   Data           8  nrf_pwr_mgmt.o(log_const_data)
    m_nrf_log_balloc_log_mempool_logs_data_const 0x0002cd0c   Data           8  nrf_log_frontend.o(log_const_data)
    m_nrf_log_app_logs_data_const            0x0002cd14   Data           8  nrf_log_frontend.o(log_const_data)
    m_nrf_log_nrf_sdh_logs_data_const        0x0002cd1c   Data           8  nrf_sdh.o(log_const_data)
    m_nrf_log_nrf_sdh_ble_logs_data_const    0x0002cd24   Data           8  nrf_sdh_ble.o(log_const_data)
    m_nrf_log_nrf_sdh_soc_logs_data_const    0x0002cd2c   Data           8  nrf_sdh_soc.o(log_const_data)
    log_const_data$$Limit                    0x0002cd34   Number         0  nrf_sdh_soc.o(log_const_data)
    log_mempool                              0x0002cd34   Data          24  nrf_log_frontend.o(nrf_balloc)
    sdh_ble_observers0$$Base                 0x0002cd4c   Number         0  ble_conn_state.o(sdh_ble_observers0)
    sdh_ble_observers0$$Limit                0x0002cd54   Number         0  ble_conn_state.o(sdh_ble_observers0)
    sdh_ble_observers1$$Base                 0x0002cd54   Number         0  main.o(sdh_ble_observers1)
    sdh_ble_observers1$$Limit                0x0002cd74   Number         0  ble_conn_params.o(sdh_ble_observers1)
    sdh_ble_observers2$$Base                 0x0002cd74   Number         0  main.o(sdh_ble_observers2)
    sdh_ble_observers2$$Limit                0x0002cd84   Number         0  main.o(sdh_ble_observers2)
    sdh_ble_observers3$$Base                 0x0002cd84   Number         0  main.o(sdh_ble_observers3)
    m_req_obs                                0x0002cd8c   Data           8  nrf_fstorage_sd.o(sdh_req_observers0)
    sdh_ble_observers3$$Limit                0x0002cd8c   Number         0  main.o(sdh_ble_observers3)
    sdh_req_observers0$$Base                 0x0002cd8c   Number         0  nrf_fstorage_sd.o(sdh_req_observers0)
    sdh_req_observers0$$Limit                0x0002cd94   Number         0  nrf_fstorage_sd.o(sdh_req_observers0)
    sdh_soc_observers0$$Base                 0x0002cd94   Number         0  nrf_drv_clock.o(sdh_soc_observers0)
    sdh_soc_observers0$$Limit                0x0002cda4   Number         0  nrf_fstorage_sd.o(sdh_soc_observers0)
    sdh_soc_observers1$$Base                 0x0002cda4   Number         0  main.o(sdh_soc_observers1)
    sdh_soc_observers1$$Limit                0x0002cdac   Number         0  main.o(sdh_soc_observers1)
    sdh_stack_observers0$$Base               0x0002cdac   Number         0  nrf_sdh_ble.o(sdh_stack_observers0)
    sdh_stack_observers0$$Limit              0x0002cdbc   Number         0  nrf_sdh_soc.o(sdh_stack_observers0)
    sdh_state_observers0$$Base               0x0002cdbc   Number         0  nrf_drv_clock.o(sdh_state_observers0)
    sdh_state_observers0$$Limit              0x0002cdcc   Number         0  nrf_fstorage_sd.o(sdh_state_observers0)
    Image$$RW_IRAM1$$Base                    0x20002a98   Number         0  anon$$obj.o ABSOLUTE
    nrf_drv_uart_use_easy_dma                0x20002aec   Data           1  nrf_drv_uart.o(.data)
    __stdout                                 0x20002b7c   Data           4  retarget.o(.data)
    SystemCoreClock                          0x20002be4   Data           4  system_nrf52.o(.data)
    log_dynamic_data$$Base                   0x20002be8   Number         0  nrf_ble_gatt.o(log_dynamic_data)
    m_nrf_log_nrf_ble_gatt_logs_data_dynamic 0x20002be8   Data           4  nrf_ble_gatt.o(log_dynamic_data)
    m_nrf_log_ble_nus_logs_data_dynamic      0x20002bec   Data           4  ble_nus.o(log_dynamic_data)
    m_nrf_log_clock_logs_data_dynamic        0x20002bf0   Data           4  nrf_drv_clock.o(log_dynamic_data)
    m_nrf_log_CLOCK_logs_data_dynamic        0x20002bf4   Data           4  nrfx_clock.o(log_dynamic_data)
    m_nrf_log_GPIOTE_logs_data_dynamic       0x20002bf8   Data           4  nrfx_gpiote.o(log_dynamic_data)
    m_nrf_log_PRS_logs_data_dynamic          0x20002bfc   Data           4  nrfx_prs.o(log_dynamic_data)
    m_nrf_log_UART_logs_data_dynamic         0x20002c00   Data           4  nrfx_uart.o(log_dynamic_data)
    m_nrf_log_UARTE_logs_data_dynamic        0x20002c04   Data           4  nrfx_uarte.o(log_dynamic_data)
    m_nrf_log_nrf_fstorage_logs_data_dynamic 0x20002c08   Data           4  nrf_fstorage.o(log_dynamic_data)
    m_nrf_log_atfifo_m_fifo_logs_data_dynamic 0x20002c0c   Data           4  nrf_fstorage_sd.o(log_dynamic_data)
    m_nrf_log_pwr_mgmt_logs_data_dynamic     0x20002c10   Data           4  nrf_pwr_mgmt.o(log_dynamic_data)
    m_nrf_log_balloc_log_mempool_logs_data_dynamic 0x20002c14   Data           4  nrf_log_frontend.o(log_dynamic_data)
    m_nrf_log_app_logs_data_dynamic          0x20002c18   Data           4  nrf_log_frontend.o(log_dynamic_data)
    m_nrf_log_nrf_sdh_logs_data_dynamic      0x20002c1c   Data           4  nrf_sdh.o(log_dynamic_data)
    m_nrf_log_nrf_sdh_ble_logs_data_dynamic  0x20002c20   Data           4  nrf_sdh_ble.o(log_dynamic_data)
    m_nrf_log_nrf_sdh_soc_logs_data_dynamic  0x20002c24   Data           4  nrf_sdh_soc.o(log_dynamic_data)
    nrf_nvic_state                           0x20003334   Data          12  app_util_platform.o(.bss)
    _SEGGER_RTT                              0x20003910   Data         120  segger_rtt.o(.bss)
    __initial_sp                             0x20005b98   Data           0  arm_startup_nrf52.o(STACK)



==============================================================================

Memory Map of the image

  Image Entry point : 0x00026201

  Load Region LR_IROM1 (Base: 0x00026000, Size: 0x00006f5c, Max: 0x0005a000, ABSOLUTE, COMPRESSED[0x00006e24])

    Execution Region ER_IROM1 (Base: 0x00026000, Size: 0x00006dcc, Max: 0x0005a000, ABSOLUTE)

    Base Addr    Size         Type   Attr      Idx    E Section Name        Object

    0x00026000   0x00000200   Data   RO         4785    RESET               arm_startup_nrf52.o
    0x00026200   0x00000000   Code   RO         4826  * .ARM.Collect$$$$00000000  mc_w.l(entry.o)
    0x00026200   0x00000004   Code   RO         5133    .ARM.Collect$$$$00000001  mc_w.l(entry2.o)
    0x00026204   0x00000004   Code   RO         5136    .ARM.Collect$$$$00000004  mc_w.l(entry5.o)
    0x00026208   0x00000000   Code   RO         5138    .ARM.Collect$$$$00000008  mc_w.l(entry7b.o)
    0x00026208   0x00000000   Code   RO         5140    .ARM.Collect$$$$0000000A  mc_w.l(entry8b.o)
    0x00026208   0x00000008   Code   RO         5141    .ARM.Collect$$$$0000000B  mc_w.l(entry9a.o)
    0x00026210   0x00000000   Code   RO         5143    .ARM.Collect$$$$0000000D  mc_w.l(entry10a.o)
    0x00026210   0x00000000   Code   RO         5145    .ARM.Collect$$$$0000000F  mc_w.l(entry11a.o)
    0x00026210   0x00000004   Code   RO         5134    .ARM.Collect$$$$00002712  mc_w.l(entry2.o)
    0x00026214   0x000000c8   Code   RO         3095    .emb_text           nrf_atfifo.o
    0x000262dc   0x000000e2   Code   RO         3234    .emb_text           nrf_atomic.o
    0x000263be   0x00000002   PAD
    0x000263c0   0x00000024   Code   RO         4786    .text               arm_startup_nrf52.o
    0x000263e4   0x00000062   Code   RO         4829    .text               mc_w.l(uldiv.o)
    0x00026446   0x0000001e   Code   RO         4831    .text               mc_w.l(llshl.o)
    0x00026464   0x00000008   Code   RO         4833    .text               mc_w.l(ctype_o.o)
    0x0002646c   0x00000024   Code   RO         4861    .text               mc_w.l(memcpya.o)
    0x00026490   0x00000024   Code   RO         4863    .text               mc_w.l(memseta.o)
    0x000264b4   0x0000000e   Code   RO         4865    .text               mc_w.l(strlen.o)
    0x000264c2   0x00000012   Code   RO         4869    .text               mc_w.l(strcpy.o)
    0x000264d4   0x00000020   Code   RO         5149    .text               mc_w.l(llushr.o)
    0x000264f4   0x00000024   Code   RO         5162    .text               mc_w.l(init.o)
    0x00026518   0x00000056   Code   RO         5176    .text               mc_w.l(__dczerorl2.o)
    0x0002656e   0x00000002   PAD
    0x00026570   0x00000164   Code   RO         1744    i.GPIOTE_IRQHandler  nrfx_gpiote.o
    0x000266d4   0x00000016   Code   RO         2726    i.NVIC_ClearPendingIRQ  app_timer.o
    0x000266ea   0x00000016   Code   RO         2727    i.NVIC_EnableIRQ    app_timer.o
    0x00026700   0x00000016   Code   RO         2728    i.NVIC_SetPendingIRQ  app_timer.o
    0x00026716   0x00000020   Code   RO         2729    i.NVIC_SetPriority  app_timer.o
    0x00026736   0x00000002   PAD
    0x00026738   0x00000058   Code   RO         1612    i.POWER_CLOCK_IRQHandler  nrfx_clock.o
    0x00026790   0x00000024   Code   RO         2730    i.RTC1_IRQHandler   app_timer.o
    0x000267b4   0x00000004   Code   RO         4321    i.SEGGER_RTT_Init   segger_rtt.o
    0x000267b8   0x0000005c   Code   RO         4335    i.SEGGER_RTT_WriteNoLock  segger_rtt.o
    0x00026814   0x00000004   Code   RO         2731    i.SWI0_EGU0_IRQHandler  app_timer.o
    0x00026818   0x00000004   Code   RO         4572    i.SWI2_EGU2_IRQHandler  nrf_sdh.o
    0x0002681c   0x0000031c   Code   RO         4794    i.SystemInit        system_nrf52.o
    0x00026b38   0x0000000c   Code   RO         2043    i.UARTE0_UART0_IRQHandler  nrfx_prs.o
    0x00026b44   0x00000068   Code   RO         4339    i._DoInit           segger_rtt.o
    0x00026bac   0x00000016   Code   RO         4340    i._GetAvailWriteSpace  segger_rtt.o
    0x00026bc2   0x0000005a   Code   RO         4342    i._WriteBlocking    segger_rtt.o
    0x00026c1c   0x00000042   Code   RO         4343    i._WriteNoCheck     segger_rtt.o
    0x00026c5e   0x00000002   PAD
    0x00026c60   0x00000010   Code   RO         4874    i.__0printf$bare    mc_w.l(printfb.o)
    0x00026c70   0x0000000e   Code   RO         5170    i.__scatterload_copy  mc_w.l(handlers.o)
    0x00026c7e   0x00000002   Code   RO         5171    i.__scatterload_null  mc_w.l(handlers.o)
    0x00026c80   0x0000000e   Code   RO         5172    i.__scatterload_zeroinit  mc_w.l(handlers.o)
    0x00026c8e   0x00000002   PAD
    0x00026c90   0x00000024   Code   RO         4573    i.__sd_nvic_app_accessible_irq  nrf_sdh.o
    0x00026cb4   0x00000016   Code   RO         4574    i.__sd_nvic_is_app_accessible_priority  nrf_sdh.o
    0x00026cca   0x00000022   Code   RO         4881    i._printf_core      mc_w.l(printfb.o)
    0x00026cec   0x00000036   Code   RO          644    i.advertising_buttons_configure  bsp_btn_ble.o
    0x00026d22   0x00000006   Code   RO          527    i.alert_timer_handler  bsp.o
    0x00026d28   0x00000024   Code   RO         2435    i.app_button_enable  app_button.o
    0x00026d4c   0x00000078   Code   RO         2436    i.app_button_init   app_button.o
    0x00026dc4   0x0000007c   Code   RO         2559    i.app_error_fault_handler  app_error_weak.o
    0x00026e40   0x00000016   Code   RO         2499    i.app_error_handler_bare  app_error.o
    0x00026e56   0x00000016   Code   RO         2603    i.app_fifo_get      app_fifo.o
    0x00026e6c   0x00000020   Code   RO         2604    i.app_fifo_init     app_fifo.o
    0x00026e8c   0x0000001a   Code   RO         2606    i.app_fifo_put      app_fifo.o
    0x00026ea6   0x00000002   PAD
    0x00026ea8   0x00000024   Code   RO         2734    i.app_timer_create  app_timer.o
    0x00026ecc   0x00000054   Code   RO         2735    i.app_timer_init    app_timer.o
    0x00026f20   0x00000088   Code   RO         2738    i.app_timer_start   app_timer.o
    0x00026fa8   0x00000020   Code   RO         2739    i.app_timer_stop    app_timer.o
    0x00026fc8   0x00000034   Code   RO         2901    i.app_uart_get      app_uart_fifo.o
    0x00026ffc   0x000000a4   Code   RO         2902    i.app_uart_init     app_uart_fifo.o
    0x000270a0   0x00000054   Code   RO         2903    i.app_uart_put      app_uart_fifo.o
    0x000270f4   0x00000048   Code   RO         2982    i.app_util_critical_region_enter  app_util_platform.o
    0x0002713c   0x00000034   Code   RO         2983    i.app_util_critical_region_exit  app_util_platform.o
    0x00027170   0x00000088   Code   RO         2094    i.apply_config      nrfx_uart.o
    0x000271f8   0x00000088   Code   RO         2282    i.apply_config      nrfx_uarte.o
    0x00027280   0x00000048   Code   RO         1123    i.blcm_link_ctx_get  ble_link_ctx_manager.o
    0x000272c8   0x00000182   Code   RO          691    i.ble_advdata_encode  ble_advdata.o
    0x0002744a   0x00000020   Code   RO          693    i.ble_advdata_parse  ble_advdata.o
    0x0002746a   0x00000038   Code   RO          694    i.ble_advdata_search  ble_advdata.o
    0x000274a2   0x00000006   Code   RO          797    i.ble_advertising_conn_cfg_tag_set  ble_advertising.o
    0x000274a8   0x000000fa   Code   RO          798    i.ble_advertising_init  ble_advertising.o
    0x000275a2   0x0000006a   Code   RO          800    i.ble_advertising_on_ble_evt  ble_advertising.o
    0x0002760c   0x00000030   Code   RO          801    i.ble_advertising_on_sys_evt  ble_advertising.o
    0x0002763c   0x0000003a   Code   RO          803    i.ble_advertising_restart_without_whitelist  ble_advertising.o
    0x00027676   0x00000236   Code   RO          804    i.ble_advertising_start  ble_advertising.o
    0x000278ac   0x00000068   Code   RO          891    i.ble_conn_params_init  ble_conn_params.o
    0x00027914   0x00000012   Code   RO          966    i.ble_conn_state_conn_idx  ble_conn_state.o
    0x00027926   0x00000002   PAD
    0x00027928   0x00000014   Code   RO          979    i.ble_conn_state_valid  ble_conn_state.o
    0x0002793c   0x00000060   Code   RO          697    i.ble_device_addr_encode  ble_advdata.o
    0x0002799c   0x000000d0   Code   RO            5    i.ble_evt_handler   main.o
    0x00027a6c   0x00000070   Code   RO          645    i.ble_evt_handler   bsp_btn_ble.o
    0x00027adc   0x000000fc   Code   RO          893    i.ble_evt_handler   ble_conn_params.o
    0x00027bd8   0x00000104   Code   RO          980    i.ble_evt_handler   ble_conn_state.o
    0x00027cdc   0x00000066   Code   RO         1352    i.ble_nus_data_send  ble_nus.o
    0x00027d42   0x00000002   PAD
    0x00027d44   0x00000058   Code   RO         1353    i.ble_nus_init      ble_nus.o
    0x00027d9c   0x00000070   Code   RO         1354    i.ble_nus_on_ble_evt  ble_nus.o
    0x00027e0c   0x00000008   Code   RO         1149    i.ble_srv_is_notification_enabled  ble_srv_common.o
    0x00027e14   0x0000000c   Code   RO          394    i.bsp_board_button_idx_to_pin  boards.o
    0x00027e20   0x00000020   Code   RO          395    i.bsp_board_button_state_get  boards.o
    0x00027e40   0x00000054   Code   RO          396    i.bsp_board_init    boards.o
    0x00027e94   0x00000024   Code   RO          398    i.bsp_board_led_invert  boards.o
    0x00027eb8   0x00000010   Code   RO          399    i.bsp_board_led_off  boards.o
    0x00027ec8   0x00000010   Code   RO          400    i.bsp_board_led_on  boards.o
    0x00027ed8   0x00000020   Code   RO          401    i.bsp_board_led_state_get  boards.o
    0x00027ef8   0x00000012   Code   RO          402    i.bsp_board_leds_off  boards.o
    0x00027f0a   0x00000012   Code   RO          403    i.bsp_board_leds_on  boards.o
    0x00027f1c   0x00000024   Code   RO          404    i.bsp_board_pin_to_button_idx  boards.o
    0x00027f40   0x00000038   Code   RO          646    i.bsp_btn_ble_init  bsp_btn_ble.o
    0x00027f78   0x0000001e   Code   RO          647    i.bsp_btn_ble_sleep_mode_prepare  bsp_btn_ble.o
    0x00027f96   0x00000002   PAD
    0x00027f98   0x00000090   Code   RO          528    i.bsp_button_event_handler  bsp.o
    0x00028028   0x0000000c   Code   RO          529    i.bsp_button_is_pressed  bsp.o
    0x00028034   0x0000004c   Code   RO            6    i.bsp_event_handler  main.o
    0x00028080   0x00000044   Code   RO          532    i.bsp_event_to_button_action_assign  bsp.o
    0x000280c4   0x00000018   Code   RO          533    i.bsp_indication_set  bsp.o
    0x000280dc   0x00000094   Code   RO          534    i.bsp_init          bsp.o
    0x00028170   0x000001b8   Code   RO          535    i.bsp_led_indication  bsp.o
    0x00028328   0x00000006   Code   RO          537    i.bsp_wakeup_button_enable  bsp.o
    0x0002832e   0x00000002   PAD
    0x00028330   0x00000090   Code   RO         4075    i.buf_prealloc      nrf_log_frontend.o
    0x000283c0   0x0000001e   Code   RO         3446    i.buffer_add        nrf_fprintf_format.o
    0x000283de   0x00000002   PAD
    0x000283e0   0x00000014   Code   RO         4076    i.buffer_is_empty   nrf_log_frontend.o
    0x000283f4   0x00000008   Code   RO          538    i.button_timer_handler  bsp.o
    0x000283fc   0x0000001c   Code   RO         1745    i.channel_free      nrfx_gpiote.o
    0x00028418   0x00000048   Code   RO         1746    i.channel_port_alloc  nrfx_gpiote.o
    0x00028460   0x00000010   Code   RO         1747    i.channel_port_get  nrfx_gpiote.o
    0x00028470   0x00000028   Code   RO         1417    i.clock_clk_started_notify  nrf_drv_clock.o
    0x00028498   0x0000001c   Code   RO         1418    i.clock_irq_handler  nrf_drv_clock.o
    0x000284b4   0x000000ac   Code   RO         2741    i.compare_reg_update  app_timer.o
    0x00028560   0x0000003e   Code   RO          981    i.conn_handle_list_get  ble_conn_state.o
    0x0002859e   0x00000088   Code   RO          698    i.conn_int_encode   ble_advdata.o
    0x00028626   0x00000004   Code   RO            7    i.conn_params_error_handler  main.o
    0x0002862a   0x00000002   PAD
    0x0002862c   0x00000048   Code   RO          894    i.conn_params_negotiation  ble_conn_params.o
    0x00028674   0x000000bc   Code   RO         1209    i.data_length_update  nrf_ble_gatt.o
    0x00028730   0x00000098   Code   RO         2438    i.detection_delay_timeout_handler  app_button.o
    0x000287c8   0x00000014   Code   RO         4078    i.dropped_sat16_get  nrf_log_frontend.o
    0x000287dc   0x00000040   Code   RO         2742    i.elapsed_ticks_acquire  app_timer.o
    0x0002881c   0x00000054   Code   RO         3571    i.event_send        nrf_fstorage_sd.o
    0x00028870   0x00000014   Code   RO         2609    i.fifo_get          app_fifo.o
    0x00028884   0x00000012   Code   RO         2610    i.fifo_put          app_fifo.o
    0x00028896   0x00000028   Code   RO          806    i.flags_set         ble_advertising.o
    0x000288be   0x0000000e   Code   RO         3902    i.fputc             retarget.o
    0x000288cc   0x00000054   Code   RO            8    i.gatt_evt_handler  main.o
    0x00028920   0x00000030   Code   RO            9    i.gatt_init         main.o
    0x00028950   0x00000084   Code   RO         2439    i.gpiote_event_handler  app_button.o
    0x000289d4   0x00000014   Code   RO          895    i.instance_get      ble_conn_params.o
    0x000289e8   0x000000a6   Code   RO         3447    i.int_print         nrf_fprintf_format.o
    0x00028a8e   0x00000002   PAD
    0x00028a90   0x00000080   Code   RO         2283    i.interrupts_enable  nrfx_uarte.o
    0x00028b10   0x0000004c   Code   RO         4079    i.invalid_packets_pushed_str_omit  nrf_log_frontend.o
    0x00028b5c   0x00000044   Code   RO          896    i.is_conn_params_ok  ble_conn_params.o
    0x00028ba0   0x00000030   Code   RO          539    i.leds_off          bsp.o
    0x00028bd0   0x00000014   Code   RO          540    i.leds_timer_handler  bsp.o
    0x00028be4   0x00000018   Code   RO         1210    i.link_init         nrf_ble_gatt.o
    0x00028bfc   0x000000f8   Code   RO         2743    i.list_insertions_handler  app_timer.o
    0x00028cf4   0x0000009c   Code   RO         4080    i.log_skip          nrf_log_frontend.o
    0x00028d90   0x00000240   Code   RO           10    i.main              main.o
    0x00028fd0   0x00000064   Code   RO          699    i.manuf_specific_data_encode  ble_advdata.o
    0x00029034   0x00000076   Code   RO         3685    i.memobj_op         nrf_memobj.o
    0x000290aa   0x00000002   PAD
    0x000290ac   0x00000030   Code   RO         4081    i.module_idx_get    nrf_log_frontend.o
    0x000290dc   0x0000009c   Code   RO          700    i.name_encode       ble_advdata.o
    0x00029178   0x00000016   Code   RO         3101    i.nrf_atfifo_item_free  nrf_atfifo.o
    0x0002918e   0x00000016   Code   RO         3102    i.nrf_atfifo_item_get  nrf_atfifo.o
    0x000291a4   0x00000016   Code   RO         3168    i.nrf_atflags_clear  nrf_atflags.o
    0x000291ba   0x00000016   Code   RO         3173    i.nrf_atflags_get   nrf_atflags.o
    0x000291d0   0x00000014   Code   RO         3175    i.nrf_atflags_set   nrf_atflags.o
    0x000291e4   0x00000006   Code   RO         3236    i.nrf_atomic_flag_clear_fetch  nrf_atomic.o
    0x000291ea   0x00000006   Code   RO         3237    i.nrf_atomic_flag_set  nrf_atomic.o
    0x000291f0   0x0000000c   Code   RO         3239    i.nrf_atomic_u32_add  nrf_atomic.o
    0x000291fc   0x0000000c   Code   RO         3240    i.nrf_atomic_u32_and  nrf_atomic.o
    0x00029208   0x0000000a   Code   RO         3243    i.nrf_atomic_u32_fetch_and  nrf_atomic.o
    0x00029212   0x0000000a   Code   RO         3245    i.nrf_atomic_u32_fetch_store  nrf_atomic.o
    0x0002921c   0x0000000c   Code   RO         3249    i.nrf_atomic_u32_or  nrf_atomic.o
    0x00029228   0x0000000c   Code   RO         3251    i.nrf_atomic_u32_sub  nrf_atomic.o
    0x00029234   0x00000044   Code   RO         3370    i.nrf_balloc_alloc  nrf_balloc.o
    0x00029278   0x00000030   Code   RO         3371    i.nrf_balloc_free   nrf_balloc.o
    0x000292a8   0x00000030   Code   RO         3372    i.nrf_balloc_init   nrf_balloc.o
    0x000292d8   0x00000010   Code   RO         1748    i.nrf_bitmask_bit_is_set  nrfx_gpiote.o
    0x000292e8   0x00000014   Code   RO         1749    i.nrf_bitmask_bit_set  nrfx_gpiote.o
    0x000292fc   0x00000018   Code   RO         1212    i.nrf_ble_gatt_att_mtu_periph_set  nrf_ble_gatt.o
    0x00029314   0x00000022   Code   RO         1216    i.nrf_ble_gatt_init  nrf_ble_gatt.o
    0x00029336   0x00000002   PAD
    0x00029338   0x00000148   Code   RO         1217    i.nrf_ble_gatt_on_ble_evt  nrf_ble_gatt.o
    0x00029480   0x00000016   Code   RO         1311    i.nrf_ble_qwr_conn_handle_assign  nrf_ble_qwr.o
    0x00029496   0x00000024   Code   RO         1312    i.nrf_ble_qwr_init  nrf_ble_qwr.o
    0x000294ba   0x000000b6   Code   RO         1313    i.nrf_ble_qwr_on_ble_evt  nrf_ble_qwr.o
    0x00029570   0x0000000e   Code   RO         1613    i.nrf_clock_event_check  nrfx_clock.o
    0x0002957e   0x00000010   Code   RO         1614    i.nrf_clock_event_clear  nrfx_clock.o
    0x0002958e   0x00000002   PAD
    0x00029590   0x00000038   Code   RO         1425    i.nrf_drv_clock_init  nrf_drv_clock.o
    0x000295c8   0x00000030   Code   RO         1429    i.nrf_drv_clock_lfclk_release  nrf_drv_clock.o
    0x000295f8   0x00000068   Code   RO         1560    i.nrf_drv_uart_init  nrf_drv_uart.o
    0x00029660   0x00000020   Code   RO         2904    i.nrf_drv_uart_rx   app_uart_fifo.o
    0x00029680   0x00000020   Code   RO         2905    i.nrf_drv_uart_tx   app_uart_fifo.o
    0x000296a0   0x0000001a   Code   RO         3407    i.nrf_fprintf       nrf_fprintf.o
    0x000296ba   0x00000018   Code   RO         3408    i.nrf_fprintf_buffer_flush  nrf_fprintf.o
    0x000296d2   0x000001da   Code   RO         3448    i.nrf_fprintf_fmt   nrf_fprintf_format.o
    0x000298ac   0x00000050   Code   RO         3490    i.nrf_fstorage_is_busy  nrf_fstorage.o
    0x000298fc   0x00000018   Code   RO         3574    i.nrf_fstorage_sdh_req_handler  nrf_fstorage_sd.o
    0x00029914   0x00000020   Code   RO         3575    i.nrf_fstorage_sdh_state_handler  nrf_fstorage_sd.o
    0x00029934   0x000000a4   Code   RO         3576    i.nrf_fstorage_sys_evt_handler  nrf_fstorage_sd.o
    0x000299d8   0x00000024   Code   RO          406    i.nrf_gpio_cfg      boards.o
    0x000299fc   0x00000024   Code   RO         1750    i.nrf_gpio_cfg      nrfx_gpiote.o
    0x00029a20   0x00000024   Code   RO         2095    i.nrf_gpio_cfg      nrfx_uart.o
    0x00029a44   0x00000024   Code   RO         2284    i.nrf_gpio_cfg      nrfx_uarte.o
    0x00029a68   0x00000012   Code   RO         2097    i.nrf_gpio_cfg_input  nrfx_uart.o
    0x00029a7a   0x00000012   Code   RO         2286    i.nrf_gpio_cfg_input  nrfx_uarte.o
    0x00029a8c   0x00000014   Code   RO         2098    i.nrf_gpio_cfg_output  nrfx_uart.o
    0x00029aa0   0x00000014   Code   RO         2287    i.nrf_gpio_cfg_output  nrfx_uarte.o
    0x00029ab4   0x00000022   Code   RO         1752    i.nrf_gpio_cfg_sense_set  nrfx_gpiote.o
    0x00029ad6   0x00000016   Code   RO          407    i.nrf_gpio_pin_write  boards.o
    0x00029aec   0x00000028   Code   RO         1753    i.nrf_gpio_ports_read  nrfx_gpiote.o
    0x00029b14   0x00000014   Code   RO         1754    i.nrf_gpiote_event_clear  nrfx_gpiote.o
    0x00029b28   0x00000010   Code   RO         1755    i.nrf_gpiote_event_is_set  nrfx_gpiote.o
    0x00029b38   0x00000050   Code   RO         4082    i.nrf_log_backend_add  nrf_log_frontend.o
    0x00029b88   0x00000002   Code   RO         3939    i.nrf_log_backend_rtt_flush  nrf_log_backend_rtt.o
    0x00029b8a   0x00000004   Code   RO         3940    i.nrf_log_backend_rtt_init  nrf_log_backend_rtt.o
    0x00029b8e   0x00000002   Code   RO         3941    i.nrf_log_backend_rtt_panic_set  nrf_log_backend_rtt.o
    0x00029b90   0x00000018   Code   RO         3942    i.nrf_log_backend_rtt_put  nrf_log_backend_rtt.o
    0x00029ba8   0x000000c8   Code   RO         4008    i.nrf_log_backend_serial_put  nrf_log_backend_serial.o
    0x00029c70   0x00000030   Code   RO         4084    i.nrf_log_color_id_get  nrf_log_frontend.o
    0x00029ca0   0x0000001c   Code   RO         4042    i.nrf_log_default_backends_init  nrf_log_default_backends.o
    0x00029cbc   0x00000220   Code   RO         4085    i.nrf_log_frontend_dequeue  nrf_log_frontend.o
    0x00029edc   0x00000008   Code   RO         4087    i.nrf_log_frontend_std_0  nrf_log_frontend.o
    0x00029ee4   0x0000000e   Code   RO         4088    i.nrf_log_frontend_std_1  nrf_log_frontend.o
    0x00029ef2   0x00000010   Code   RO         4089    i.nrf_log_frontend_std_2  nrf_log_frontend.o
    0x00029f02   0x00000002   PAD
    0x00029f04   0x000000ac   Code   RO         4262    i.nrf_log_hexdump_entry_process  nrf_log_str_formatter.o
    0x00029fb0   0x00000058   Code   RO         4094    i.nrf_log_init      nrf_log_frontend.o
    0x0002a008   0x00000014   Code   RO         4095    i.nrf_log_module_cnt_get  nrf_log_frontend.o
    0x0002a01c   0x0000001c   Code   RO         4098    i.nrf_log_module_name_get  nrf_log_frontend.o
    0x0002a038   0x00000028   Code   RO         4099    i.nrf_log_panic     nrf_log_frontend.o
    0x0002a060   0x000000b6   Code   RO         4263    i.nrf_log_std_entry_process  nrf_log_str_formatter.o
    0x0002a116   0x00000060   Code   RO         3686    i.nrf_memobj_alloc  nrf_memobj.o
    0x0002a176   0x00000032   Code   RO         3687    i.nrf_memobj_free   nrf_memobj.o
    0x0002a1a8   0x00000008   Code   RO         3688    i.nrf_memobj_get    nrf_memobj.o
    0x0002a1b0   0x00000004   Code   RO         3689    i.nrf_memobj_pool_init  nrf_memobj.o
    0x0002a1b4   0x0000001e   Code   RO         3690    i.nrf_memobj_put    nrf_memobj.o
    0x0002a1d2   0x0000000c   Code   RO         3691    i.nrf_memobj_read   nrf_memobj.o
    0x0002a1de   0x0000000c   Code   RO         3692    i.nrf_memobj_write  nrf_memobj.o
    0x0002a1ea   0x00000002   PAD
    0x0002a1ec   0x00000028   Code   RO         3764    i.nrf_pwr_mgmt_init  nrf_pwr_mgmt.o
    0x0002a214   0x00000044   Code   RO         3765    i.nrf_pwr_mgmt_run  nrf_pwr_mgmt.o
    0x0002a258   0x00000004   Code   RO           11    i.nrf_qwr_error_handler  main.o
    0x0002a25c   0x00000014   Code   RO         4703    i.nrf_sdh_ble_app_ram_start_get  nrf_sdh_ble.o
    0x0002a270   0x00000154   Code   RO         4704    i.nrf_sdh_ble_default_cfg_set  nrf_sdh_ble.o
    0x0002a3c4   0x0000012c   Code   RO         4705    i.nrf_sdh_ble_enable  nrf_sdh_ble.o
    0x0002a4f0   0x00000060   Code   RO         4706    i.nrf_sdh_ble_evts_poll  nrf_sdh_ble.o
    0x0002a550   0x00000054   Code   RO         4575    i.nrf_sdh_disable_request  nrf_sdh.o
    0x0002a5a4   0x00000090   Code   RO         4576    i.nrf_sdh_enable_request  nrf_sdh.o
    0x0002a634   0x00000024   Code   RO         4577    i.nrf_sdh_evts_poll  nrf_sdh.o
    0x0002a658   0x0000000c   Code   RO         4578    i.nrf_sdh_is_enabled  nrf_sdh.o
    0x0002a664   0x0000001c   Code   RO         4580    i.nrf_sdh_request_continue  nrf_sdh.o
    0x0002a680   0x0000003c   Code   RO         4754    i.nrf_sdh_soc_evts_poll  nrf_sdh_soc.o
    0x0002a6bc   0x0000000a   Code   RO         3833    i.nrf_section_iter_init  nrf_section_iter.o
    0x0002a6c6   0x00000024   Code   RO         3834    i.nrf_section_iter_item_set  nrf_section_iter.o
    0x0002a6ea   0x00000020   Code   RO         3835    i.nrf_section_iter_next  nrf_section_iter.o
    0x0002a70a   0x00000002   PAD
    0x0002a70c   0x00000038   Code   RO         3868    i.nrf_strerror_find  nrf_strerror.o
    0x0002a744   0x00000014   Code   RO         3869    i.nrf_strerror_get  nrf_strerror.o
    0x0002a758   0x0000000a   Code   RO         2099    i.nrf_uart_event_check  nrfx_uart.o
    0x0002a762   0x0000000c   Code   RO         2100    i.nrf_uart_event_clear  nrfx_uart.o
    0x0002a76e   0x0000000c   Code   RO         2101    i.nrf_uart_int_enable_check  nrfx_uart.o
    0x0002a77a   0x0000000a   Code   RO         2288    i.nrf_uarte_event_check  nrfx_uarte.o
    0x0002a784   0x0000000c   Code   RO         2289    i.nrf_uarte_event_clear  nrfx_uarte.o
    0x0002a790   0x0000002c   Code   RO         1619    i.nrfx_clock_enable  nrfx_clock.o
    0x0002a7bc   0x00000020   Code   RO         1622    i.nrfx_clock_init   nrfx_clock.o
    0x0002a7dc   0x0000001c   Code   RO         1625    i.nrfx_clock_lfclk_stop  nrfx_clock.o
    0x0002a7f8   0x00000010   Code   RO         2744    i.nrfx_coredep_delay_us  app_timer.o
    0x0002a808   0x000000a4   Code   RO         1760    i.nrfx_gpiote_in_event_enable  nrfx_gpiote.o
    0x0002a8ac   0x000000d0   Code   RO         1761    i.nrfx_gpiote_in_init  nrfx_gpiote.o
    0x0002a97c   0x00000014   Code   RO         1762    i.nrfx_gpiote_in_is_set  nrfx_gpiote.o
    0x0002a990   0x00000070   Code   RO         1764    i.nrfx_gpiote_init  nrfx_gpiote.o
    0x0002aa00   0x00000014   Code   RO         1765    i.nrfx_gpiote_is_init  nrfx_gpiote.o
    0x0002aa14   0x00000010   Code   RO         2290    i.nrfx_is_in_ram    nrfx_uarte.o
    0x0002aa24   0x0000003a   Code   RO         2044    i.nrfx_prs_acquire  nrfx_prs.o
    0x0002aa5e   0x00000002   PAD
    0x0002aa60   0x00000010   Code   RO         2102    i.nrfx_uart_0_irq_handler  nrfx_uart.o
    0x0002aa70   0x000000d4   Code   RO         2104    i.nrfx_uart_init    nrfx_uart.o
    0x0002ab44   0x000000ec   Code   RO         2105    i.nrfx_uart_rx      nrfx_uart.o
    0x0002ac30   0x000000a4   Code   RO         2110    i.nrfx_uart_tx      nrfx_uart.o
    0x0002acd4   0x00000020   Code   RO         2112    i.nrfx_uart_tx_in_progress  nrfx_uart.o
    0x0002acf4   0x00000010   Code   RO         2291    i.nrfx_uarte_0_irq_handler  nrfx_uarte.o
    0x0002ad04   0x0000006c   Code   RO         2293    i.nrfx_uarte_init   nrfx_uarte.o
    0x0002ad70   0x00000104   Code   RO         2294    i.nrfx_uarte_rx     nrfx_uarte.o
    0x0002ae74   0x00000090   Code   RO         2297    i.nrfx_uarte_tx     nrfx_uarte.o
    0x0002af04   0x0000001c   Code   RO         2299    i.nrfx_uarte_tx_in_progress  nrfx_uarte.o
    0x0002af20   0x00000090   Code   RO           12    i.nus_data_handler  main.o
    0x0002afb0   0x00000024   Code   RO           13    i.on_adv_evt        main.o
    0x0002afd4   0x0000001c   Code   RO           14    i.on_conn_params_evt  main.o
    0x0002aff0   0x0000006a   Code   RO         1355    i.on_connect        ble_nus.o
    0x0002b05a   0x00000002   PAD
    0x0002b05c   0x000000a0   Code   RO         1218    i.on_connected_evt  nrf_ble_gatt.o
    0x0002b0fc   0x000000a4   Code   RO         1219    i.on_exchange_mtu_request_evt  nrf_ble_gatt.o
    0x0002b1a0   0x00000084   Code   RO         1356    i.on_write          ble_nus.o
    0x0002b224   0x00000012   Code   RO          807    i.phy_is_valid      ble_advertising.o
    0x0002b236   0x00000002   PAD
    0x0002b238   0x00000018   Code   RO         1781    i.pin_in_use_by_port  nrfx_gpiote.o
    0x0002b250   0x00000018   Code   RO         1782    i.pin_in_use_by_te  nrfx_gpiote.o
    0x0002b268   0x0000003c   Code   RO         4265    i.postfix_process   nrf_log_str_formatter.o
    0x0002b2a4   0x00000098   Code   RO         4266    i.prefix_process    nrf_log_str_formatter.o
    0x0002b33c   0x00000018   Code   RO         2046    i.prs_box_get       nrfx_prs.o
    0x0002b354   0x00000014   Code   RO         3577    i.queue_free        nrf_fstorage_sd.o
    0x0002b368   0x000000a0   Code   RO         3578    i.queue_process     nrf_fstorage_sd.o
    0x0002b408   0x0000003c   Code   RO         2745    i.rtc1_stop         app_timer.o
    0x0002b444   0x00000032   Code   RO         2114    i.rx_byte           nrfx_uart.o
    0x0002b476   0x000000a2   Code   RO         1357    i.rx_char_add       ble_nus.o
    0x0002b518   0x00000016   Code   RO         2115    i.rx_done_event     nrfx_uart.o
    0x0002b52e   0x00000018   Code   RO         2301    i.rx_done_event     nrfx_uarte.o
    0x0002b546   0x00000020   Code   RO         2116    i.rx_enable         nrfx_uart.o
    0x0002b566   0x00000042   Code   RO         4583    i.sd_nvic_SetPriority  nrf_sdh.o
    0x0002b5a8   0x00000050   Code   RO         1432    i.sd_state_evt_handler  nrf_drv_clock.o
    0x0002b5f8   0x00000030   Code   RO         4584    i.sdh_request_observer_notify  nrf_sdh.o
    0x0002b628   0x0000002c   Code   RO         4585    i.sdh_state_observer_notify  nrf_sdh.o
    0x0002b654   0x00000010   Code   RO          897    i.send_error_evt    ble_conn_params.o
    0x0002b664   0x00000050   Code   RO         3943    i.serial_tx         nrf_log_backend_rtt.o
    0x0002b6b4   0x00000088   Code   RO          701    i.service_data_encode  ble_advdata.o
    0x0002b73c   0x00000028   Code   RO           15    i.sleep_mode_enter  main.o
    0x0002b764   0x00000018   Code   RO         1433    i.soc_evt_handler   nrf_drv_clock.o
    0x0002b77c   0x00000038   Code   RO         4586    i.softdevice_evt_irq_disable  nrf_sdh.o
    0x0002b7b4   0x00000050   Code   RO         4587    i.softdevices_evt_irq_enable  nrf_sdh.o
    0x0002b804   0x0000008c   Code   RO         4101    i.std_n             nrf_log_frontend.o
    0x0002b890   0x00000080   Code   RO         2746    i.timer_list_handler  app_timer.o
    0x0002b910   0x0000003c   Code   RO         2747    i.timer_list_insert  app_timer.o
    0x0002b94c   0x00000060   Code   RO         2748    i.timer_list_remove  app_timer.o
    0x0002b9ac   0x00000048   Code   RO         2749    i.timer_stop_op_schedule  app_timer.o
    0x0002b9f4   0x00000074   Code   RO         2750    i.timer_timeouts_check  app_timer.o
    0x0002ba68   0x00000020   Code   RO         2117    i.tx_byte           nrfx_uart.o
    0x0002ba88   0x000000da   Code   RO         1358    i.tx_char_add       ble_nus.o
    0x0002bb62   0x0000001a   Code   RO         2118    i.tx_done_event     nrfx_uart.o
    0x0002bb7c   0x00000070   Code   RO           16    i.uart_event_handle  main.o
    0x0002bbec   0x000000a0   Code   RO         2906    i.uart_event_handler  app_uart_fifo.o
    0x0002bc8c   0x00000030   Code   RO         1561    i.uart_evt_handler  nrf_drv_uart.o
    0x0002bcbc   0x00000128   Code   RO         2119    i.uart_irq_handler  nrfx_uart.o
    0x0002bde4   0x00000030   Code   RO         1562    i.uarte_evt_handler  nrf_drv_uart.o
    0x0002be14   0x000000f4   Code   RO         2302    i.uarte_irq_handler  nrfx_uarte.o
    0x0002bf08   0x0000000a   Code   RO          702    i.uint16_encode     ble_advdata.o
    0x0002bf12   0x00000002   PAD
    0x0002bf14   0x000000b4   Code   RO         3449    i.unsigned_print    nrf_fprintf_format.o
    0x0002bfc8   0x00000068   Code   RO          898    i.update_timeout_handler  ble_conn_params.o
    0x0002c030   0x00000018   Code   RO          808    i.use_whitelist     ble_advertising.o
    0x0002c048   0x00000024   Code   RO         1314    i.user_mem_reply    nrf_ble_qwr.o
    0x0002c06c   0x00000030   Code   RO         2751    i.user_op_alloc     app_timer.o
    0x0002c09c   0x00000030   Code   RO          703    i.uuid_list_encode  ble_advdata.o
    0x0002c0cc   0x0000009e   Code   RO          704    i.uuid_list_sized_encode  ble_advdata.o
    0x0002c16a   0x0000003a   Code   RO          541    i.wakeup_button_cfg  bsp.o
    0x0002c1a4   0x00000018   Data   RO           18    .constdata          main.o
    0x0002c1bc   0x00000008   Data   RO          408    .constdata          boards.o
    0x0002c1c4   0x0000002c   Data   RO          546    .constdata          bsp.o
    0x0002c1f0   0x00000016   Data   RO         1220    .constdata          nrf_ble_gatt.o
    0x0002c206   0x00000002   PAD
    0x0002c208   0x00000010   Data   RO         1359    .constdata          ble_nus.o
    0x0002c218   0x00000004   Data   RO         1784    .constdata          nrfx_gpiote.o
    0x0002c21c   0x00000004   Data   RO         2122    .constdata          nrfx_uart.o
    0x0002c220   0x00000004   Data   RO         2305    .constdata          nrfx_uarte.o
    0x0002c224   0x00000008   Data   RO         2441    .constdata          app_button.o
    0x0002c22c   0x00000004   PAD
    0x0002c230   0x00000006   Data   RO         2753    .constdata          app_timer.o
    0x0002c236   0x00000002   PAD
    0x0002c238   0x00000020   Data   RO         2908    .constdata          app_uart_fifo.o
    0x0002c258   0x00000010   Data   RO         3450    .constdata          nrf_fprintf_format.o
    0x0002c268   0x00000010   Data   RO         3586    .constdata          nrf_fstorage_sd.o
    0x0002c278   0x00000018   Data   RO         3769    .constdata          nrf_pwr_mgmt.o
    0x0002c290   0x0000000c   Data   RO         3770    .constdata          nrf_pwr_mgmt.o
    0x0002c29c   0x0000013c   Data   RO         3870    .constdata          nrf_strerror.o
    0x0002c3d8   0x0000000c   Data   RO         3945    .constdata          nrf_log_backend_rtt.o
    0x0002c3e4   0x0000000c   PAD
    0x0002c3f0   0x00000006   Data   RO         3946    .constdata          nrf_log_backend_rtt.o
    0x0002c3f6   0x00000002   PAD
    0x0002c3f8   0x00000010   Data   RO         4588    .constdata          nrf_sdh.o
    0x0002c408   0x00000028   Data   RO         4589    .constdata          nrf_sdh.o
    0x0002c430   0x00000010   Data   RO         4590    .constdata          nrf_sdh.o
    0x0002c440   0x00000010   Data   RO         4591    .constdata          nrf_sdh.o
    0x0002c450   0x00000020   Data   RO         4707    .constdata          nrf_sdh_ble.o
    0x0002c470   0x00000010   Data   RO         4708    .constdata          nrf_sdh_ble.o
    0x0002c480   0x00000010   Data   RO         4755    .constdata          nrf_sdh_soc.o
    0x0002c490   0x0000000c   Data   RO         4756    .constdata          nrf_sdh_soc.o
    0x0002c49c   0x00000081   Data   RO         4834    .constdata          mc_w.l(ctype_o.o)
    0x0002c51d   0x00000003   PAD
    0x0002c520   0x00000004   Data   RO         4835    .constdata          mc_w.l(ctype_o.o)
    0x0002c524   0x000000a2   Data   RO         1221    .conststring        nrf_ble_gatt.o
    0x0002c5c6   0x00000002   PAD
    0x0002c5c8   0x000003eb   Data   RO         3871    .conststring        nrf_strerror.o
    0x0002c9b3   0x00000001   PAD
    0x0002c9b4   0x00000066   Data   RO         4267    .conststring        nrf_log_str_formatter.o
    0x0002ca1a   0x00000002   PAD
    0x0002ca1c   0x000001cf   Data   RO         4709    .conststring        nrf_sdh_ble.o
    0x0002cbeb   0x00000001   PAD
    0x0002cbec   0x0000000d   Data   RO         1222    .conststrlit        nrf_ble_gatt.o
    0x0002cbf9   0x00000003   PAD
    0x0002cbfc   0x00000008   Data   RO         1360    .conststrlit        ble_nus.o
    0x0002cc04   0x00000006   Data   RO         1439    .conststrlit        nrf_drv_clock.o
    0x0002cc0a   0x00000002   PAD
    0x0002cc0c   0x00000006   Data   RO         1629    .conststrlit        nrfx_clock.o
    0x0002cc12   0x00000002   PAD
    0x0002cc14   0x00000007   Data   RO         1788    .conststrlit        nrfx_gpiote.o
    0x0002cc1b   0x00000001   PAD
    0x0002cc1c   0x00000004   Data   RO         2048    .conststrlit        nrfx_prs.o
    0x0002cc20   0x00000005   Data   RO         2125    .conststrlit        nrfx_uart.o
    0x0002cc25   0x00000003   PAD
    0x0002cc28   0x00000006   Data   RO         2308    .conststrlit        nrfx_uarte.o
    0x0002cc2e   0x00000002   PAD
    0x0002cc30   0x0000000d   Data   RO         3498    .conststrlit        nrf_fstorage.o
    0x0002cc3d   0x00000003   PAD
    0x0002cc40   0x0000000e   Data   RO         3588    .conststrlit        nrf_fstorage_sd.o
    0x0002cc4e   0x00000002   PAD
    0x0002cc50   0x00000009   Data   RO         3771    .conststrlit        nrf_pwr_mgmt.o
    0x0002cc59   0x00000003   PAD
    0x0002cc5c   0x00000018   Data   RO         4104    .conststrlit        nrf_log_frontend.o
    0x0002cc74   0x00000008   Data   RO         4592    .conststrlit        nrf_sdh.o
    0x0002cc7c   0x0000000c   Data   RO         4710    .conststrlit        nrf_sdh_ble.o
    0x0002cc88   0x0000000c   Data   RO         4757    .conststrlit        nrf_sdh_soc.o
    0x0002cc94   0x00000020   Data   RO         5168    Region$$Table       anon$$obj.o
    0x0002ccb4   0x00000008   Data   RO         1223    log_const_data      nrf_ble_gatt.o
    0x0002ccbc   0x00000008   Data   RO         1361    log_const_data      ble_nus.o
    0x0002ccc4   0x00000008   Data   RO         1440    log_const_data      nrf_drv_clock.o
    0x0002cccc   0x00000008   Data   RO         1631    log_const_data      nrfx_clock.o
    0x0002ccd4   0x00000008   Data   RO         1789    log_const_data      nrfx_gpiote.o
    0x0002ccdc   0x00000008   Data   RO         2050    log_const_data      nrfx_prs.o
    0x0002cce4   0x00000008   Data   RO         2126    log_const_data      nrfx_uart.o
    0x0002ccec   0x00000008   Data   RO         2309    log_const_data      nrfx_uarte.o
    0x0002ccf4   0x00000008   Data   RO         3499    log_const_data      nrf_fstorage.o
    0x0002ccfc   0x00000008   Data   RO         3591    log_const_data      nrf_fstorage_sd.o
    0x0002cd04   0x00000008   Data   RO         3773    log_const_data      nrf_pwr_mgmt.o
    0x0002cd0c   0x00000010   Data   RO         4107    log_const_data      nrf_log_frontend.o
    0x0002cd1c   0x00000008   Data   RO         4594    log_const_data      nrf_sdh.o
    0x0002cd24   0x00000008   Data   RO         4712    log_const_data      nrf_sdh_ble.o
    0x0002cd2c   0x00000008   Data   RO         4758    log_const_data      nrf_sdh_soc.o
    0x0002cd34   0x00000018   Data   RO         4109    nrf_balloc          nrf_log_frontend.o
    0x0002cd4c   0x00000008   Data   RO          985    sdh_ble_observers0  ble_conn_state.o
    0x0002cd54   0x00000010   Data   RO           22    sdh_ble_observers1  main.o
    0x0002cd64   0x00000008   Data   RO          649    sdh_ble_observers1  bsp_btn_ble.o
    0x0002cd6c   0x00000008   Data   RO          901    sdh_ble_observers1  ble_conn_params.o
    0x0002cd74   0x00000010   Data   RO           23    sdh_ble_observers2  main.o
    0x0002cd84   0x00000008   Data   RO           24    sdh_ble_observers3  main.o
    0x0002cd8c   0x00000008   Data   RO         3593    sdh_req_observers0  nrf_fstorage_sd.o
    0x0002cd94   0x00000008   Data   RO         1442    sdh_soc_observers0  nrf_drv_clock.o
    0x0002cd9c   0x00000008   Data   RO         3594    sdh_soc_observers0  nrf_fstorage_sd.o
    0x0002cda4   0x00000008   Data   RO           25    sdh_soc_observers1  main.o
    0x0002cdac   0x00000008   Data   RO         4714    sdh_stack_observers0  nrf_sdh_ble.o
    0x0002cdb4   0x00000008   Data   RO         4760    sdh_stack_observers0  nrf_sdh_soc.o
    0x0002cdbc   0x00000008   Data   RO         1443    sdh_state_observers0  nrf_drv_clock.o
    0x0002cdc4   0x00000008   Data   RO         3595    sdh_state_observers0  nrf_fstorage_sd.o


    Execution Region RW_IRAM1 (Base: 0x20002a98, Size: 0x00003100, Max: 0x0000d568, ABSOLUTE, COMPRESSED[0x00000058])

    Base Addr    Size         Type   Attr      Idx    E Section Name        Object

    0x20002a98   0x00000008   Data   RW           19    .data               main.o
    0x20002aa0   0x00000028   Data   RW           20    .data               main.o
    0x20002ac8   0x00000004   Data   RW           21    .data               main.o
    0x20002acc   0x00000010   Data   RW          547    .data               bsp.o
    0x20002adc   0x00000008   Data   RW          648    .data               bsp_btn_ble.o
    0x20002ae4   0x00000008   Data   RW          900    .data               ble_conn_params.o
    0x20002aec   0x0000000c   Data   RW         1563    .data               nrf_drv_uart.o
    0x20002af8   0x00000008   Data   RW         1630    .data               nrfx_clock.o
    0x20002b00   0x00000008   Data   RW         2049    .data               nrfx_prs.o
    0x20002b08   0x00000020   Data   RW         2442    .data               app_button.o
    0x20002b28   0x00000014   Data   RW         2754    .data               app_timer.o
    0x20002b3c   0x0000001c   Data   RW         2909    .data               app_uart_fifo.o
    0x20002b58   0x00000014   Data   RW         3589    .data               nrf_fstorage_sd.o
    0x20002b6c   0x00000008   Data   RW         3590    .data               nrf_fstorage_sd.o
    0x20002b74   0x00000008   Data   RW         3772    .data               nrf_pwr_mgmt.o
    0x20002b7c   0x00000004   Data   RW         3903    .data               retarget.o
    0x20002b80   0x00000001   Data   RW         3947    .data               nrf_log_backend_rtt.o
    0x20002b81   0x00000003   PAD
    0x20002b84   0x0000000c   Data   RW         4043    .data               nrf_log_default_backends.o
    0x20002b90   0x00000008   Data   RW         4105    .data               nrf_log_frontend.o
    0x20002b98   0x00000008   Data   RW         4106    .data               nrf_log_frontend.o
    0x20002ba0   0x00000040   Data   RW         4268    .data               nrf_log_str_formatter.o
    0x20002be0   0x00000003   Data   RW         4593    .data               nrf_sdh.o
    0x20002be3   0x00000001   Data   RW         4711    .data               nrf_sdh_ble.o
    0x20002be4   0x00000004   Data   RW         4795    .data               system_nrf52.o
    0x20002be8   0x00000004   Data   RW         1224    log_dynamic_data    nrf_ble_gatt.o
    0x20002bec   0x00000004   Data   RW         1362    log_dynamic_data    ble_nus.o
    0x20002bf0   0x00000004   Data   RW         1441    log_dynamic_data    nrf_drv_clock.o
    0x20002bf4   0x00000004   Data   RW         1632    log_dynamic_data    nrfx_clock.o
    0x20002bf8   0x00000004   Data   RW         1790    log_dynamic_data    nrfx_gpiote.o
    0x20002bfc   0x00000004   Data   RW         2051    log_dynamic_data    nrfx_prs.o
    0x20002c00   0x00000004   Data   RW         2127    log_dynamic_data    nrfx_uart.o
    0x20002c04   0x00000004   Data   RW         2310    log_dynamic_data    nrfx_uarte.o
    0x20002c08   0x00000004   Data   RW         3500    log_dynamic_data    nrf_fstorage.o
    0x20002c0c   0x00000004   Data   RW         3592    log_dynamic_data    nrf_fstorage_sd.o
    0x20002c10   0x00000004   Data   RW         3774    log_dynamic_data    nrf_pwr_mgmt.o
    0x20002c14   0x00000008   Data   RW         4108    log_dynamic_data    nrf_log_frontend.o
    0x20002c1c   0x00000004   Data   RW         4595    log_dynamic_data    nrf_sdh.o
    0x20002c20   0x00000004   Data   RW         4713    log_dynamic_data    nrf_sdh_ble.o
    0x20002c24   0x00000004   Data   RW         4759    log_dynamic_data    nrf_sdh_soc.o
    0x20002c28   0x000003cc   Zero   RW           17    .bss                main.o
    0x20002ff4   0x00000020   Zero   RW          542    .bss                bsp.o
    0x20003014   0x00000020   Zero   RW          543    .bss                bsp.o
    0x20003034   0x0000000c   Zero   RW          544    .bss                bsp.o
    0x20003040   0x00000020   Zero   RW          545    .bss                bsp.o
    0x20003060   0x00000050   Zero   RW          899    .bss                ble_conn_params.o
    0x200030b0   0x00000078   Zero   RW          984    .bss                ble_conn_state.o
    0x20003128   0x00000014   Zero   RW         1434    .bss                nrf_drv_clock.o
    0x2000313c   0x0000005c   Zero   RW         1783    .bss                nrfx_gpiote.o
    0x20003198   0x0000002c   Zero   RW         2120    .bss                nrfx_uart.o
    0x200031c4   0x00000024   Zero   RW         2303    .bss                nrfx_uarte.o
    0x200031e8   0x00000020   Zero   RW         2440    .bss                app_button.o
    0x20003208   0x0000010c   Zero   RW         2752    .bss                app_timer.o
    0x20003314   0x00000020   Zero   RW         2907    .bss                app_uart_fifo.o
    0x20003334   0x0000000c   Zero   RW         2988    .bss                app_util_platform.o
    0x20003340   0x000000a0   Zero   RW         3585    .bss                nrf_fstorage_sd.o
    0x200033e0   0x0000000c   Zero   RW         3768    .bss                nrf_pwr_mgmt.o
    0x200033ec   0x00000040   Zero   RW         3944    .bss                nrf_log_backend_rtt.o
    0x2000342c   0x000000c0   Zero   RW         4102    .bss                nrf_log_frontend.o
    0x200034ec   0x00000424   Zero   RW         4103    .bss                nrf_log_frontend.o
    0x20003910   0x00000288   Zero   RW         4344    .bss                segger_rtt.o
    0x20003b98   0x00002000   Zero   RW         4783    STACK               arm_startup_nrf52.o


==============================================================================

Image component sizes


      Code (inc. data)   RO Data    RW Data    ZI Data      Debug   Object Name

       440         36          8         32         32      12962   app_button.o
        22          0          0          0          0       2421   app_error.o
       124         40          0          0          0      30521   app_error_weak.o
       118          0          0          0          0       4946   app_fifo.o
      1506        118          6         20        268      48287   app_timer.o
       524         60         32         28         32      20942   app_uart_fifo.o
       124         14          0          0         12       9038   app_util_platform.o
        36          8        512          0       8192        920   arm_startup_nrf52.o
      1314          0          0          0          0      37880   ble_advdata.o
      1116          6          0          0          0      12900   ble_advertising.o
       636         44          8          8         80       9171   ble_conn_params.o
       360         10          8          0        120       6763   ble_conn_state.o
        72          0          0          0          0       1616   ble_link_ctx_manager.o
       920          4         32          4          0       8612   ble_nus.o
         8          0          0          0          0       1422   ble_srv_common.o
       358         40          8          0          0      47567   boards.o
       982         82         44         16        108      15191   bsp.o
       252         10          8          8          0       4740   bsp_btn_ble.o
      1360        288         72         52        972     165648   main.o
       244          0          0          0          0       5613   nrf_atfifo.o
        64          0          0          0          0       2940   nrf_atflags.o
       306          0          0          0          0       7971   nrf_atomic.o
       164          0          0          0          0       3556   nrf_balloc.o
       922        254        205          4          0      36874   nrf_ble_gatt.o
       276          0          0          0          0       4649   nrf_ble_qwr.o
       276         34         30          4         20      37586   nrf_drv_clock.o
       200         26          0         12          0      17524   nrf_drv_uart.o
        50          0          0          0          0       3497   nrf_fprintf.o
       850          4         16          0          0       5382   nrf_fprintf_format.o
        80         10         21          4          0       2644   nrf_fstorage.o
       484         42         62         32        160       9601   nrf_fstorage_sd.o
       112         18         18          1         64       6281   nrf_log_backend_rtt.o
       200          0          0          0          0      10703   nrf_log_backend_serial.o
        28          6          0         12          0       3170   nrf_log_default_backends.o
      1490        118         64         24       1252      29541   nrf_log_frontend.o
       566        108        102         64          0       5652   nrf_log_str_formatter.o
       330          0          0          0          0       9479   nrf_memobj.o
       108         16         53         12         12      36059   nrf_pwr_mgmt.o
       660         60        104          7          0      43272   nrf_sdh.o
       756        224        539          5          0       5941   nrf_sdh_ble.o
        60          4         56          4          0       2564   nrf_sdh_soc.o
        78          0          0          0          0       2712   nrf_section_iter.o
        76         10       1319          0          0       2699   nrf_strerror.o
       222         28         14         12          0      41228   nrfx_clock.o
      1226         92         19          4         92      58354   nrfx_gpiote.o
        94         16         12         12          0       3761   nrfx_prs.o
      1362         36         17          4         44      30730   nrfx_uart.o
      1200         38         18          4         36      23349   nrfx_uarte.o
        14          0          0          4          0       2850   retarget.o
       378         34          0          0        648       8833   segger_rtt.o
       796         70          0          4          0       2927   system_nrf52.o

    ----------------------------------------------------------------------
     23986       2008       3488        400      12144     909489   Object Totals
         0          0         32          0          0          0   (incl. Generated)
        42          0         49          3          0          0   (incl. Padding)

    ----------------------------------------------------------------------

      Code (inc. data)   RO Data    RW Data    ZI Data      Debug   Library Member Name

        86          0          0          0          0          0   __dczerorl2.o
         8          4        133          0          0         68   ctype_o.o
         0          0          0          0          0          0   entry.o
         0          0          0          0          0          0   entry10a.o
         0          0          0          0          0          0   entry11a.o
         8          4          0          0          0          0   entry2.o
         4          0          0          0          0          0   entry5.o
         0          0          0          0          0          0   entry7b.o
         0          0          0          0          0          0   entry8b.o
         8          4          0          0          0          0   entry9a.o
        30          0          0          0          0          0   handlers.o
        36          8          0          0          0         68   init.o
        30          0          0          0          0         68   llshl.o
        32          0          0          0          0         68   llushr.o
        36          0          0          0          0         68   memcpya.o
        36          0          0          0          0        108   memseta.o
        50          8          0          0          0        152   printfb.o
        18          0          0          0          0         68   strcpy.o
        14          0          0          0          0         68   strlen.o
        98          0          0          0          0         92   uldiv.o

    ----------------------------------------------------------------------
       498         28        136          0          0        828   Library Totals
         4          0          3          0          0          0   (incl. Padding)

    ----------------------------------------------------------------------

      Code (inc. data)   RO Data    RW Data    ZI Data      Debug   Library Name

       494         28        133          0          0        828   mc_w.l

    ----------------------------------------------------------------------
       498         28        136          0          0        828   Library Totals

    ----------------------------------------------------------------------

==============================================================================


      Code (inc. data)   RO Data    RW Data    ZI Data      Debug   

     24484       2036       3624        400      12144     880889   Grand Totals
     24484       2036       3624         88      12144     880889   ELF Image Totals (compressed)
     24484       2036       3624         88          0          0   ROM Totals

==============================================================================

    Total RO  Size (Code + RO Data)                28108 (  27.45kB)
    Total RW  Size (RW Data + ZI Data)             12544 (  12.25kB)
    Total ROM Size (Code + RO Data + RW Data)      28196 (  27.54kB)

==============================================================================

