Component: ARM Compiler 5.05 update 2 (build 169) Tool: armlink [4d0f33]

==============================================================================

Section Cross References

    main.o(i.adv_scan_start) refers to nrf_fstorage.o(i.nrf_fstorage_is_busy) for nrf_fstorage_is_busy
    main.o(i.adv_scan_start) refers to main.o(i.scan_start) for scan_start
    main.o(i.adv_scan_start) refers to boards.o(i.bsp_board_led_on) for bsp_board_led_on
    main.o(i.adv_scan_start) refers to ble_advertising.o(i.ble_advertising_start) for ble_advertising_start
    main.o(i.adv_scan_start) refers to app_error_handler_keil.o(.emb_text) for app_error_handler
    main.o(i.adv_scan_start) refers to main.o(.bss) for .bss
    main.o(i.advertising_init) refers to memseta.o(.text) for __aeabi_memclr4
    main.o(i.advertising_init) refers to ble_advertising.o(i.ble_advertising_init) for ble_advertising_init
    main.o(i.advertising_init) refers to app_error_handler_keil.o(.emb_text) for app_error_handler
    main.o(i.advertising_init) refers to ble_advertising.o(i.ble_advertising_conn_cfg_tag_set) for ble_advertising_conn_cfg_tag_set
    main.o(i.advertising_init) refers to main.o(.data) for .data
    main.o(i.advertising_init) refers to main.o(i.on_adv_evt) for on_adv_evt
    main.o(i.advertising_init) refers to main.o(.bss) for .bss
    main.o(i.advertising_init) refers to main.o(i.main) for i.main
    main.o(i.assert_nrf_callback) refers to app_error_handler_keil.o(.emb_text) for app_error_handler
    main.o(i.ble_evt_handler) refers to ble_conn_state.o(i.ble_conn_state_role) for ble_conn_state_role
    main.o(i.ble_evt_handler) refers to main.o(i.on_ble_central_evt) for on_ble_central_evt
    main.o(i.ble_evt_handler) refers to ble_hrs.o(i.ble_hrs_on_ble_evt) for ble_hrs_on_ble_evt
    main.o(i.ble_evt_handler) refers to ble_rscs.o(i.ble_rscs_on_ble_evt) for ble_rscs_on_ble_evt
    main.o(i.ble_evt_handler) refers to main.o(i.on_ble_peripheral_evt) for on_ble_peripheral_evt
    main.o(i.ble_evt_handler) refers to main.o(.bss) for .bss
    main.o(i.ble_nus_c_evt_handler) refers to nrf_log_frontend.o(i.nrf_log_frontend_std_0) for nrf_log_frontend_std_0
    main.o(i.ble_nus_c_evt_handler) refers to nrf_log_frontend.o(i.nrf_log_frontend_std_1) for nrf_log_frontend_std_1
    main.o(i.ble_nus_c_evt_handler) refers to ble_nus_c.o(i.ble_nus_c_handles_assign) for ble_nus_c_handles_assign
    main.o(i.ble_nus_c_evt_handler) refers to app_error_handler_keil.o(.emb_text) for app_error_handler
    main.o(i.ble_nus_c_evt_handler) refers to ble_nus_c.o(i.ble_nus_c_tx_notif_enable) for ble_nus_c_tx_notif_enable
    main.o(i.ble_nus_c_evt_handler) refers to nrf_log_frontend.o(log_dynamic_data) for m_nrf_log_app_logs_data_dynamic
    main.o(i.ble_nus_c_evt_handler) refers to main.o(.bss) for .bss
    main.o(i.ble_stack_init) refers to nrf_sdh.o(i.nrf_sdh_enable_request) for nrf_sdh_enable_request
    main.o(i.ble_stack_init) refers to app_error_handler_keil.o(.emb_text) for app_error_handler
    main.o(i.ble_stack_init) refers to nrf_sdh_ble.o(i.nrf_sdh_ble_default_cfg_set) for nrf_sdh_ble_default_cfg_set
    main.o(i.ble_stack_init) refers to nrf_sdh_ble.o(i.nrf_sdh_ble_enable) for nrf_sdh_ble_enable
    main.o(i.ble_stack_init) refers to main.o(i.main) for i.main
    main.o(i.conn_params_error_handler) refers to app_error_handler_keil.o(.emb_text) for app_error_handler
    main.o(i.db_disc_handler) refers to nrf_log_frontend.o(i.nrf_log_frontend_std_2) for nrf_log_frontend_std_2
    main.o(i.db_disc_handler) refers to ble_nus_c.o(i.ble_nus_c_on_db_disc_evt) for ble_nus_c_on_db_disc_evt
    main.o(i.db_disc_handler) refers to nrf_log_frontend.o(log_dynamic_data) for m_nrf_log_app_logs_data_dynamic
    main.o(i.db_disc_handler) refers to main.o(.bss) for .bss
    main.o(i.gap_params_init) refers to app_error_handler_keil.o(.emb_text) for app_error_handler
    main.o(i.gap_params_init) refers to main.o(i.main) for i.main
    main.o(i.main) refers to nrf_log_frontend.o(i.nrf_log_init) for nrf_log_init
    main.o(i.main) refers to app_error_handler_keil.o(.emb_text) for app_error_handler
    main.o(i.main) refers to nrf_log_default_backends.o(i.nrf_log_default_backends_init) for nrf_log_default_backends_init
    main.o(i.main) refers to app_timer.o(i.app_timer_init) for app_timer_init
    main.o(i.main) refers to bsp.o(i.bsp_init) for bsp_init
    main.o(i.main) refers to bsp_btn_ble.o(i.bsp_btn_ble_init) for bsp_btn_ble_init
    main.o(i.main) refers to nrf_pwr_mgmt.o(i.nrf_pwr_mgmt_init) for nrf_pwr_mgmt_init
    main.o(i.main) refers to main.o(i.ble_stack_init) for ble_stack_init
    main.o(i.main) refers to main.o(i.gap_params_init) for gap_params_init
    main.o(i.main) refers to nrf_ble_gatt.o(i.nrf_ble_gatt_init) for nrf_ble_gatt_init
    main.o(i.main) refers to memseta.o(.text) for __aeabi_memclr4
    main.o(i.main) refers to ble_conn_params.o(i.ble_conn_params_init) for ble_conn_params_init
[...]
    peer_id_is_allocated                     0x0002e57d   Thumb Code    16  peer_id.o(i.peer_id_is_allocated)
    peer_id_is_deleted                       0x0002e591   Thumb Code    16  peer_id.o(i.peer_id_is_deleted)
    pm_buffer_block_acquire                  0x0002e689   Thumb Code    92  pm_buffer.o(i.pm_buffer_block_acquire)
    pm_buffer_init                           0x0002e6e5   Thumb Code    64  pm_buffer.o(i.pm_buffer_init)
    pm_buffer_ptr_get                        0x0002e725   Thumb Code    40  pm_buffer.o(i.pm_buffer_ptr_get)
    pm_buffer_release                        0x0002e74d   Thumb Code    46  pm_buffer.o(i.pm_buffer_release)
    pm_conn_sec_config_reply                 0x0002e77b   Thumb Code    10  peer_manager.o(i.pm_conn_sec_config_reply)
    pm_gcm_evt_handler                       0x0002e8b9   Thumb Code     4  peer_manager.o(i.pm_gcm_evt_handler)
    pm_im_evt_handler                        0x0002e8bd   Thumb Code     4  peer_manager.o(i.pm_im_evt_handler)
    pm_init                                  0x0002e8c1   Thumb Code    70  peer_manager.o(i.pm_init)
    pm_mutex_init                            0x0002e90d   Thumb Code    14  pm_mutex.o(i.pm_mutex_init)
    pm_mutex_lock                            0x0002e91b   Thumb Code    26  pm_mutex.o(i.pm_mutex_lock)
    pm_mutex_lock_first_available            0x0002e935   Thumb Code    54  pm_mutex.o(i.pm_mutex_lock_first_available)
    pm_mutex_lock_status_get                 0x0002e96b   Thumb Code    24  pm_mutex.o(i.pm_mutex_lock_status_get)
    pm_mutex_unlock                          0x0002e983   Thumb Code    58  pm_mutex.o(i.pm_mutex_unlock)
    pm_pdb_evt_handler                       0x0002e9bd   Thumb Code   276  peer_manager.o(i.pm_pdb_evt_handler)
    pm_peer_delete                           0x0002ead5   Thumb Code    14  peer_manager.o(i.pm_peer_delete)
    pm_peer_ranks_get                        0x0002eae9   Thumb Code   176  peer_manager.o(i.pm_peer_ranks_get)
    pm_peers_delete                          0x0002eba1   Thumb Code    98  peer_manager.o(i.pm_peers_delete)
    pm_register                              0x0002ec09   Thumb Code    34  peer_manager.o(i.pm_register)
    pm_sec_params_set                        0x0002ec35   Thumb Code    14  peer_manager.o(i.pm_sec_params_set)
    pm_sm_evt_handler                        0x0002ec49   Thumb Code    10  peer_manager.o(i.pm_sm_evt_handler)
    sm_ble_evt_handler                       0x0002fae9   Thumb Code    22  security_manager.o(i.sm_ble_evt_handler)
    sm_conn_sec_config_reply                 0x0002fb09   Thumb Code     4  security_manager.o(i.sm_conn_sec_config_reply)
    sm_init                                  0x0002fb0d   Thumb Code    70  security_manager.o(i.sm_init)
    sm_pdb_evt_handler                       0x0002fb59   Thumb Code    76  security_manager.o(i.sm_pdb_evt_handler)
    sm_sec_params_set                        0x0002fbb1   Thumb Code    46  security_manager.o(i.sm_sec_params_set)
    sm_smd_evt_handler                       0x0002fbe5   Thumb Code    92  security_manager.o(i.sm_smd_evt_handler)
    smd_ble_evt_handler                      0x0002fc45   Thumb Code   272  security_dispatcher.o(i.smd_ble_evt_handler)
    smd_conn_sec_config_reply                0x0002fd5d   Thumb Code    10  security_dispatcher.o(i.smd_conn_sec_config_reply)
    smd_init                                 0x0002fd6d   Thumb Code    84  security_dispatcher.o(i.smd_init)
    smd_link_secure                          0x0002fdc5   Thumb Code   102  security_dispatcher.o(i.smd_link_secure)
    smd_params_reply                         0x0002fe31   Thumb Code   242  security_dispatcher.o(i.smd_params_reply)
    write_buf_store                          0x00030995   Thumb Code   124  peer_database.o(i.write_buf_store)
    nrf_fstorage_sd                          0x00030ff0   Data          32  nrf_fstorage_sd.o(.constdata)
    nrf_log_backend_uart_api                 0x00031170   Data          12  nrf_log_backend_uart.o(.constdata)
    m_ram_start                              0x00031214   Data           4  nrf_sdh_ble.o(.constdata)
    __ctype_table                            0x00031240   Data         129  ctype_o.o(.constdata)
    Region$$Table$$Base                      0x00031acc   Number         0  anon$$obj.o(Region$$Table)
    Region$$Table$$Limit                     0x00031aec   Number         0  anon$$obj.o(Region$$Table)
    log_const_data$$Base                     0x00031aec   Number         0  ble_db_discovery.o(log_const_data)
    m_nrf_log_ble_db_disc_logs_data_const    0x00031aec   Data           8  ble_db_discovery.o(log_const_data)
    m_nrf_log_nrf_ble_gatt_logs_data_const   0x00031af4   Data           8  nrf_ble_gatt.o(log_const_data)
    m_nrf_log_ble_hrs_c_logs_data_const      0x00031afc   Data           8  ble_hrs_c.o(log_const_data)
    m_nrf_log_ble_rscs_c_logs_data_const     0x00031b04   Data           8  ble_rscs_c.o(log_const_data)
    m_nrf_log_ble_nus_logs_data_const        0x00031b0c   Data           8  ble_nus_c.o(log_const_data)
    m_nrf_log_clock_logs_data_const          0x00031b14   Data           8  nrf_drv_clock.o(log_const_data)
    m_nrf_log_CLOCK_logs_data_const          0x00031b1c   Data           8  nrfx_clock.o(log_const_data)
    m_nrf_log_GPIOTE_logs_data_const         0x00031b24   Data           8  nrfx_gpiote.o(log_const_data)
    m_nrf_log_PRS_logs_data_const            0x00031b2c   Data           8  nrfx_prs.o(log_const_data)
    m_nrf_log_UART_logs_data_const           0x00031b34   Data           8  nrfx_uart.o(log_const_data)
    m_nrf_log_UARTE_logs_data_const          0x00031b3c   Data           8  nrfx_uarte.o(log_const_data)
    m_nrf_log_atfifo_m_queue_logs_data_const 0x00031b44   Data           8  fds.o(log_const_data)
    m_nrf_log_nrf_fstorage_logs_data_const   0x00031b4c   Data           8  nrf_fstorage.o(log_const_data)
    m_nrf_log_atfifo_m_fifo_logs_data_const  0x00031b54   Data           8  nrf_fstorage_sd.o(log_const_data)
    m_nrf_log_pwr_mgmt_logs_data_const       0x00031b5c   Data           8  nrf_pwr_mgmt.o(log_const_data)
    m_nrf_log_balloc_log_mempool_logs_data_const 0x00031b64   Data           8  nrf_log_frontend.o(log_const_data)
    m_nrf_log_app_logs_data_const            0x00031b6c   Data           8  nrf_log_frontend.o(log_const_data)
    m_nrf_log_nrf_sdh_logs_data_const        0x00031b74   Data           8  nrf_sdh.o(log_const_data)
    m_nrf_log_nrf_sdh_ble_logs_data_const    0x00031b7c   Data           8  nrf_sdh_ble.o(log_const_data)
    m_nrf_log_nrf_sdh_soc_logs_data_const    0x00031b84   Data           8  nrf_sdh_soc.o(log_const_data)
    log_const_data$$Limit                    0x00031b8c   Number         0  nrf_sdh_soc.o(log_const_data)
    log_mempool                              0x00031b8c   Data          24  nrf_log_frontend.o(nrf_balloc)
    sdh_ble_observers0$$Base                 0x00031ba4   Number         0  ble_conn_state.o(sdh_ble_observers0)
    sdh_ble_observers0$$Limit                0x00031bac   Number         0  ble_conn_state.o(sdh_ble_observers0)
    sdh_ble_observers1$$Base                 0x00031bac   Number         0  main.o(sdh_ble_observers1)
    sdh_ble_observers1$$Limit                0x00031bf4   Number         0  peer_manager.o(sdh_ble_observers1)
    sdh_ble_observers2$$Base                 0x00031bf4   Number         0  main.o(sdh_ble_observers2)
    sdh_ble_observers2$$Limit                0x00031c3c   Number         0  main.o(sdh_ble_observers2)
    sdh_ble_observers3$$Base                 0x00031c3c   Number         0  main.o(sdh_ble_observers3)
    m_req_obs                                0x00031c44   Data           8  nrf_fstorage_sd.o(sdh_req_observers0)
    sdh_ble_observers3$$Limit                0x00031c44   Number         0  main.o(sdh_ble_observers3)
    sdh_req_observers0$$Base                 0x00031c44   Number         0  nrf_fstorage_sd.o(sdh_req_observers0)
    sdh_req_observers0$$Limit                0x00031c4c   Number         0  nrf_fstorage_sd.o(sdh_req_observers0)
    sdh_soc_observers0$$Base                 0x00031c4c   Number         0  nrf_drv_clock.o(sdh_soc_observers0)
    sdh_soc_observers0$$Limit                0x00031c5c   Number         0  nrf_fstorage_sd.o(sdh_soc_observers0)
    sdh_soc_observers1$$Base                 0x00031c5c   Number         0  main.o(sdh_soc_observers1)
    sdh_soc_observers1$$Limit                0x00031c64   Number         0  main.o(sdh_soc_observers1)
    sdh_stack_observers0$$Base               0x00031c64   Number         0  nrf_sdh_ble.o(sdh_stack_observers0)
    sdh_stack_observers0$$Limit              0x00031c74   Number         0  nrf_sdh_soc.o(sdh_stack_observers0)
    sdh_state_observers0$$Base               0x00031c74   Number         0  nrf_drv_clock.o(sdh_state_observers0)
    sdh_state_observers0$$Limit              0x00031c84   Number         0  nrf_fstorage_sd.o(sdh_state_observers0)
    Image$$RW_IRAM1$$Base                    0x20003718   Number         0  anon$$obj.o ABSOLUTE
    nrf_drv_uart_use_easy_dma                0x200042e4   Data           1  nrf_drv_uart.o(.data)
    m_uart                                   0x200043a0   Data          20  nrf_log_backend_uart.o(.data)
    SystemCoreClock                          0x20004414   Data           4  system_nrf52.o(.data)
    fs_data$$Base                            0x20004418   Number         0  fds.o(fs_data)
    m_fs                                     0x20004418   Data          20  fds.o(fs_data)
    fs_data$$Limit                           0x2000442c   Number         0  fds.o(fs_data)
    log_dynamic_data$$Base                   0x2000442c   Number         0  ble_db_discovery.o(log_dynamic_data)
    m_nrf_log_ble_db_disc_logs_data_dynamic  0x2000442c   Data           4  ble_db_discovery.o(log_dynamic_data)
    m_nrf_log_nrf_ble_gatt_logs_data_dynamic 0x20004430   Data           4  nrf_ble_gatt.o(log_dynamic_data)
    m_nrf_log_ble_hrs_c_logs_data_dynamic    0x20004434   Data           4  ble_hrs_c.o(log_dynamic_data)
    m_nrf_log_ble_rscs_c_logs_data_dynamic   0x20004438   Data           4  ble_rscs_c.o(log_dynamic_data)
    m_nrf_log_ble_nus_logs_data_dynamic      0x2000443c   Data           4  ble_nus_c.o(log_dynamic_data)
    m_nrf_log_clock_logs_data_dynamic        0x20004440   Data           4  nrf_drv_clock.o(log_dynamic_data)
    m_nrf_log_CLOCK_logs_data_dynamic        0x20004444   Data           4  nrfx_clock.o(log_dynamic_data)
    m_nrf_log_GPIOTE_logs_data_dynamic       0x20004448   Data           4  nrfx_gpiote.o(log_dynamic_data)
    m_nrf_log_PRS_logs_data_dynamic          0x2000444c   Data           4  nrfx_prs.o(log_dynamic_data)
    m_nrf_log_UART_logs_data_dynamic         0x20004450   Data           4  nrfx_uart.o(log_dynamic_data)
    m_nrf_log_UARTE_logs_data_dynamic        0x20004454   Data           4  nrfx_uarte.o(log_dynamic_data)
    m_nrf_log_atfifo_m_queue_logs_data_dynamic 0x20004458   Data           4  fds.o(log_dynamic_data)
    m_nrf_log_nrf_fstorage_logs_data_dynamic 0x2000445c   Data           4  nrf_fstorage.o(log_dynamic_data)
    m_nrf_log_atfifo_m_fifo_logs_data_dynamic 0x20004460   Data           4  nrf_fstorage_sd.o(log_dynamic_data)
    m_nrf_log_pwr_mgmt_logs_data_dynamic     0x20004464   Data           4  nrf_pwr_mgmt.o(log_dynamic_data)
    m_nrf_log_balloc_log_mempool_logs_data_dynamic 0x20004468   Data           4  nrf_log_frontend.o(log_dynamic_data)
    m_nrf_log_app_logs_data_dynamic          0x2000446c   Data           4  nrf_log_frontend.o(log_dynamic_data)
    m_nrf_log_nrf_sdh_logs_data_dynamic      0x20004470   Data           4  nrf_sdh.o(log_dynamic_data)
    m_nrf_log_nrf_sdh_ble_logs_data_dynamic  0x20004474   Data           4  nrf_sdh_ble.o(log_dynamic_data)
    m_nrf_log_nrf_sdh_soc_logs_data_dynamic  0x20004478   Data           4  nrf_sdh_soc.o(log_dynamic_data)
    nrf_nvic_state                           0x20005004   Data          12  app_util_platform.o(.bss)
    __initial_sp                             0x200076c0   Data           0  arm_startup_nrf52.o(STACK)



==============================================================================

Memory Map of the image

  Image Entry point : 0x00026201

  Load Region LR_IROM1 (Base: 0x00026000, Size: 0x0000c9e8, Max: 0x0005a000, ABSOLUTE, COMPRESSED[0x0000bd00])

    Execution Region ER_IROM1 (Base: 0x00026000, Size: 0x0000bc84, Max: 0x0005a000, ABSOLUTE)

    Base Addr    Size         Type   Attr      Idx    E Section Name        Object

    0x00026000   0x00000200   Data   RO         6963    RESET               arm_startup_nrf52.o
    0x00026200   0x00000000   Code   RO         7008  * .ARM.Collect$$$$00000000  mc_w.l(entry.o)
    0x00026200   0x00000004   Code   RO         7066    .ARM.Collect$$$$00000001  mc_w.l(entry2.o)
    0x00026204   0x00000004   Code   RO         7069    .ARM.Collect$$$$00000004  mc_w.l(entry5.o)
    0x00026208   0x00000000   Code   RO         7071    .ARM.Collect$$$$00000008  mc_w.l(entry7b.o)
    0x00026208   0x00000000   Code   RO         7073    .ARM.Collect$$$$0000000A  mc_w.l(entry8b.o)
    0x00026208   0x00000008   Code   RO         7074    .ARM.Collect$$$$0000000B  mc_w.l(entry9a.o)
    0x00026210   0x00000000   Code   RO         7076    .ARM.Collect$$$$0000000D  mc_w.l(entry10a.o)
    0x00026210   0x00000000   Code   RO         7078    .ARM.Collect$$$$0000000F  mc_w.l(entry11a.o)
    0x00026210   0x00000004   Code   RO         7067    .ARM.Collect$$$$00002712  mc_w.l(entry2.o)
    0x00026214   0x0000001a   Code   RO         4434    .emb_text           app_error_handler_keil.o
    0x0002622e   0x00000002   PAD
    0x00026230   0x000000c8   Code   RO         5170    .emb_text           nrf_atfifo.o
    0x000262f8   0x000000e2   Code   RO         5306    .emb_text           nrf_atomic.o
    0x000263da   0x00000002   PAD
    0x000263dc   0x00000024   Code   RO         6964    .text               arm_startup_nrf52.o
    0x00026400   0x00000062   Code   RO         7016    .text               mc_w.l(uldiv.o)
    0x00026462   0x0000001e   Code   RO         7018    .text               mc_w.l(llshl.o)
    0x00026480   0x00000008   Code   RO         7020    .text               mc_w.l(ctype_o.o)
    0x00026488   0x00000040   Code   RO         7050    .text               mc_w.l(memmovea.o)
    0x000264c8   0x00000024   Code   RO         7052    .text               mc_w.l(memseta.o)
    0x000264ec   0x0000000e   Code   RO         7054    .text               mc_w.l(strlen.o)
    0x000264fa   0x0000001a   Code   RO         7058    .text               mc_w.l(memcmp.o)
    0x00026514   0x00000020   Code   RO         7081    .text               mc_w.l(llushr.o)
    0x00026534   0x00000024   Code   RO         7084    .text               mc_w.l(init.o)
    0x00026558   0x00000056   Code   RO         7094    .text               mc_w.l(__dczerorl2.o)
    0x000265ae   0x00000002   PAD
    0x000265b0   0x00000164   Code   RO         3645    i.GPIOTE_IRQHandler  nrfx_gpiote.o
    0x00026714   0x00000016   Code   RO         4537    i.NVIC_ClearPendingIRQ  app_timer.o
    0x0002672a   0x00000016   Code   RO         4538    i.NVIC_EnableIRQ    app_timer.o
    0x00026740   0x00000016   Code   RO         4539    i.NVIC_SetPendingIRQ  app_timer.o
    0x00026756   0x00000020   Code   RO         4540    i.NVIC_SetPriority  app_timer.o
    0x00026776   0x00000002   PAD
    0x00026778   0x00000058   Code   RO         3513    i.POWER_CLOCK_IRQHandler  nrfx_clock.o
    0x000267d0   0x00000024   Code   RO         4541    i.RTC1_IRQHandler   app_timer.o
    0x000267f4   0x00000004   Code   RO         4542    i.SWI0_EGU0_IRQHandler  app_timer.o
    0x000267f8   0x00000004   Code   RO         6745    i.SWI2_EGU2_IRQHandler  nrf_sdh.o
    0x000267fc   0x0000031c   Code   RO         6972    i.SystemInit        system_nrf52.o
    0x00026b18   0x0000000c   Code   RO         3944    i.UARTE0_UART0_IRQHandler  nrfx_prs.o
    0x00026b24   0x0000000e   Code   RO         7088    i.__scatterload_copy  mc_w.l(handlers.o)
    0x00026b32   0x00000002   Code   RO         7089    i.__scatterload_null  mc_w.l(handlers.o)
    0x00026b34   0x0000000e   Code   RO         7090    i.__scatterload_zeroinit  mc_w.l(handlers.o)
    0x00026b42   0x00000002   PAD
    0x00026b44   0x00000024   Code   RO         6746    i.__sd_nvic_app_accessible_irq  nrf_sdh.o
    0x00026b68   0x00000016   Code   RO         6747    i.__sd_nvic_is_app_accessible_priority  nrf_sdh.o
    0x00026b7e   0x0000001c   Code   RO         1028    i.active_flag_count  ble_conn_state.o
    0x00026b9a   0x00000026   Code   RO         1571    i.addr_compare      id_manager.o
    0x00026bc0   0x0000000c   Code   RO         5558    i.addr_is_aligned32  nrf_fstorage.o
    0x00026bcc   0x00000018   Code   RO         5559    i.addr_is_within_bounds  nrf_fstorage.o
    0x00026be4   0x00000048   Code   RO            4    i.adv_scan_start    main.o
    0x00026c2c   0x00000036   Code   RO          699    i.advertising_buttons_configure  bsp_btn_ble.o
    0x00026c62   0x00000002   PAD
    0x00026c64   0x0000006c   Code   RO            5    i.advertising_init  main.o
    0x00026cd0   0x00000052   Code   RO         1572    i.ah                id_manager.o
    0x00026d22   0x00000006   Code   RO          582    i.alert_timer_handler  bsp.o
    0x00026d28   0x0000000c   Code   RO         2672    i.allow_repairing   security_dispatcher.o
    0x00026d34   0x00000024   Code   RO         4336    i.app_button_enable  app_button.o
    0x00026d58   0x00000078   Code   RO         4337    i.app_button_init   app_button.o
    0x00026dd0   0x00000174   Code   RO         4456    i.app_error_fault_handler  app_error_weak.o
    0x00026f44   0x00000064   Code   RO         4401    i.app_error_save_and_stop  app_error.o
    0x00026fa8   0x00000024   Code   RO         4545    i.app_timer_create  app_timer.o
    0x00026fcc   0x00000054   Code   RO         4546    i.app_timer_init    app_timer.o
    0x00027020   0x00000088   Code   RO         4549    i.app_timer_start   app_timer.o
    0x000270a8   0x00000020   Code   RO         4550    i.app_timer_stop    app_timer.o
    0x000270c8   0x00000048   Code   RO         4710    i.app_util_critical_region_enter  app_util_platform.o
    0x00027110   0x00000034   Code   RO         4711    i.app_util_critical_region_exit  app_util_platform.o
    0x00027144   0x00000088   Code   RO         3995    i.apply_config      nrfx_uart.o
    0x000271cc   0x00000088   Code   RO         4183    i.apply_config      nrfx_uarte.o
    0x00027254   0x00000004   Code   RO         1370    i.apply_pending_handle  gatt_cache_manager.o
    0x00027258   0x000000d0   Code   RO         2673    i.auth_status_success_process  security_dispatcher.o
    0x00027328   0x00000182   Code   RO          746    i.ble_advdata_encode  ble_advdata.o
    0x000274aa   0x00000020   Code   RO          748    i.ble_advdata_parse  ble_advdata.o
    0x000274ca   0x00000038   Code   RO          749    i.ble_advdata_search  ble_advdata.o
    0x00027502   0x000000b6   Code   RO          751    i.ble_advdata_uuid_find  ble_advdata.o
    0x000275b8   0x00000006   Code   RO          858    i.ble_advertising_conn_cfg_tag_set  ble_advertising.o
    0x000275be   0x000000fa   Code   RO          859    i.ble_advertising_init  ble_advertising.o
    0x000276b8   0x0000006a   Code   RO          861    i.ble_advertising_on_ble_evt  ble_advertising.o
    0x00027722   0x00000030   Code   RO          862    i.ble_advertising_on_sys_evt  ble_advertising.o
    0x00027752   0x00000236   Code   RO          865    i.ble_advertising_start  ble_advertising.o
    0x00027988   0x00000068   Code   RO          952    i.ble_conn_params_init  ble_conn_params.o
    0x000279f0   0x0000001c   Code   RO         1030    i.ble_conn_state_central_conn_count  ble_conn_state.o
    0x00027a0c   0x00000020   Code   RO         1035    i.ble_conn_state_encrypted  ble_conn_state.o
    0x00027a2c   0x0000002c   Code   RO         1037    i.ble_conn_state_for_each_set_user_flag  ble_conn_state.o
    0x00027a58   0x00000024   Code   RO         1042    i.ble_conn_state_role  ble_conn_state.o
    0x00027a7c   0x00000018   Code   RO         1044    i.ble_conn_state_user_flag_acquire  ble_conn_state.o
    0x00027a94   0x00000030   Code   RO         1045    i.ble_conn_state_user_flag_get  ble_conn_state.o
    0x00027ac4   0x00000040   Code   RO         1046    i.ble_conn_state_user_flag_set  ble_conn_state.o
    0x00027b04   0x00000014   Code   RO         1047    i.ble_conn_state_valid  ble_conn_state.o
    0x00027b18   0x00000040   Code   RO         1192    i.ble_db_discovery_evt_register  ble_db_discovery.o
    0x00027b58   0x0000001c   Code   RO         1193    i.ble_db_discovery_init  ble_db_discovery.o
    0x00027b74   0x00000090   Code   RO         1194    i.ble_db_discovery_on_ble_evt  ble_db_discovery.o
    0x00027c04   0x00000028   Code   RO         1195    i.ble_db_discovery_start  ble_db_discovery.o
    0x00027c2c   0x00000060   Code   RO          752    i.ble_device_addr_encode  ble_advdata.o
    0x00027c8c   0x00000048   Code   RO            7    i.ble_evt_handler   main.o
    0x00027cd4   0x00000070   Code   RO          700    i.ble_evt_handler   bsp_btn_ble.o
    0x00027d44   0x000000fc   Code   RO          954    i.ble_evt_handler   ble_conn_params.o
    0x00027e40   0x00000144   Code   RO         1048    i.ble_evt_handler   ble_conn_state.o
    0x00027f84   0x00000028   Code   RO         2296    i.ble_evt_handler   peer_manager.o
    0x00027fac   0x0000005e   Code   RO         2962    i.ble_hrs_init      ble_hrs.o
    0x0002800a   0x00000050   Code   RO         2963    i.ble_hrs_on_ble_evt  ble_hrs.o
    0x0002805a   0x00000002   PAD
    0x0002805c   0x000002b8   Code   RO            8    i.ble_nus_c_evt_handler  main.o
    0x00028314   0x0000001a   Code   RO         3240    i.ble_nus_c_handles_assign  ble_nus_c.o
    0x0002832e   0x00000002   PAD
    0x00028330   0x0000004c   Code   RO         3241    i.ble_nus_c_init    ble_nus_c.o
    0x0002837c   0x0000006c   Code   RO         3242    i.ble_nus_c_on_ble_evt  ble_nus_c.o
    0x000283e8   0x00000080   Code   RO         3243    i.ble_nus_c_on_db_disc_evt  ble_nus_c.o
    0x00028468   0x00000048   Code   RO         3245    i.ble_nus_c_tx_notif_enable  ble_nus_c.o
    0x000284b0   0x0000004c   Code   RO         3116    i.ble_rscs_init     ble_rscs.o
    0x000284fc   0x00000058   Code   RO         3118    i.ble_rscs_on_ble_evt  ble_rscs.o
    0x00028554   0x00000008   Code   RO         1310    i.ble_srv_is_notification_enabled  ble_srv_common.o
    0x0002855c   0x00000044   Code   RO            9    i.ble_stack_init    main.o
    0x000285a0   0x00000086   Code   RO         2969    i.body_sensor_location_char_add  ble_hrs.o
    0x00028626   0x00000002   PAD
    0x00028628   0x00000020   Code   RO          450    i.bsp_board_button_state_get  boards.o
    0x00028648   0x00000054   Code   RO          451    i.bsp_board_init    boards.o
    0x0002869c   0x00000024   Code   RO          453    i.bsp_board_led_invert  boards.o
    0x000286c0   0x00000010   Code   RO          454    i.bsp_board_led_off  boards.o
    0x000286d0   0x00000010   Code   RO          455    i.bsp_board_led_on  boards.o
    0x000286e0   0x00000020   Code   RO          456    i.bsp_board_led_state_get  boards.o
    0x00028700   0x00000012   Code   RO          457    i.bsp_board_leds_off  boards.o
    0x00028712   0x00000012   Code   RO          458    i.bsp_board_leds_on  boards.o
    0x00028724   0x00000024   Code   RO          459    i.bsp_board_pin_to_button_idx  boards.o
    0x00028748   0x00000038   Code   RO          701    i.bsp_btn_ble_init  bsp_btn_ble.o
    0x00028780   0x00000090   Code   RO          583    i.bsp_button_event_handler  bsp.o
    0x00028810   0x0000000c   Code   RO          584    i.bsp_button_is_pressed  bsp.o
    0x0002881c   0x00000044   Code   RO          587    i.bsp_event_to_button_action_assign  bsp.o
    0x00028860   0x00000018   Code   RO          588    i.bsp_indication_set  bsp.o
    0x00028878   0x00000094   Code   RO          589    i.bsp_init          bsp.o
    0x0002890c   0x000001b8   Code   RO          590    i.bsp_led_indication  bsp.o
    0x00028ac4   0x00000090   Code   RO         6144    i.buf_prealloc      nrf_log_frontend.o
    0x00028b54   0x0000001e   Code   RO         5518    i.buffer_add        nrf_fprintf_format.o
    0x00028b72   0x00000002   PAD
    0x00028b74   0x00000014   Code   RO         6145    i.buffer_is_empty   nrf_log_frontend.o
    0x00028b88   0x00000008   Code   RO          593    i.button_timer_handler  bsp.o
    0x00028b90   0x0000001c   Code   RO         3646    i.channel_free      nrfx_gpiote.o
    0x00028bac   0x00000048   Code   RO         3647    i.channel_port_alloc  nrfx_gpiote.o
    0x00028bf4   0x00000010   Code   RO         3648    i.channel_port_get  nrfx_gpiote.o
    0x00028c04   0x00000042   Code   RO         1196    i.characteristics_discover  ble_db_discovery.o
    0x00028c46   0x00000038   Code   RO         2206    i.claim             peer_id.o
    0x00028c7e   0x00000002   PAD
    0x00028c80   0x00000028   Code   RO         3315    i.clock_clk_started_notify  nrf_drv_clock.o
    0x00028ca8   0x0000001c   Code   RO         3316    i.clock_irq_handler  nrf_drv_clock.o
    0x00028cc4   0x000000ac   Code   RO         4552    i.compare_reg_update  app_timer.o
    0x00028d70   0x0000003e   Code   RO         1049    i.conn_handle_list_get  ble_conn_state.o
    0x00028dae   0x00000088   Code   RO          753    i.conn_int_encode   ble_advdata.o
    0x00028e36   0x00000002   PAD
    0x00028e38   0x00000018   Code   RO           10    i.conn_params_error_handler  main.o
    0x00028e50   0x00000048   Code   RO          955    i.conn_params_negotiation  ble_conn_params.o
    0x00028e98   0x00000044   Code   RO         2674    i.conn_sec_failure  security_dispatcher.o
    0x00028edc   0x000000bc   Code   RO         1759    i.data_length_update  nrf_ble_gatt.o
    0x00028f98   0x00000074   Code   RO           11    i.db_disc_handler   main.o
    0x0002900c   0x00000080   Code   RO         1371    i.db_update_pending_handle  gatt_cache_manager.o
    0x0002908c   0x00000080   Code   RO         4805    i.delete_execute    fds.o
    0x0002910c   0x0000008c   Code   RO         1197    i.descriptors_discover  ble_db_discovery.o
    0x00029198   0x00000098   Code   RO         4339    i.detection_delay_timeout_handler  app_button.o
    0x00029230   0x00000090   Code   RO         1198    i.discovery_complete_evt_trigger  ble_db_discovery.o
    0x000292c0   0x0000003c   Code   RO         1199    i.discovery_error_evt_trigger  ble_db_discovery.o
    0x000292fc   0x0000005c   Code   RO         1200    i.discovery_start   ble_db_discovery.o
    0x00029358   0x00000014   Code   RO         6147    i.dropped_sat16_get  nrf_log_frontend.o
    0x0002936c   0x00000040   Code   RO         4553    i.elapsed_ticks_acquire  app_timer.o
    0x000293ac   0x0000000a   Code   RO         2675    i.encryption_failure  security_dispatcher.o
    0x000293b6   0x00000002   PAD
    0x000293b8   0x0000004c   Code   RO         5642    i.erase             nrf_fstorage_sd.o
    0x00029404   0x00000074   Code   RO         4806    i.event_prepare     fds.o
    0x00029478   0x00000020   Code   RO         4807    i.event_send        fds.o
    0x00029498   0x00000054   Code   RO         5643    i.event_send        nrf_fstorage_sd.o
    0x000294ec   0x00000074   Code   RO         2815    i.events_send_from_err_code  security_manager.o
    0x00029560   0x0000001c   Code   RO         1372    i.evt_send          gatt_cache_manager.o
    0x0002957c   0x0000002c   Code   RO         2297    i.evt_send          peer_manager.o
    0x000295a8   0x0000001c   Code   RO         2676    i.evt_send          security_dispatcher.o
    0x000295c4   0x0000000c   Code   RO         2816    i.evt_send          security_manager.o
    0x000295d0   0x000000cc   Code   RO         1899    i.fds_evt_handler   peer_data_storage.o
    0x0002969c   0x00000044   Code   RO         4809    i.fds_file_delete   fds.o
    0x000296e0   0x0000003c   Code   RO         4810    i.fds_gc            fds.o
    0x0002971c   0x000000d0   Code   RO         4811    i.fds_init          fds.o
    0x000297ec   0x00000040   Code   RO         4812    i.fds_record_close  fds.o
    0x0002982c   0x0000000e   Code   RO         4814    i.fds_record_find   fds.o
    0x0002983a   0x00000010   Code   RO         4815    i.fds_record_find_by_key  fds.o
    0x0002984a   0x00000010   Code   RO         4816    i.fds_record_find_in_file  fds.o
    0x0002985a   0x00000010   Code   RO         4817    i.fds_record_id_from_desc  fds.o
    0x0002986a   0x00000002   PAD
    0x0002986c   0x00000048   Code   RO         4819    i.fds_record_open   fds.o
    0x000298b4   0x0000000e   Code   RO         4820    i.fds_record_update  fds.o
    0x000298c2   0x00000008   Code   RO         4821    i.fds_record_write  fds.o
    0x000298ca   0x0000000c   Code   RO         4822    i.fds_record_write_reserved  fds.o
    0x000298d6   0x00000002   PAD
    0x000298d8   0x0000002c   Code   RO         4823    i.fds_register      fds.o
    0x00029904   0x00000030   Code   RO         4824    i.fds_reserve       fds.o
    0x00029934   0x00000048   Code   RO         4825    i.fds_reserve_cancel  fds.o
    0x0002997c   0x00000014   Code   RO         1900    i.file_id_within_pm_range  peer_data_storage.o
    0x00029990   0x00000012   Code   RO         2677    i.flag_id_init      security_dispatcher.o
    0x000299a2   0x00000012   Code   RO         2817    i.flag_id_init      security_manager.o
    0x000299b4   0x00000028   Code   RO          867    i.flags_set         ble_advertising.o
    0x000299dc   0x00000054   Code   RO         2818    i.flags_set_from_err_code  security_manager.o
    0x00029a30   0x00000030   Code   RO         1050    i.for_each_set_flag  ble_conn_state.o
    0x00029a60   0x00000006   Code   RO         4827    i.fs_event_handler  fds.o
    0x00029a66   0x00000002   PAD
    0x00029a68   0x00000068   Code   RO           12    i.gap_params_init   main.o
    0x00029ad0   0x00000074   Code   RO         4828    i.gc_execute        fds.o
    0x00029b44   0x0000004c   Code   RO         4829    i.gc_next_page      fds.o
    0x00029b90   0x00000040   Code   RO         4830    i.gc_page_erase     fds.o
    0x00029bd0   0x00000034   Code   RO         4831    i.gc_record_copy    fds.o
    0x00029c04   0x00000024   Code   RO         4832    i.gc_record_find_next  fds.o
    0x00029c28   0x00000088   Code   RO         4833    i.gc_state_advance  fds.o
    0x00029cb0   0x0000009c   Code   RO         1373    i.gcm_ble_evt_handler  gatt_cache_manager.o
    0x00029d4c   0x00000030   Code   RO         1374    i.gcm_im_evt_handler  gatt_cache_manager.o
    0x00029d7c   0x00000050   Code   RO         1375    i.gcm_init          gatt_cache_manager.o
    0x00029dcc   0x00000078   Code   RO         1378    i.gcm_pdb_evt_handler  gatt_cache_manager.o
    0x00029e44   0x00000038   Code   RO         1573    i.get_connection_by_conn_handle  id_manager.o
    0x00029e7c   0x00000030   Code   RO         1574    i.get_free_connection  id_manager.o
    0x00029eac   0x00000084   Code   RO         4340    i.gpiote_event_handler  app_button.o
    0x00029f30   0x0000001c   Code   RO         1495    i.gscm_db_change_notification_done  gatts_cache_manager.o
    0x00029f4c   0x00000014   Code   RO         1496    i.gscm_init         gatts_cache_manager.o
    0x00029f60   0x0000006a   Code   RO         1498    i.gscm_local_db_cache_apply  gatts_cache_manager.o
    0x00029fca   0x00000082   Code   RO         1499    i.gscm_local_db_cache_update  gatts_cache_manager.o
    0x0002a04c   0x00000018   Code   RO         1500    i.gscm_pdb_evt_handler  gatts_cache_manager.o
    0x0002a064   0x0000001e   Code   RO         1501    i.gscm_service_changed_ind_needed  gatts_cache_manager.o
    0x0002a082   0x00000002   PAD
    0x0002a084   0x00000038   Code   RO         1502    i.gscm_service_changed_ind_send  gatts_cache_manager.o
    0x0002a0bc   0x00000026   Code   RO         4834    i.header_check      fds.o
    0x0002a0e2   0x00000012   Code   RO         4835    i.header_has_next   fds.o
    0x0002a0f4   0x000000c2   Code   RO         2970    i.heart_rate_measurement_char_add  ble_hrs.o
    0x0002a1b6   0x00000002   PAD
    0x0002a1b8   0x00000098   Code   RO         2971    i.hrm_encode        ble_hrs.o
    0x0002a250   0x00000046   Code   RO         1575    i.im_address_resolve  id_manager.o
    0x0002a296   0x00000002   PAD
    0x0002a298   0x00000030   Code   RO         1576    i.im_ble_addr_get   id_manager.o
    0x0002a2c8   0x000000c8   Code   RO         1577    i.im_ble_evt_handler  id_manager.o
    0x0002a390   0x0000002c   Code   RO         1578    i.im_conn_handle_get  id_manager.o
    0x0002a3bc   0x00000038   Code   RO         1580    i.im_find_duplicate_bonding_data  id_manager.o
    0x0002a3f4   0x00000040   Code   RO         1583    i.im_init           id_manager.o
    0x0002a434   0x00000072   Code   RO         1584    i.im_is_duplicate_bonding_data  id_manager.o
    0x0002a4a6   0x00000018   Code   RO         1585    i.im_master_id_is_valid  id_manager.o
    0x0002a4be   0x0000002a   Code   RO         1586    i.im_master_ids_compare  id_manager.o
    0x0002a4e8   0x00000004   Code   RO         1587    i.im_new_peer_id    id_manager.o
    0x0002a4ec   0x00000026   Code   RO         1588    i.im_peer_free      id_manager.o
    0x0002a512   0x00000002   PAD
    0x0002a514   0x00000020   Code   RO         1589    i.im_peer_id_get_by_conn_handle  id_manager.o
    0x0002a534   0x0000003c   Code   RO         1590    i.im_peer_id_get_by_master_id  id_manager.o
    0x0002a570   0x00000034   Code   RO         5644    i.init              nrf_fstorage_sd.o
    0x0002a5a4   0x000000c8   Code   RO         4836    i.init_execute      fds.o
    0x0002a66c   0x00000014   Code   RO          956    i.instance_get      ble_conn_params.o
    0x0002a680   0x000000a6   Code   RO         5519    i.int_print         nrf_fprintf_format.o
    0x0002a726   0x00000002   PAD
    0x0002a728   0x00000080   Code   RO         4184    i.interrupts_enable  nrfx_uarte.o
    0x0002a7a8   0x0000004c   Code   RO         6148    i.invalid_packets_pushed_str_omit  nrf_log_frontend.o
    0x0002a7f4   0x00000010   Code   RO         5645    i.is_busy           nrf_fstorage_sd.o
    0x0002a804   0x00000044   Code   RO          957    i.is_conn_params_ok  ble_conn_params.o
    0x0002a848   0x0000004c   Code   RO         1201    i.is_desc_discovery_reqd  ble_db_discovery.o
    0x0002a894   0x00000014   Code   RO         1595    i.is_valid_irk      id_manager.o
    0x0002a8a8   0x0000000c   Code   RO         4837    i.is_word_aligned   fds.o
    0x0002a8b4   0x00000030   Code   RO          594    i.leds_off          bsp.o
    0x0002a8e4   0x00000014   Code   RO          595    i.leds_timer_handler  bsp.o
    0x0002a8f8   0x00000014   Code   RO         1760    i.link_init         nrf_ble_gatt.o
    0x0002a90c   0x000000b8   Code   RO         2819    i.link_secure       security_manager.o
    0x0002a9c4   0x0000007c   Code   RO         2678    i.link_secure_central_encryption  security_dispatcher.o
    0x0002aa40   0x000000a8   Code   RO         2679    i.link_secure_central_pairing  security_dispatcher.o
    0x0002aae8   0x0000008c   Code   RO         2680    i.link_secure_failure  security_dispatcher.o
    0x0002ab74   0x0000002c   Code   RO         2820    i.link_secure_pending_handle  security_manager.o
    0x0002aba0   0x000000f8   Code   RO         4554    i.list_insertions_handler  app_timer.o
    0x0002ac98   0x00000068   Code   RO         1379    i.local_db_apply_in_evt  gatt_cache_manager.o
    0x0002ad00   0x00000010   Code   RO         1380    i.local_db_update   gatt_cache_manager.o
    0x0002ad10   0x00000032   Code   RO         2619    i.lock_by_mask      pm_mutex.o
    0x0002ad42   0x00000002   PAD
    0x0002ad44   0x0000009c   Code   RO         6149    i.log_skip          nrf_log_frontend.o
    0x0002ade0   0x000001b0   Code   RO           13    i.main              main.o
    0x0002af90   0x00000064   Code   RO          754    i.manuf_specific_data_encode  ble_advdata.o
    0x0002aff4   0x00000076   Code   RO         5757    i.memobj_op         nrf_memobj.o
    0x0002b06a   0x00000002   PAD
    0x0002b06c   0x00000030   Code   RO         6150    i.module_idx_get    nrf_log_frontend.o
    0x0002b09c   0x00000058   Code   RO           14    i.multi_qwr_conn_handle_assign  main.o
    0x0002b0f4   0x0000009c   Code   RO          755    i.name_encode       ble_advdata.o
    0x0002b190   0x00000058   Code   RO         1596    i.new_connection    id_manager.o
    0x0002b1e8   0x00000014   Code   RO         2821    i.new_context_get   security_manager.o
    0x0002b1fc   0x00000030   Code   RO         2207    i.next_id_get       peer_id.o
    0x0002b22c   0x00000010   Code   RO         5172    i.nrf_atfifo_clear  nrf_atfifo.o
    0x0002b23c   0x00000026   Code   RO         5174    i.nrf_atfifo_init   nrf_atfifo.o
    0x0002b262   0x00000016   Code   RO         5175    i.nrf_atfifo_item_alloc  nrf_atfifo.o
    0x0002b278   0x00000016   Code   RO         5176    i.nrf_atfifo_item_free  nrf_atfifo.o
    0x0002b28e   0x00000016   Code   RO         5177    i.nrf_atfifo_item_get  nrf_atfifo.o
    0x0002b2a4   0x00000016   Code   RO         5178    i.nrf_atfifo_item_put  nrf_atfifo.o
    0x0002b2ba   0x00000016   Code   RO         5240    i.nrf_atflags_clear  nrf_atflags.o
    0x0002b2d0   0x00000020   Code   RO         5242    i.nrf_atflags_fetch_set  nrf_atflags.o
    0x0002b2f0   0x0000004a   Code   RO         5244    i.nrf_atflags_find_and_set_flag  nrf_atflags.o
    0x0002b33a   0x00000016   Code   RO         5245    i.nrf_atflags_get   nrf_atflags.o
    0x0002b350   0x00000014   Code   RO         5247    i.nrf_atflags_set   nrf_atflags.o
    0x0002b364   0x00000006   Code   RO         5308    i.nrf_atomic_flag_clear_fetch  nrf_atomic.o
    0x0002b36a   0x00000006   Code   RO         5309    i.nrf_atomic_flag_set  nrf_atomic.o
    0x0002b370   0x00000006   Code   RO         5310    i.nrf_atomic_flag_set_fetch  nrf_atomic.o
    0x0002b376   0x0000000c   Code   RO         5311    i.nrf_atomic_u32_add  nrf_atomic.o
    0x0002b382   0x0000000c   Code   RO         5312    i.nrf_atomic_u32_and  nrf_atomic.o
    0x0002b38e   0x0000000a   Code   RO         5314    i.nrf_atomic_u32_fetch_add  nrf_atomic.o
    0x0002b398   0x0000000a   Code   RO         5315    i.nrf_atomic_u32_fetch_and  nrf_atomic.o
    0x0002b3a2   0x0000000a   Code   RO         5316    i.nrf_atomic_u32_fetch_or  nrf_atomic.o
    0x0002b3ac   0x0000000a   Code   RO         5317    i.nrf_atomic_u32_fetch_store  nrf_atomic.o
    0x0002b3b6   0x0000000c   Code   RO         5321    i.nrf_atomic_u32_or  nrf_atomic.o
    0x0002b3c2   0x0000000c   Code   RO         5323    i.nrf_atomic_u32_sub  nrf_atomic.o
    0x0002b3ce   0x00000044   Code   RO         5442    i.nrf_balloc_alloc  nrf_balloc.o
    0x0002b412   0x00000030   Code   RO         5443    i.nrf_balloc_free   nrf_balloc.o
    0x0002b442   0x00000030   Code   RO         5444    i.nrf_balloc_init   nrf_balloc.o
    0x0002b472   0x00000010   Code   RO         3649    i.nrf_bitmask_bit_is_set  nrfx_gpiote.o
    0x0002b482   0x00000014   Code   RO         3650    i.nrf_bitmask_bit_set  nrfx_gpiote.o
    0x0002b496   0x0000002c   Code   RO         1766    i.nrf_ble_gatt_init  nrf_ble_gatt.o
    0x0002b4c2   0x00000002   PAD
    0x0002b4c4   0x00000168   Code   RO         1767    i.nrf_ble_gatt_on_ble_evt  nrf_ble_gatt.o
    0x0002b62c   0x00000016   Code   RO         1858    i.nrf_ble_qwr_conn_handle_assign  nrf_ble_qwr.o
    0x0002b642   0x00000024   Code   RO         1859    i.nrf_ble_qwr_init  nrf_ble_qwr.o
    0x0002b666   0x000000b6   Code   RO         1860    i.nrf_ble_qwr_on_ble_evt  nrf_ble_qwr.o
    0x0002b71c   0x0000000e   Code   RO         3514    i.nrf_clock_event_check  nrfx_clock.o
    0x0002b72a   0x00000010   Code   RO         3515    i.nrf_clock_event_clear  nrfx_clock.o
    0x0002b73a   0x00000002   PAD
    0x0002b73c   0x00000038   Code   RO         3323    i.nrf_drv_clock_init  nrf_drv_clock.o
    0x0002b774   0x00000030   Code   RO         3327    i.nrf_drv_clock_lfclk_release  nrf_drv_clock.o
    0x0002b7a4   0x00000068   Code   RO         3461    i.nrf_drv_uart_init  nrf_drv_uart.o
    0x0002b80c   0x0000001a   Code   RO         5479    i.nrf_fprintf       nrf_fprintf.o
    0x0002b826   0x00000018   Code   RO         5480    i.nrf_fprintf_buffer_flush  nrf_fprintf.o
    0x0002b83e   0x000001da   Code   RO         5520    i.nrf_fprintf_fmt   nrf_fprintf_format.o
    0x0002ba18   0x0000012c   Code   RO         5560    i.nrf_fstorage_erase  nrf_fstorage.o
    0x0002bb44   0x00000088   Code   RO         5561    i.nrf_fstorage_init  nrf_fstorage.o
    0x0002bbcc   0x00000050   Code   RO         5562    i.nrf_fstorage_is_busy  nrf_fstorage.o
    0x0002bc1c   0x00000018   Code   RO         5646    i.nrf_fstorage_sdh_req_handler  nrf_fstorage_sd.o
    0x0002bc34   0x00000020   Code   RO         5647    i.nrf_fstorage_sdh_state_handler  nrf_fstorage_sd.o
    0x0002bc54   0x000000a4   Code   RO         5648    i.nrf_fstorage_sys_evt_handler  nrf_fstorage_sd.o
    0x0002bcf8   0x000001d4   Code   RO         5567    i.nrf_fstorage_write  nrf_fstorage.o
    0x0002becc   0x00000024   Code   RO          461    i.nrf_gpio_cfg      boards.o
    0x0002bef0   0x00000024   Code   RO         3651    i.nrf_gpio_cfg      nrfx_gpiote.o
    0x0002bf14   0x00000024   Code   RO         3996    i.nrf_gpio_cfg      nrfx_uart.o
    0x0002bf38   0x00000024   Code   RO         4185    i.nrf_gpio_cfg      nrfx_uarte.o
    0x0002bf5c   0x00000012   Code   RO         3997    i.nrf_gpio_cfg_default  nrfx_uart.o
    0x0002bf6e   0x00000012   Code   RO         4186    i.nrf_gpio_cfg_default  nrfx_uarte.o
    0x0002bf80   0x00000012   Code   RO         3998    i.nrf_gpio_cfg_input  nrfx_uart.o
    0x0002bf92   0x00000012   Code   RO         4187    i.nrf_gpio_cfg_input  nrfx_uarte.o
    0x0002bfa4   0x00000014   Code   RO         3999    i.nrf_gpio_cfg_output  nrfx_uart.o
    0x0002bfb8   0x00000014   Code   RO         4188    i.nrf_gpio_cfg_output  nrfx_uarte.o
    0x0002bfcc   0x00000022   Code   RO         3653    i.nrf_gpio_cfg_sense_set  nrfx_gpiote.o
    0x0002bfee   0x00000016   Code   RO          462    i.nrf_gpio_pin_write  boards.o
    0x0002c004   0x00000028   Code   RO         3654    i.nrf_gpio_ports_read  nrfx_gpiote.o
    0x0002c02c   0x00000014   Code   RO         3655    i.nrf_gpiote_event_clear  nrfx_gpiote.o
    0x0002c040   0x00000010   Code   RO         3656    i.nrf_gpiote_event_is_set  nrfx_gpiote.o
    0x0002c050   0x00000050   Code   RO         6151    i.nrf_log_backend_add  nrf_log_frontend.o
    0x0002c0a0   0x000000c8   Code   RO         5991    i.nrf_log_backend_serial_put  nrf_log_backend_serial.o
    0x0002c168   0x00000002   Code   RO         6031    i.nrf_log_backend_uart_flush  nrf_log_backend_uart.o
    0x0002c16a   0x00000006   Code   RO         6032    i.nrf_log_backend_uart_init  nrf_log_backend_uart.o
    0x0002c170   0x0000002c   Code   RO         6033    i.nrf_log_backend_uart_panic_set  nrf_log_backend_uart.o
    0x0002c19c   0x00000018   Code   RO         6034    i.nrf_log_backend_uart_put  nrf_log_backend_uart.o
    0x0002c1b4   0x00000030   Code   RO         6153    i.nrf_log_color_id_get  nrf_log_frontend.o
    0x0002c1e4   0x0000001c   Code   RO         6111    i.nrf_log_default_backends_init  nrf_log_default_backends.o
    0x0002c200   0x00000220   Code   RO         6154    i.nrf_log_frontend_dequeue  nrf_log_frontend.o
    0x0002c420   0x00000008   Code   RO         6156    i.nrf_log_frontend_std_0  nrf_log_frontend.o
    0x0002c428   0x0000000e   Code   RO         6157    i.nrf_log_frontend_std_1  nrf_log_frontend.o
    0x0002c436   0x00000010   Code   RO         6158    i.nrf_log_frontend_std_2  nrf_log_frontend.o
    0x0002c446   0x00000012   Code   RO         6159    i.nrf_log_frontend_std_3  nrf_log_frontend.o
    0x0002c458   0x0000001c   Code   RO         6161    i.nrf_log_frontend_std_5  nrf_log_frontend.o
    0x0002c474   0x0000001c   Code   RO         6162    i.nrf_log_frontend_std_6  nrf_log_frontend.o
    0x0002c490   0x000000ac   Code   RO         6331    i.nrf_log_hexdump_entry_process  nrf_log_str_formatter.o
    0x0002c53c   0x00000058   Code   RO         6163    i.nrf_log_init      nrf_log_frontend.o
    0x0002c594   0x00000014   Code   RO         6164    i.nrf_log_module_cnt_get  nrf_log_frontend.o
    0x0002c5a8   0x0000001c   Code   RO         6167    i.nrf_log_module_name_get  nrf_log_frontend.o
    0x0002c5c4   0x00000028   Code   RO         6168    i.nrf_log_panic     nrf_log_frontend.o
    0x0002c5ec   0x000000b6   Code   RO         6332    i.nrf_log_std_entry_process  nrf_log_str_formatter.o
    0x0002c6a2   0x00000060   Code   RO         5758    i.nrf_memobj_alloc  nrf_memobj.o
    0x0002c702   0x00000032   Code   RO         5759    i.nrf_memobj_free   nrf_memobj.o
    0x0002c734   0x00000008   Code   RO         5760    i.nrf_memobj_get    nrf_memobj.o
    0x0002c73c   0x00000004   Code   RO         5761    i.nrf_memobj_pool_init  nrf_memobj.o
    0x0002c740   0x0000001e   Code   RO         5762    i.nrf_memobj_put    nrf_memobj.o
    0x0002c75e   0x0000000c   Code   RO         5763    i.nrf_memobj_read   nrf_memobj.o
    0x0002c76a   0x0000000c   Code   RO         5764    i.nrf_memobj_write  nrf_memobj.o
    0x0002c776   0x00000002   PAD
    0x0002c778   0x00000028   Code   RO         5836    i.nrf_pwr_mgmt_init  nrf_pwr_mgmt.o
    0x0002c7a0   0x00000044   Code   RO         5837    i.nrf_pwr_mgmt_run  nrf_pwr_mgmt.o
    0x0002c7e4   0x0000001c   Code   RO           15    i.nrf_qwr_error_handler  main.o
    0x0002c800   0x00000014   Code   RO         6881    i.nrf_sdh_ble_app_ram_start_get  nrf_sdh_ble.o
    0x0002c814   0x0000010c   Code   RO         6882    i.nrf_sdh_ble_default_cfg_set  nrf_sdh_ble.o
    0x0002c920   0x0000012c   Code   RO         6883    i.nrf_sdh_ble_enable  nrf_sdh_ble.o
    0x0002ca4c   0x000000a0   Code   RO         6884    i.nrf_sdh_ble_evts_poll  nrf_sdh_ble.o
    0x0002caec   0x00000054   Code   RO         6748    i.nrf_sdh_disable_request  nrf_sdh.o
    0x0002cb40   0x00000078   Code   RO         6749    i.nrf_sdh_enable_request  nrf_sdh.o
    0x0002cbb8   0x00000024   Code   RO         6750    i.nrf_sdh_evts_poll  nrf_sdh.o
    0x0002cbdc   0x0000000c   Code   RO         6751    i.nrf_sdh_is_enabled  nrf_sdh.o
    0x0002cbe8   0x0000001c   Code   RO         6753    i.nrf_sdh_request_continue  nrf_sdh.o
    0x0002cc04   0x00000080   Code   RO         6932    i.nrf_sdh_soc_evts_poll  nrf_sdh_soc.o
    0x0002cc84   0x0000000a   Code   RO         5905    i.nrf_section_iter_init  nrf_section_iter.o
    0x0002cc8e   0x00000024   Code   RO         5906    i.nrf_section_iter_item_set  nrf_section_iter.o
    0x0002ccb2   0x00000020   Code   RO         5907    i.nrf_section_iter_next  nrf_section_iter.o
    0x0002ccd2   0x00000002   PAD
    0x0002ccd4   0x00000038   Code   RO         5940    i.nrf_strerror_find  nrf_strerror.o
    0x0002cd0c   0x00000014   Code   RO         5941    i.nrf_strerror_get  nrf_strerror.o
    0x0002cd20   0x0000000a   Code   RO         4000    i.nrf_uart_event_check  nrfx_uart.o
    0x0002cd2a   0x0000000c   Code   RO         4001    i.nrf_uart_event_clear  nrfx_uart.o
    0x0002cd36   0x0000000c   Code   RO         4002    i.nrf_uart_int_enable_check  nrfx_uart.o
    0x0002cd42   0x0000000a   Code   RO         4189    i.nrf_uarte_event_check  nrfx_uarte.o
    0x0002cd4c   0x0000000c   Code   RO         4190    i.nrf_uarte_event_clear  nrfx_uarte.o
    0x0002cd58   0x0000002c   Code   RO         3520    i.nrfx_clock_enable  nrfx_clock.o
    0x0002cd84   0x00000020   Code   RO         3523    i.nrfx_clock_init   nrfx_clock.o
    0x0002cda4   0x0000001c   Code   RO         3526    i.nrfx_clock_lfclk_stop  nrfx_clock.o
    0x0002cdc0   0x00000010   Code   RO         4555    i.nrfx_coredep_delay_us  app_timer.o
    0x0002cdd0   0x000000a4   Code   RO         3661    i.nrfx_gpiote_in_event_enable  nrfx_gpiote.o
    0x0002ce74   0x000000d0   Code   RO         3662    i.nrfx_gpiote_in_init  nrfx_gpiote.o
    0x0002cf44   0x00000014   Code   RO         3663    i.nrfx_gpiote_in_is_set  nrfx_gpiote.o
    0x0002cf58   0x00000070   Code   RO         3665    i.nrfx_gpiote_init  nrfx_gpiote.o
    0x0002cfc8   0x00000014   Code   RO         3666    i.nrfx_gpiote_is_init  nrfx_gpiote.o
    0x0002cfdc   0x00000010   Code   RO         4191    i.nrfx_is_in_ram    nrfx_uarte.o
    0x0002cfec   0x0000003a   Code   RO         3945    i.nrfx_prs_acquire  nrfx_prs.o
    0x0002d026   0x00000012   Code   RO         3946    i.nrfx_prs_release  nrfx_prs.o
    0x0002d038   0x00000010   Code   RO         4003    i.nrfx_uart_0_irq_handler  nrfx_uart.o
    0x0002d048   0x000000d4   Code   RO         4005    i.nrfx_uart_init    nrfx_uart.o
    0x0002d11c   0x000000a4   Code   RO         4011    i.nrfx_uart_tx      nrfx_uart.o
    0x0002d1c0   0x00000020   Code   RO         4013    i.nrfx_uart_tx_in_progress  nrfx_uart.o
    0x0002d1e0   0x000000b4   Code   RO         4014    i.nrfx_uart_uninit  nrfx_uart.o
    0x0002d294   0x00000010   Code   RO         4192    i.nrfx_uarte_0_irq_handler  nrfx_uarte.o
    0x0002d2a4   0x0000006c   Code   RO         4194    i.nrfx_uarte_init   nrfx_uarte.o
    0x0002d310   0x00000090   Code   RO         4198    i.nrfx_uarte_tx     nrfx_uarte.o
    0x0002d3a0   0x0000001c   Code   RO         4200    i.nrfx_uarte_tx_in_progress  nrfx_uarte.o
    0x0002d3bc   0x000000b0   Code   RO         4201    i.nrfx_uarte_uninit  nrfx_uarte.o
    0x0002d46c   0x0000006c   Code   RO           16    i.on_adv_evt        main.o
    0x0002d4d8   0x000000bc   Code   RO           17    i.on_adv_report     main.o
    0x0002d594   0x000001dc   Code   RO           18    i.on_ble_central_evt  main.o
    0x0002d770   0x000000dc   Code   RO           19    i.on_ble_peripheral_evt  main.o
    0x0002d84c   0x00000114   Code   RO         1202    i.on_characteristic_discovery_rsp  ble_db_discovery.o
    0x0002d960   0x000000a0   Code   RO         1768    i.on_connected_evt  nrf_ble_gatt.o
    0x0002da00   0x000000f0   Code   RO         1203    i.on_descriptor_discovery_rsp  ble_db_discovery.o
    0x0002daf0   0x000000a4   Code   RO         1769    i.on_exchange_mtu_request_evt  nrf_ble_gatt.o
    0x0002db94   0x0000006c   Code   RO         1204    i.on_primary_srv_discovery_rsp  ble_db_discovery.o
    0x0002dc00   0x0000007c   Code   RO         1205    i.on_srv_disc_completion  ble_db_discovery.o
    0x0002dc7c   0x00000024   Code   RO         4838    i.page_identify     fds.o
    0x0002dca0   0x0000001c   Code   RO         4839    i.page_offsets_update  fds.o
    0x0002dcbc   0x0000006c   Code   RO         4840    i.page_scan         fds.o
    0x0002dd28   0x0000001c   Code   RO         4841    i.page_tag_write_data  fds.o
    0x0002dd44   0x00000024   Code   RO         4842    i.page_tag_write_swap  fds.o
    0x0002dd68   0x0000011c   Code   RO         4843    i.pages_init        fds.o
    0x0002de84   0x0000000c   Code   RO         2681    i.pairing           security_dispatcher.o
    0x0002de90   0x00000006   Code   RO         2822    i.params_reply_pending_handle  security_manager.o
    0x0002de96   0x00000028   Code   RO         2823    i.params_req_send   security_manager.o
    0x0002debe   0x00000002   PAD
    0x0002dec0   0x0000001c   Code   RO         2038    i.pdb_evt_send      peer_database.o
    0x0002dedc   0x0000004c   Code   RO         2039    i.pdb_init          peer_database.o
    0x0002df28   0x00000004   Code   RO         2041    i.pdb_next_deleted_peer_id_get  peer_database.o
    0x0002df2c   0x00000004   Code   RO         2042    i.pdb_next_peer_id_get  peer_database.o
    0x0002df30   0x00000074   Code   RO         2043    i.pdb_pds_evt_handler  peer_database.o
    0x0002dfa4   0x00000004   Code   RO         2044    i.pdb_peer_allocate  peer_database.o
    0x0002dfa8   0x00000010   Code   RO         2045    i.pdb_peer_data_load  peer_database.o
    0x0002dfb8   0x00000006   Code   RO         2046    i.pdb_peer_data_ptr_get  peer_database.o
    0x0002dfbe   0x00000044   Code   RO         2047    i.pdb_peer_free     peer_database.o
    0x0002e002   0x00000008   Code   RO         2048    i.pdb_raw_store     peer_database.o
    0x0002e00a   0x00000002   PAD
    0x0002e00c   0x000000c4   Code   RO         2049    i.pdb_write_buf_get  peer_database.o
    0x0002e0d0   0x00000028   Code   RO         2050    i.pdb_write_buf_release  peer_database.o
    0x0002e0f8   0x00000028   Code   RO         2051    i.pdb_write_buf_store  peer_database.o
    0x0002e120   0x00000068   Code   RO         2052    i.pdb_write_buf_store_prepare  peer_database.o
    0x0002e188   0x00000010   Code   RO         1901    i.pds_evt_send      peer_data_storage.o
    0x0002e198   0x0000006c   Code   RO         1902    i.pds_init          peer_data_storage.o
    0x0002e204   0x00000004   Code   RO         1903    i.pds_next_deleted_peer_id_get  peer_data_storage.o
    0x0002e208   0x00000004   Code   RO         1904    i.pds_next_peer_id_get  peer_data_storage.o
    0x0002e20c   0x00000058   Code   RO         1907    i.pds_peer_data_iterate  peer_data_storage.o
    0x0002e264   0x00000010   Code   RO         1908    i.pds_peer_data_iterate_prepare  peer_data_storage.o
    0x0002e274   0x00000068   Code   RO         1909    i.pds_peer_data_read  peer_data_storage.o
    0x0002e2dc   0x00000096   Code   RO         1910    i.pds_peer_data_store  peer_data_storage.o
    0x0002e372   0x00000008   Code   RO         1911    i.pds_peer_id_allocate  peer_data_storage.o
    0x0002e37a   0x00000016   Code   RO         1912    i.pds_peer_id_free  peer_data_storage.o
    0x0002e390   0x00000004   Code   RO         1913    i.pds_peer_id_is_allocated  peer_data_storage.o
    0x0002e394   0x0000002e   Code   RO         1914    i.pds_space_reserve  peer_data_storage.o
    0x0002e3c2   0x00000010   Code   RO         1915    i.pds_space_reserve_cancel  peer_data_storage.o
    0x0002e3d2   0x00000002   PAD
    0x0002e3d4   0x0000000c   Code   RO         2682    i.peer_created      security_dispatcher.o
    0x0002e3e0   0x00000006   Code   RO         2053    i.peer_data_const_point_to_buffer  peer_database.o
    0x0002e3e6   0x00000002   PAD
    0x0002e3e8   0x00000078   Code   RO         1916    i.peer_data_delete_process  peer_data_storage.o
    0x0002e460   0x00000030   Code   RO         1917    i.peer_data_find    peer_data_storage.o
    0x0002e490   0x00000020   Code   RO         1918    i.peer_data_id_is_valid  peer_data_storage.o
    0x0002e4b0   0x0000001a   Code   RO         2054    i.peer_data_point_to_buffer  peer_database.o
    0x0002e4ca   0x00000002   PAD
    0x0002e4cc   0x0000000c   Code   RO         2208    i.peer_id_allocate  peer_id.o
    0x0002e4d8   0x00000024   Code   RO         2209    i.peer_id_delete    peer_id.o
    0x0002e4fc   0x0000001c   Code   RO         2210    i.peer_id_free      peer_id.o
    0x0002e518   0x0000000c   Code   RO         2211    i.peer_id_get_next_deleted  peer_id.o
    0x0002e524   0x00000030   Code   RO         2212    i.peer_id_get_next_used  peer_id.o
    0x0002e554   0x00000028   Code   RO         2213    i.peer_id_init      peer_id.o
    0x0002e57c   0x00000014   Code   RO         2214    i.peer_id_is_allocated  peer_id.o
    0x0002e590   0x00000014   Code   RO         2215    i.peer_id_is_deleted  peer_id.o
    0x0002e5a4   0x0000001c   Code   RO         1597    i.peer_id_set       id_manager.o
    0x0002e5c0   0x00000084   Code   RO           20    i.peer_manager_init  main.o
    0x0002e644   0x00000012   Code   RO          868    i.phy_is_valid      ble_advertising.o
    0x0002e656   0x00000002   PAD
    0x0002e658   0x00000018   Code   RO         3682    i.pin_in_use_by_port  nrfx_gpiote.o
    0x0002e670   0x00000018   Code   RO         3683    i.pin_in_use_by_te  nrfx_gpiote.o
    0x0002e688   0x0000005c   Code   RO         2577    i.pm_buffer_block_acquire  pm_buffer.o
    0x0002e6e4   0x00000040   Code   RO         2578    i.pm_buffer_init    pm_buffer.o
    0x0002e724   0x00000028   Code   RO         2579    i.pm_buffer_ptr_get  pm_buffer.o
    0x0002e74c   0x0000002e   Code   RO         2580    i.pm_buffer_release  pm_buffer.o
    0x0002e77a   0x0000000a   Code   RO         2300    i.pm_conn_sec_config_reply  peer_manager.o
    0x0002e784   0x00000134   Code   RO           21    i.pm_evt_handler    main.o
    0x0002e8b8   0x00000004   Code   RO         2305    i.pm_gcm_evt_handler  peer_manager.o
    0x0002e8bc   0x00000004   Code   RO         2308    i.pm_im_evt_handler  peer_manager.o
    0x0002e8c0   0x0000004c   Code   RO         2309    i.pm_init           peer_manager.o
    0x0002e90c   0x0000000e   Code   RO         2620    i.pm_mutex_init     pm_mutex.o
    0x0002e91a   0x0000001a   Code   RO         2621    i.pm_mutex_lock     pm_mutex.o
    0x0002e934   0x00000036   Code   RO         2622    i.pm_mutex_lock_first_available  pm_mutex.o
    0x0002e96a   0x00000018   Code   RO         2623    i.pm_mutex_lock_status_get  pm_mutex.o
    0x0002e982   0x0000003a   Code   RO         2624    i.pm_mutex_unlock   pm_mutex.o
    0x0002e9bc   0x00000118   Code   RO         2313    i.pm_pdb_evt_handler  peer_manager.o
    0x0002ead4   0x00000014   Code   RO         2324    i.pm_peer_delete    peer_manager.o
    0x0002eae8   0x000000b8   Code   RO         2328    i.pm_peer_ranks_get  peer_manager.o
    0x0002eba0   0x00000068   Code   RO         2329    i.pm_peers_delete   peer_manager.o
    0x0002ec08   0x0000002c   Code   RO         2332    i.pm_register       peer_manager.o
    0x0002ec34   0x00000014   Code   RO         2333    i.pm_sec_params_set  peer_manager.o
    0x0002ec48   0x0000000a   Code   RO         2334    i.pm_sm_evt_handler  peer_manager.o
    0x0002ec52   0x00000002   PAD
    0x0002ec54   0x0000003c   Code   RO         6334    i.postfix_process   nrf_log_str_formatter.o
    0x0002ec90   0x00000098   Code   RO         6335    i.prefix_process    nrf_log_str_formatter.o
    0x0002ed28   0x00000018   Code   RO         3947    i.prs_box_get       nrfx_prs.o
    0x0002ed40   0x0000001c   Code   RO         4844    i.queue_buf_get     fds.o
    0x0002ed5c   0x00000010   Code   RO         4845    i.queue_buf_store   fds.o
    0x0002ed6c   0x00000014   Code   RO         5649    i.queue_free        nrf_fstorage_sd.o
    0x0002ed80   0x000000a0   Code   RO         4846    i.queue_process     fds.o
    0x0002ee20   0x000000a0   Code   RO         5650    i.queue_process     nrf_fstorage_sd.o
    0x0002eec0   0x0000001c   Code   RO         4847    i.queue_start       fds.o
    0x0002eedc   0x00000024   Code   RO         5651    i.queue_start       nrf_fstorage_sd.o
    0x0002ef00   0x00000028   Code   RO         2337    i.rank_vars_update  peer_manager.o
    0x0002ef28   0x0000000e   Code   RO         5652    i.read              nrf_fstorage_sd.o
    0x0002ef36   0x00000002   PAD
    0x0002ef38   0x0000007c   Code   RO         2055    i.reattempt_previous_operations  peer_database.o
    0x0002efb4   0x00000088   Code   RO         4848    i.record_find       fds.o
    0x0002f03c   0x000000a0   Code   RO         4849    i.record_find_by_desc  fds.o
    0x0002f0dc   0x0000005c   Code   RO         4850    i.record_find_next  fds.o
    0x0002f138   0x00000038   Code   RO         4851    i.record_header_flag_dirty  fds.o
    0x0002f170   0x00000038   Code   RO         1206    i.registered_handler_get  ble_db_discovery.o
    0x0002f1a8   0x00000010   Code   RO         2217    i.release           peer_id.o
    0x0002f1b8   0x00000004   Code   RO         5653    i.rmap              nrf_fstorage_sd.o
    0x0002f1bc   0x00000094   Code   RO         3119    i.rsc_feature_char_add  ble_rscs.o
    0x0002f250   0x000000c2   Code   RO         3120    i.rsc_measurement_char_add  ble_rscs.o
    0x0002f312   0x0000005e   Code   RO         3121    i.rsc_measurement_encode  ble_rscs.o
    0x0002f370   0x0000003c   Code   RO         4556    i.rtc1_stop         app_timer.o
    0x0002f3ac   0x00000032   Code   RO         4015    i.rx_byte           nrfx_uart.o
    0x0002f3de   0x00000016   Code   RO         4016    i.rx_done_event     nrfx_uart.o
    0x0002f3f4   0x00000018   Code   RO         4202    i.rx_done_event     nrfx_uarte.o
    0x0002f40c   0x00000024   Code   RO         1381    i.sc_send_pending_handle  gatt_cache_manager.o
    0x0002f430   0x00000028   Code   RO           22    i.scan_start        main.o
    0x0002f458   0x00000042   Code   RO         6756    i.sd_nvic_SetPriority  nrf_sdh.o
    0x0002f49a   0x00000002   PAD
    0x0002f49c   0x00000050   Code   RO         3330    i.sd_state_evt_handler  nrf_drv_clock.o
    0x0002f4ec   0x00000030   Code   RO         6757    i.sdh_request_observer_notify  nrf_sdh.o
    0x0002f51c   0x0000002c   Code   RO         6758    i.sdh_state_observer_notify  nrf_sdh.o
    0x0002f548   0x000000a2   Code   RO         2683    i.sec_info_request_process  security_dispatcher.o
    0x0002f5ea   0x00000002   PAD
    0x0002f5ec   0x0000006c   Code   RO         2684    i.sec_keyset_fill   security_dispatcher.o
    0x0002f658   0x00000076   Code   RO         2824    i.sec_params_verify  security_manager.o
    0x0002f6ce   0x00000002   PAD
    0x0002f6d0   0x00000038   Code   RO         2685    i.sec_proc_housekeeping  security_dispatcher.o
    0x0002f708   0x00000068   Code   RO         2686    i.sec_proc_start    security_dispatcher.o
    0x0002f770   0x00000022   Code   RO         2687    i.send_config_req   security_dispatcher.o
    0x0002f792   0x00000002   PAD
    0x0002f794   0x00000010   Code   RO          958    i.send_error_evt    ble_conn_params.o
    0x0002f7a4   0x00000028   Code   RO         1382    i.send_unexpected_error  gatt_cache_manager.o
    0x0002f7cc   0x00000028   Code   RO         2688    i.send_unexpected_error  security_dispatcher.o
    0x0002f7f4   0x00000048   Code   RO         6035    i.serial_tx         nrf_log_backend_uart.o
    0x0002f83c   0x00000014   Code   RO         1383    i.service_changed_pending_flags_check  gatt_cache_manager.o
    0x0002f850   0x00000044   Code   RO         1503    i.service_changed_pending_set  gatts_cache_manager.o
    0x0002f894   0x0000008c   Code   RO         1384    i.service_changed_send_in_evt  gatt_cache_manager.o
    0x0002f920   0x00000088   Code   RO          756    i.service_data_encode  ble_advdata.o
    0x0002f9a8   0x00000140   Code   RO           23    i.services_init     main.o
    0x0002fae8   0x00000020   Code   RO         2825    i.sm_ble_evt_handler  security_manager.o
    0x0002fb08   0x00000004   Code   RO         2826    i.sm_conn_sec_config_reply  security_manager.o
    0x0002fb0c   0x0000004c   Code   RO         2827    i.sm_init           security_manager.o
    0x0002fb58   0x00000058   Code   RO         2830    i.sm_pdb_evt_handler  security_manager.o
    0x0002fbb0   0x00000034   Code   RO         2832    i.sm_sec_params_set  security_manager.o
    0x0002fbe4   0x00000060   Code   RO         2833    i.sm_smd_evt_handler  security_manager.o
    0x0002fc44   0x00000118   Code   RO         2689    i.smd_ble_evt_handler  security_dispatcher.o
    0x0002fd5c   0x00000010   Code   RO         2690    i.smd_conn_sec_config_reply  security_dispatcher.o
    0x0002fd6c   0x00000058   Code   RO         2691    i.smd_init          security_dispatcher.o
    0x0002fdc4   0x0000006c   Code   RO         2692    i.smd_link_secure   security_dispatcher.o
    0x0002fe30   0x000000fc   Code   RO         2693    i.smd_params_reply  security_dispatcher.o
    0x0002ff2c   0x00000040   Code   RO         2834    i.smd_params_reply_perform  security_manager.o
    0x0002ff6c   0x00000018   Code   RO         3331    i.soc_evt_handler   nrf_drv_clock.o
    0x0002ff84   0x00000078   Code   RO         6759    i.softdevice_evt_irq_disable  nrf_sdh.o
    0x0002fffc   0x00000090   Code   RO         6760    i.softdevices_evt_irq_enable  nrf_sdh.o
    0x0003008c   0x0000008c   Code   RO         6170    i.std_n             nrf_log_frontend.o
    0x00030118   0x0000006c   Code   RO         6761    i.swi_interrupt_priority_workaround  nrf_sdh.o
    0x00030184   0x00000080   Code   RO         4557    i.timer_list_handler  app_timer.o
    0x00030204   0x0000003c   Code   RO         4558    i.timer_list_insert  app_timer.o
    0x00030240   0x00000060   Code   RO         4559    i.timer_list_remove  app_timer.o
    0x000302a0   0x00000048   Code   RO         4560    i.timer_stop_op_schedule  app_timer.o
    0x000302e8   0x00000074   Code   RO         4561    i.timer_timeouts_check  app_timer.o
    0x0003035c   0x00000020   Code   RO         4018    i.tx_byte           nrfx_uart.o
    0x0003037c   0x0000001a   Code   RO         4019    i.tx_done_event     nrfx_uart.o
    0x00030396   0x00000002   PAD
    0x00030398   0x00000030   Code   RO         3462    i.uart_evt_handler  nrf_drv_uart.o
    0x000303c8   0x0000000c   Code   RO         6036    i.uart_evt_handler  nrf_log_backend_uart.o
    0x000303d4   0x00000058   Code   RO         6037    i.uart_init         nrf_log_backend_uart.o
    0x0003042c   0x00000128   Code   RO         4020    i.uart_irq_handler  nrfx_uart.o
    0x00030554   0x00000030   Code   RO         3463    i.uarte_evt_handler  nrf_drv_uart.o
    0x00030584   0x000000f4   Code   RO         4203    i.uarte_irq_handler  nrfx_uarte.o
    0x00030678   0x0000000a   Code   RO          757    i.uint16_encode     ble_advdata.o
    0x00030682   0x00000002   PAD
    0x00030684   0x00000020   Code   RO         5654    i.uninit            nrf_fstorage_sd.o
    0x000306a4   0x000000b4   Code   RO         5521    i.unsigned_print    nrf_fprintf_format.o
    0x00030758   0x00000014   Code   RO         1385    i.update_pending_flags_check  gatt_cache_manager.o
    0x0003076c   0x00000068   Code   RO          959    i.update_timeout_handler  ble_conn_params.o
    0x000307d4   0x00000018   Code   RO          869    i.use_whitelist     ble_advertising.o
    0x000307ec   0x0000000c   Code   RO         1051    i.user_flag_is_acquired  ble_conn_state.o
    0x000307f8   0x00000024   Code   RO         1861    i.user_mem_reply    nrf_ble_qwr.o
    0x0003081c   0x00000030   Code   RO         4562    i.user_op_alloc     app_timer.o
    0x0003084c   0x00000030   Code   RO          758    i.uuid_list_encode  ble_advdata.o
    0x0003087c   0x0000009e   Code   RO          759    i.uuid_list_sized_encode  ble_advdata.o
    0x0003091a   0x00000004   Code   RO         5655    i.wmap              nrf_fstorage_sd.o
    0x0003091e   0x00000002   PAD
    0x00030920   0x00000050   Code   RO         5656    i.write             nrf_fstorage_sd.o
    0x00030970   0x00000024   Code   RO         2056    i.write_buf_length_words_set  peer_database.o
    0x00030994   0x00000084   Code   RO         2057    i.write_buf_store   peer_database.o
    0x00030a18   0x00000034   Code   RO         2058    i.write_buffer_record_find  peer_database.o
    0x00030a4c   0x00000028   Code   RO         2059    i.write_buffer_record_find_next  peer_database.o
    0x00030a74   0x0000001e   Code   RO         2060    i.write_buffer_record_invalidate  peer_database.o
    0x00030a92   0x00000002   PAD
    0x00030a94   0x0000002c   Code   RO         2061    i.write_buffer_record_release  peer_database.o
    0x00030ac0   0x000000e8   Code   RO         4853    i.write_enqueue     fds.o
    0x00030ba8   0x000000f4   Code   RO         4854    i.write_execute     fds.o
    0x00030c9c   0x00000018   Code   RO         4855    i.write_space_free  fds.o
    0x00030cb4   0x0000005c   Code   RO         4856    i.write_space_reserve  fds.o
    0x00030d10   0x0000001a   Data   RO           26    .constdata          main.o
    0x00030d2a   0x00000008   Data   RO          463    .constdata          boards.o
    0x00030d32   0x00000002   PAD
    0x00030d34   0x0000002c   Data   RO          601    .constdata          bsp.o
    0x00030d60   0x0000007c   Data   RO         1208    .constdata          ble_db_discovery.o
    0x00030ddc   0x00000050   Data   RO         1386    .constdata          gatt_cache_manager.o
    0x00030e2c   0x00000004   Data   RO         1504    .constdata          gatts_cache_manager.o
    0x00030e30   0x00000010   Data   RO         1505    .constdata          gatts_cache_manager.o
    0x00030e40   0x00000004   Data   RO         1506    .constdata          gatts_cache_manager.o
    0x00030e44   0x00000008   Data   RO         1600    .constdata          id_manager.o
    0x00030e4c   0x00000016   Data   RO         1770    .constdata          nrf_ble_gatt.o
    0x00030e62   0x00000002   PAD
    0x00030e64   0x00000018   Data   RO         1919    .constdata          peer_data_storage.o
    0x00030e7c   0x00000010   Data   RO         2063    .constdata          peer_database.o
    0x00030e8c   0x00000010   Data   RO         2339    .constdata          peer_manager.o
    0x00030e9c   0x00000068   Data   RO         2695    .constdata          security_dispatcher.o
    0x00030f04   0x00000004   Data   RO         2835    .constdata          security_manager.o
    0x00030f08   0x00000028   Data   RO         3246    .constdata          ble_nus_c.o
    0x00030f30   0x00000004   Data   RO         3685    .constdata          nrfx_gpiote.o
    0x00030f34   0x00000004   Data   RO         4023    .constdata          nrfx_uart.o
    0x00030f38   0x00000004   Data   RO         4206    .constdata          nrfx_uarte.o
    0x00030f3c   0x00000008   Data   RO         4342    .constdata          app_button.o
    0x00030f44   0x0000000c   PAD
    0x00030f50   0x00000006   Data   RO         4564    .constdata          app_timer.o
    0x00030f56   0x00000002   PAD
    0x00030f58   0x00000018   Data   RO         4858    .constdata          fds.o
    0x00030f70   0x00000010   Data   RO         5522    .constdata          nrf_fprintf_format.o
    0x00030f80   0x0000005e   Data   RO         5568    .constdata          nrf_fstorage.o
    0x00030fde   0x00000002   PAD
    0x00030fe0   0x00000010   Data   RO         5658    .constdata          nrf_fstorage_sd.o
    0x00030ff0   0x00000020   Data   RO         5659    .constdata          nrf_fstorage_sd.o
    0x00031010   0x00000018   Data   RO         5841    .constdata          nrf_pwr_mgmt.o
    0x00031028   0x0000000c   Data   RO         5842    .constdata          nrf_pwr_mgmt.o
    0x00031034   0x0000013c   Data   RO         5942    .constdata          nrf_strerror.o
    0x00031170   0x0000000c   Data   RO         6039    .constdata          nrf_log_backend_uart.o
    0x0003117c   0x00000020   Data   RO         6040    .constdata          nrf_log_backend_uart.o
    0x0003119c   0x00000010   Data   RO         6762    .constdata          nrf_sdh.o
    0x000311ac   0x00000028   Data   RO         6763    .constdata          nrf_sdh.o
    0x000311d4   0x00000010   Data   RO         6764    .constdata          nrf_sdh.o
    0x000311e4   0x00000010   Data   RO         6765    .constdata          nrf_sdh.o
    0x000311f4   0x00000020   Data   RO         6885    .constdata          nrf_sdh_ble.o
    0x00031214   0x00000010   Data   RO         6886    .constdata          nrf_sdh_ble.o
    0x00031224   0x00000010   Data   RO         6933    .constdata          nrf_sdh_soc.o
    0x00031234   0x0000000c   Data   RO         6934    .constdata          nrf_sdh_soc.o
    0x00031240   0x00000081   Data   RO         7021    .constdata          mc_w.l(ctype_o.o)
    0x000312c1   0x00000003   PAD
    0x000312c4   0x00000004   Data   RO         7022    .constdata          mc_w.l(ctype_o.o)
    0x000312c8   0x000000a2   Data   RO         1771    .conststring        nrf_ble_gatt.o
    0x0003136a   0x00000002   PAD
    0x0003136c   0x0000004f   Data   RO         5569    .conststring        nrf_fstorage.o
    0x000313bb   0x00000001   PAD
    0x000313bc   0x000003eb   Data   RO         5943    .conststring        nrf_strerror.o
    0x000317a7   0x00000001   PAD
    0x000317a8   0x00000056   Data   RO         6041    .conststring        nrf_log_backend_uart.o
    0x000317fe   0x00000002   PAD
    0x00031800   0x00000066   Data   RO         6336    .conststring        nrf_log_str_formatter.o
    0x00031866   0x00000002   PAD
    0x00031868   0x00000188   Data   RO         6887    .conststring        nrf_sdh_ble.o
    0x000319f0   0x0000000c   Data   RO         1209    .conststrlit        ble_db_discovery.o
    0x000319fc   0x0000000d   Data   RO         1772    .conststrlit        nrf_ble_gatt.o
    0x00031a09   0x00000003   PAD
    0x00031a0c   0x0000000a   Data   RO         3055    .conststrlit        ble_hrs_c.o
    0x00031a16   0x00000002   PAD
    0x00031a18   0x0000000b   Data   RO         3179    .conststrlit        ble_rscs_c.o
    0x00031a23   0x00000001   PAD
    0x00031a24   0x00000008   Data   RO         3247    .conststrlit        ble_nus_c.o
    0x00031a2c   0x00000006   Data   RO         3337    .conststrlit        nrf_drv_clock.o
    0x00031a32   0x00000002   PAD
    0x00031a34   0x00000006   Data   RO         3530    .conststrlit        nrfx_clock.o
    0x00031a3a   0x00000002   PAD
    0x00031a3c   0x00000007   Data   RO         3689    .conststrlit        nrfx_gpiote.o
    0x00031a43   0x00000001   PAD
    0x00031a44   0x00000004   Data   RO         3949    .conststrlit        nrfx_prs.o
    0x00031a48   0x00000005   Data   RO         4026    .conststrlit        nrfx_uart.o
    0x00031a4d   0x00000003   PAD
    0x00031a50   0x00000006   Data   RO         4209    .conststrlit        nrfx_uarte.o
    0x00031a56   0x00000002   PAD
    0x00031a58   0x0000000f   Data   RO         4859    .conststrlit        fds.o
    0x00031a67   0x00000001   PAD
    0x00031a68   0x0000000d   Data   RO         5570    .conststrlit        nrf_fstorage.o
    0x00031a75   0x00000003   PAD
    0x00031a78   0x0000000e   Data   RO         5660    .conststrlit        nrf_fstorage_sd.o
    0x00031a86   0x00000002   PAD
    0x00031a88   0x00000009   Data   RO         5843    .conststrlit        nrf_pwr_mgmt.o
    0x00031a91   0x00000003   PAD
    0x00031a94   0x00000018   Data   RO         6173    .conststrlit        nrf_log_frontend.o
    0x00031aac   0x00000008   Data   RO         6766    .conststrlit        nrf_sdh.o
    0x00031ab4   0x0000000c   Data   RO         6888    .conststrlit        nrf_sdh_ble.o
    0x00031ac0   0x0000000c   Data   RO         6935    .conststrlit        nrf_sdh_soc.o
    0x00031acc   0x00000020   Data   RO         7086    Region$$Table       anon$$obj.o
    0x00031aec   0x00000008   Data   RO         1211    log_const_data      ble_db_discovery.o
    0x00031af4   0x00000008   Data   RO         1773    log_const_data      nrf_ble_gatt.o
    0x00031afc   0x00000008   Data   RO         3057    log_const_data      ble_hrs_c.o
    0x00031b04   0x00000008   Data   RO         3181    log_const_data      ble_rscs_c.o
    0x00031b0c   0x00000008   Data   RO         3248    log_const_data      ble_nus_c.o
    0x00031b14   0x00000008   Data   RO         3338    log_const_data      nrf_drv_clock.o
    0x00031b1c   0x00000008   Data   RO         3532    log_const_data      nrfx_clock.o
    0x00031b24   0x00000008   Data   RO         3690    log_const_data      nrfx_gpiote.o
    0x00031b2c   0x00000008   Data   RO         3951    log_const_data      nrfx_prs.o
    0x00031b34   0x00000008   Data   RO         4027    log_const_data      nrfx_uart.o
    0x00031b3c   0x00000008   Data   RO         4210    log_const_data      nrfx_uarte.o
    0x00031b44   0x00000008   Data   RO         4863    log_const_data      fds.o
    0x00031b4c   0x00000008   Data   RO         5571    log_const_data      nrf_fstorage.o
    0x00031b54   0x00000008   Data   RO         5663    log_const_data      nrf_fstorage_sd.o
    0x00031b5c   0x00000008   Data   RO         5845    log_const_data      nrf_pwr_mgmt.o
    0x00031b64   0x00000010   Data   RO         6176    log_const_data      nrf_log_frontend.o
    0x00031b74   0x00000008   Data   RO         6768    log_const_data      nrf_sdh.o
    0x00031b7c   0x00000008   Data   RO         6890    log_const_data      nrf_sdh_ble.o
    0x00031b84   0x00000008   Data   RO         6936    log_const_data      nrf_sdh_soc.o
    0x00031b8c   0x00000018   Data   RO         6178    nrf_balloc          nrf_log_frontend.o
    0x00031ba4   0x00000008   Data   RO         1053    sdh_ble_observers0  ble_conn_state.o
    0x00031bac   0x00000030   Data   RO           28    sdh_ble_observers1  main.o
    0x00031bdc   0x00000008   Data   RO          704    sdh_ble_observers1  bsp_btn_ble.o
    0x00031be4   0x00000008   Data   RO          962    sdh_ble_observers1  ble_conn_params.o
    0x00031bec   0x00000008   Data   RO         2341    sdh_ble_observers1  peer_manager.o
    0x00031bf4   0x00000048   Data   RO           29    sdh_ble_observers2  main.o
    0x00031c3c   0x00000008   Data   RO           30    sdh_ble_observers3  main.o
    0x00031c44   0x00000008   Data   RO         5665    sdh_req_observers0  nrf_fstorage_sd.o
    0x00031c4c   0x00000008   Data   RO         3340    sdh_soc_observers0  nrf_drv_clock.o
    0x00031c54   0x00000008   Data   RO         5666    sdh_soc_observers0  nrf_fstorage_sd.o
    0x00031c5c   0x00000008   Data   RO           31    sdh_soc_observers1  main.o
    0x00031c64   0x00000008   Data   RO         6892    sdh_stack_observers0  nrf_sdh_ble.o
    0x00031c6c   0x00000008   Data   RO         6938    sdh_stack_observers0  nrf_sdh_soc.o
    0x00031c74   0x00000008   Data   RO         3341    sdh_state_observers0  nrf_drv_clock.o
    0x00031c7c   0x00000008   Data   RO         5667    sdh_state_observers0  nrf_fstorage_sd.o


    Execution Region RW_IRAM1 (Base: 0x20003718, Size: 0x00003fa8, Max: 0x0000c8e8, ABSOLUTE, COMPRESSED[0x0000007c])

    Base Addr    Size         Type   Attr      Idx    E Section Name        Object

    0x20003718   0x00000b44   Data   RW           27    .data               main.o
    0x2000425c   0x00000010   Data   RW          602    .data               bsp.o
    0x2000426c   0x00000008   Data   RW          703    .data               bsp_btn_ble.o
    0x20004274   0x00000008   Data   RW          961    .data               ble_conn_params.o
    0x2000427c   0x00000010   Data   RW         1210    .data               ble_db_discovery.o
    0x2000428c   0x0000000c   Data   RW         1387    .data               gatt_cache_manager.o
    0x20004298   0x00000006   Data   RW         1507    .data               gatts_cache_manager.o
    0x2000429e   0x00000003   Data   RW         1601    .data               id_manager.o
    0x200042a1   0x00000003   PAD
    0x200042a4   0x0000000c   Data   RW         1920    .data               peer_data_storage.o
    0x200042b0   0x00000003   Data   RW         2064    .data               peer_database.o
    0x200042b3   0x00000001   PAD
    0x200042b4   0x00000010   Data   RW         2340    .data               peer_manager.o
    0x200042c4   0x00000006   Data   RW         2696    .data               security_dispatcher.o
    0x200042ca   0x00000002   PAD
    0x200042cc   0x00000015   Data   RW         2836    .data               security_manager.o
    0x200042e1   0x00000003   PAD
    0x200042e4   0x0000000c   Data   RW         3464    .data               nrf_drv_uart.o
    0x200042f0   0x00000008   Data   RW         3531    .data               nrfx_clock.o
    0x200042f8   0x00000008   Data   RW         3950    .data               nrfx_prs.o
    0x20004300   0x00000020   Data   RW         4343    .data               app_button.o
    0x20004320   0x00000014   Data   RW         4565    .data               app_timer.o
    0x20004334   0x00000014   Data   RW         4860    .data               fds.o
    0x20004348   0x00000030   Data   RW         4861    .data               fds.o
    0x20004378   0x00000014   Data   RW         5661    .data               nrf_fstorage_sd.o
    0x2000438c   0x00000008   Data   RW         5662    .data               nrf_fstorage_sd.o
    0x20004394   0x00000008   Data   RW         5844    .data               nrf_pwr_mgmt.o
    0x2000439c   0x00000018   Data   RW         6042    .data               nrf_log_backend_uart.o
    0x200043b4   0x0000000c   Data   RW         6112    .data               nrf_log_default_backends.o
    0x200043c0   0x00000008   Data   RW         6174    .data               nrf_log_frontend.o
    0x200043c8   0x00000008   Data   RW         6175    .data               nrf_log_frontend.o
    0x200043d0   0x00000040   Data   RW         6337    .data               nrf_log_str_formatter.o
    0x20004410   0x00000003   Data   RW         6767    .data               nrf_sdh.o
    0x20004413   0x00000001   Data   RW         6889    .data               nrf_sdh_ble.o
    0x20004414   0x00000004   Data   RW         6973    .data               system_nrf52.o
    0x20004418   0x00000014   Data   RW         4862    fs_data             fds.o
    0x2000442c   0x00000004   Data   RW         1212    log_dynamic_data    ble_db_discovery.o
    0x20004430   0x00000004   Data   RW         1774    log_dynamic_data    nrf_ble_gatt.o
    0x20004434   0x00000004   Data   RW         3058    log_dynamic_data    ble_hrs_c.o
    0x20004438   0x00000004   Data   RW         3182    log_dynamic_data    ble_rscs_c.o
    0x2000443c   0x00000004   Data   RW         3249    log_dynamic_data    ble_nus_c.o
    0x20004440   0x00000004   Data   RW         3339    log_dynamic_data    nrf_drv_clock.o
    0x20004444   0x00000004   Data   RW         3533    log_dynamic_data    nrfx_clock.o
    0x20004448   0x00000004   Data   RW         3691    log_dynamic_data    nrfx_gpiote.o
    0x2000444c   0x00000004   Data   RW         3952    log_dynamic_data    nrfx_prs.o
    0x20004450   0x00000004   Data   RW         4028    log_dynamic_data    nrfx_uart.o
    0x20004454   0x00000004   Data   RW         4211    log_dynamic_data    nrfx_uarte.o
    0x20004458   0x00000004   Data   RW         4864    log_dynamic_data    fds.o
    0x2000445c   0x00000004   Data   RW         5572    log_dynamic_data    nrf_fstorage.o
    0x20004460   0x00000004   Data   RW         5664    log_dynamic_data    nrf_fstorage_sd.o
    0x20004464   0x00000004   Data   RW         5846    log_dynamic_data    nrf_pwr_mgmt.o
    0x20004468   0x00000008   Data   RW         6177    log_dynamic_data    nrf_log_frontend.o
    0x20004470   0x00000004   Data   RW         6769    log_dynamic_data    nrf_sdh.o
    0x20004474   0x00000004   Data   RW         6891    log_dynamic_data    nrf_sdh_ble.o
    0x20004478   0x00000004   Data   RW         6937    log_dynamic_data    nrf_sdh_soc.o
    0x2000447c   0x000001d4   Zero   RW           24    .bss                main.o
    0x20004650   0x000000ff   Zero   RW           25    .bss                main.o
    0x2000474f   0x00000001   PAD
    0x20004750   0x00000020   Zero   RW          597    .bss                bsp.o
    0x20004770   0x00000020   Zero   RW          598    .bss                bsp.o
    0x20004790   0x0000000c   Zero   RW          599    .bss                bsp.o
    0x2000479c   0x00000020   Zero   RW          600    .bss                bsp.o
    0x200047bc   0x00000050   Zero   RW          960    .bss                ble_conn_params.o
    0x2000480c   0x00000078   Zero   RW         1052    .bss                ble_conn_state.o
    0x20004884   0x00000318   Zero   RW         1207    .bss                ble_db_discovery.o
    0x20004b9c   0x00000100   Zero   RW         1599    .bss                id_manager.o
    0x20004c9c   0x000000d0   Zero   RW         2062    .bss                peer_database.o
    0x20004d6c   0x00000040   Zero   RW         2218    .bss                peer_id.o
    0x20004dac   0x0000000c   Zero   RW         2338    .bss                peer_manager.o
    0x20004db8   0x00000040   Zero   RW         2694    .bss                security_dispatcher.o
    0x20004df8   0x00000014   Zero   RW         3332    .bss                nrf_drv_clock.o
    0x20004e0c   0x0000005c   Zero   RW         3684    .bss                nrfx_gpiote.o
    0x20004e68   0x0000002c   Zero   RW         4021    .bss                nrfx_uart.o
    0x20004e94   0x00000024   Zero   RW         4204    .bss                nrfx_uarte.o
    0x20004eb8   0x00000020   Zero   RW         4341    .bss                app_button.o
    0x20004ed8   0x00000020   Zero   RW         4402    .bss                app_error.o
    0x20004ef8   0x0000010c   Zero   RW         4563    .bss                app_timer.o
    0x20005004   0x0000000c   Zero   RW         4716    .bss                app_util_platform.o
    0x20005010   0x000000e0   Zero   RW         4857    .bss                fds.o
    0x200050f0   0x000000a0   Zero   RW         5657    .bss                nrf_fstorage_sd.o
    0x20005190   0x0000000c   Zero   RW         5840    .bss                nrf_pwr_mgmt.o
    0x2000519c   0x00000040   Zero   RW         6038    .bss                nrf_log_backend_uart.o
    0x200051dc   0x000000c0   Zero   RW         6171    .bss                nrf_log_frontend.o
    0x2000529c   0x00000424   Zero   RW         6172    .bss                nrf_log_frontend.o
    0x200056c0   0x00002000   Zero   RW         6961    STACK               arm_startup_nrf52.o


==============================================================================

Image component sizes


      Code (inc. data)   RO Data    RW Data    ZI Data      Debug   Object Name

       440         36          8         32         32      13350   app_button.o
       100          4          0          0         32       3518   app_error.o
        26          0          0          0          0        604   app_error_handler_keil.o
       372        190          0          0          0       4918   app_error_weak.o
         0          0          0          0          0      22018   app_scheduler.o
      1506        118          6         20        268      49283   app_timer.o
       124         14          0          0         12       9258   app_util_platform.o
        36          8        512          0       8192        952   arm_startup_nrf52.o
      1496          0          0          0          0      40268   ble_advdata.o
      1058          6          0          0          0      12360   ble_advertising.o
       636         44          8          8         80       9555   ble_conn_params.o
       770        110          8          0        120      14379   ble_conn_state.o
      1658         78        144         20        792      19375   ble_db_discovery.o
       654          0          0          0          0       6640   ble_hrs.o
         0          0         18          4          0       2372   ble_hrs_c.o
       410         10         56          4          0      16654   ble_nus_c.o
       600          0          0          0          0      28860   ble_rscs.o
         0          0         19          4          0       2282   ble_rscs_c.o
         8          0          0          0          0       1514   ble_srv_common.o
       346         34          8          0          0      47625   boards.o
       918         82         44         16        108      14172   bsp.o
       222         10          8          8          0       4251   bsp_btn_ble.o
      3550        328         47         92        224      52250   fds.o
       940         94         80         12          0      19896   gatt_cache_manager.o
       462         32         24          6          0       8841   gatts_cache_manager.o
      1156         58          8          3        256      19417   id_manager.o
      3600       1178        162       2884        723     197137   main.o
       342          0          0          0          0       6950   nrf_atfifo.o
       170          0          0          0          0       4948   nrf_atflags.o
       332          0          0          0          0      10590   nrf_atomic.o
       164          0          0          0          0       3736   nrf_balloc.o
       936        254        205          4          0      36552   nrf_ble_gatt.o
       276          0          0          0          0       4881   nrf_ble_qwr.o
       276         34         30          4         20      38054   nrf_drv_clock.o
       200         26          0         12          0      17936   nrf_drv_uart.o
        50          0          0          0          0       3673   nrf_fprintf.o
       850          4         16          0          0       5586   nrf_fprintf_format.o
      1020        432        194          4          0       9184   nrf_fstorage.o
       798         82         94         32        160      16701   nrf_fstorage_sd.o
       200          0          0          0          0      11647   nrf_log_backend_serial.o
       248         52        130         24         64      21650   nrf_log_backend_uart.o
        28          6          0         12          0       3347   nrf_log_default_backends.o
      1564        118         64         24       1252      33052   nrf_log_frontend.o
       566        108        102         64          0       5900   nrf_log_str_formatter.o
       330          0          0          0          0       9859   nrf_memobj.o
       108         16         53         12         12      36291   nrf_pwr_mgmt.o
       872        242        104          7          0      44596   nrf_sdh.o
       748        288        468          5          0       6133   nrf_sdh_ble.o
       128         68         56          4          0       2700   nrf_sdh_soc.o
        78          0          0          0          0       2892   nrf_section_iter.o
        76         10       1319          0          0       2863   nrf_strerror.o
       222         28         14         12          0      41776   nrfx_clock.o
      1226         92         19          4         92      59398   nrfx_gpiote.o
       112         16         12         12          0       4724   nrfx_prs.o
      1292         40         17          4         44      31758   nrfx_uart.o
      1134         44         18          4         36      24789   nrfx_uarte.o
      1010         46         24         12          0      17628   peer_data_storage.o
      1200         60         16          3        208      25570   peer_database.o
       336         38          0          0         64       9531   peer_id.o
       880         62         24         16         12      15756   peer_manager.o
       242          0          0          0          0       4595   pm_buffer.o
       226          0          0          0          0       5585   pm_mutex.o
      2048         92        104          6         64      30670   security_dispatcher.o
      1054         70          4         21          0      49264   security_manager.o
       796         70          0          4          0      29646   system_nrf52.o

    ----------------------------------------------------------------------
     43308       4832       4332       3428      12868    1312160   Object Totals
         0          0         32          0          0          0   (incl. Generated)
        82          0         53          9          1          0   (incl. Padding)

    ----------------------------------------------------------------------

      Code (inc. data)   RO Data    RW Data    ZI Data      Debug   Library Member Name

        86          0          0          0          0          0   __dczerorl2.o
         8          4        133          0          0         68   ctype_o.o
         0          0          0          0          0          0   entry.o
         0          0          0          0          0          0   entry10a.o
         0          0          0          0          0          0   entry11a.o
         8          4          0          0          0          0   entry2.o
         4          0          0          0          0          0   entry5.o
         0          0          0          0          0          0   entry7b.o
         0          0          0          0          0          0   entry8b.o
         8          4          0          0          0          0   entry9a.o
        30          0          0          0          0          0   handlers.o
        36          8          0          0          0         68   init.o
        30          0          0          0          0         68   llshl.o
        32          0          0          0          0         68   llushr.o
        26          0          0          0          0         80   memcmp.o
        64          0          0          0          0         76   memmovea.o
        36          0          0          0          0        108   memseta.o
        14          0          0          0          0         68   strlen.o
        98          0          0          0          0         92   uldiv.o

    ----------------------------------------------------------------------
       484         20        136          0          0        696   Library Totals
         4          0          3          0          0          0   (incl. Padding)

    ----------------------------------------------------------------------

      Code (inc. data)   RO Data    RW Data    ZI Data      Debug   Library Name

       480         20        133          0          0        696   mc_w.l

    ----------------------------------------------------------------------
       484         20        136          0          0        696   Library Totals

    ----------------------------------------------------------------------

==============================================================================


      Code (inc. data)   RO Data    RW Data    ZI Data      Debug   

     43792       4852       4468       3428      12868    1258432   Grand Totals
     43792       4852       4468        124      12868    1258432   ELF Image Totals (compressed)
     43792       4852       4468        124          0          0   ROM Totals

==============================================================================

    Total RO  Size (Code + RO Data)                48260 (  47.13kB)
    Total RW  Size (RW Data + ZI Data)             16296 (  15.91kB)
    Total ROM Size (Code + RO Data + RW Data)      48384 (  47.25kB)

==============================================================================

