<html>
<body>
<pre>
<h1>µVision Build Log</h1>
<h2>Tool Versions:</h2>
IDE-Version: ¦ÌVision V5.15
Copyright (C) 2015 ARM Ltd and ARM Germany GmbH. All rights reserved.
License Information: dtu dtu idt Flex license: MDK-ARM Standard: 9 user(s) (mdk_std) Support: Jul 2016
 
Tool Versions:
Toolchain:       MDK-ARM Standard: 9 user(s)  Version: 5.15.0
Toolchain Path:  C:\Keil_v5\ARM\ARMCC\Bin
C Compiler:      Armcc.exe V5.05 update 2 (build 169)
Assembler:       Armasm.exe V5.05 update 2 (build 169)
Linker/Locator:  ArmLink.exe V5.05 update 2 (build 169)
Library Manager: ArmAr.exe V5.05 update 2 (build 169)
Hex Converter:   FromElf.exe V5.05 update 2 (build 169)
CPU DLL:         
Dialog DLL:      
Target DLL:      Segger\JL2CM3.dll V2.99.15.0
Dialog DLL:      TCM.DLL V1.14.5.0
 
<h2>Project:</h2>
D:\work\À¶ÑÀÄ£¿é\nRF5_SDK_15.0.0_a53641a\examples\ble_central_and_peripheral\experimental\ble_app_hrs_rscs_relay\pca10040\s132\arm5_no_packs\ble_app_hrs_rscs_relay_pca10040_s132.uvprojx
Project File Date:  04/13/2018

<h2>Output:</h2>
*** Using Compiler 'V5.05 update 2 (build 169)', folder: 'C:\Keil_v5\ARM\ARMCC\Bin'
Build target 'nrf52832_xxaa'
compiling main.c...
..\..\..\main.c(1372): warning:  #223-D: function "control_device_cmd" declared implicitly
                                        control_device_cmd(NULL);                                                                                                                               
..\..\..\main.c(1375): warning:  #223-D: function "clear_history_data_cmd" declared implicitly
                                         clear_history_data_cmd();
..\..\..\main.c(1379): warning:  #223-D: function "get_real_time_data_cmd" declared implicitly
                                         get_real_time_data_cmd();      
..\..\..\main.c(1383): warning:  #223-D: function "bond_cmd" declared implicitly
                                        bond_cmd();
..\..\..\main.c(1393): warning:  #223-D: function "set_device_time_cmd" declared implicitly
                                         set_device_time_cmd(data);                                                                                     //  ???APP???                                    
..\..\..\main.c(1419): warning:  #177-D: variable "ret_val" was declared but never referenced
      uint32_t ret_val;
..\..\..\main.c(174): warning:  #177-D: variable "m_target_periph_name" was declared but never referenced
  static char const m_target_periph_name[] = "";
..\..\..\main.c(942): warning:  #177-D: function "hrs_c_init" was declared but never referenced
  static void hrs_c_init(void)
..\..\..\main.c(956): warning:  #177-D: function "rscs_c_init" was declared but never referenced
  static void rscs_c_init(void)
..\..\..\main.c(1465): warning:  #177-D: function "uart_init" was declared but never referenced
  static void uart_init(void)
..\..\..\main.c: 10 warnings, 0 errors
linking...
Program Size: Code=43784 RO-data=4460 RW-data=3436 ZI-data=12892  
FromELF: creating hex file...
".\_build\nrf52832_xxaa.axf" - 0 Error(s), 10 Warning(s).

<h2>Software Packages used:</h2>

Package Vendor: ARM
                http://www.keil.com/pack/ARM.CMSIS.4.5.0.pack
                ARM::CMSIS:CORE:4.3.0
                CMSIS (Cortex Microcontroller Software Interface Standard)
   * Component: CORE Version: 4.3.0

Package Vendor: NordicSemiconductor
                http://developer.nordicsemi.com/nRF5_SDK/pieces/nRF_DeviceFamilyPack/NordicSemiconductor.nRF_DeviceFamilyPack.8.16.0.pack
                NordicSemiconductor::Device:Startup:8.16.0
                Nordic Semiconductor nRF ARM devices Device Family Pack.
   * Component: Startup Version: 8.16.0

<h2>Collection of Component include folders:</h2>
  D:\work\À¶ÑÀÄ£¿é\nRF5_SDK_15.0.0_a53641a\examples\ble_central_and_peripheral\experimental\ble_app_hrs_rscs_relay\pca10040\s132\arm5_no_packs\RTE
  C:\Keil_v5\ARM\PACK\ARM\CMSIS\4.5.0\CMSIS\Include
  C:\Keil_v5\ARM\PACK\NordicSemiconductor\nRF_DeviceFamilyPack\8.16.0\Device\Include

<h2>Collection of Component Files used:</h2>

   * Component: ARM::CMSIS:CORE:4.3.0

   * Component: NordicSemiconductor::Device:Startup:8.16.0
      Source file:   Device\Source\arm\arm_startup_nrf52.s
      Source file:   Device\Source\system_nrf52.c
      Include file:  Device\Include\system_nrf52.h
</pre>
</body>
</html>
