Component: ARM Compiler 5.05 update 2 (build 169) Tool: armlink [4d0f33]

==============================================================================

Section Cross References

    main.o(i.assert_nrf_callback) refers to app_error_handler_keil.o(.emb_text) for app_error_handler
    main.o(i.ble_evt_handler) refers to main.o(i.on_adv_report) for on_adv_report
    main.o(i.ble_evt_handler) refers to nrf_log_frontend.o(i.nrf_log_frontend_std_1) for nrf_log_frontend_std_1
    main.o(i.ble_evt_handler) refers to app_error.o(i.app_error_handler_bare) for app_error_handler_bare
    main.o(i.ble_evt_handler) refers to ble_lbs_c.o(i.ble_lbs_c_handles_assign) for ble_lbs_c_handles_assign
    main.o(i.ble_evt_handler) refers to ble_db_discovery.o(i.ble_db_discovery_start) for ble_db_discovery_start
    main.o(i.ble_evt_handler) refers to boards.o(i.bsp_board_led_on) for bsp_board_led_on
    main.o(i.ble_evt_handler) refers to ble_conn_state.o(i.ble_conn_state_central_conn_count) for ble_conn_state_central_conn_count
    main.o(i.ble_evt_handler) refers to main.o(i.scan_start) for scan_start
    main.o(i.ble_evt_handler) refers to boards.o(i.bsp_board_led_off) for bsp_board_led_off
    main.o(i.ble_evt_handler) refers to nrf_log_frontend.o(i.nrf_log_frontend_std_2) for nrf_log_frontend_std_2
    main.o(i.ble_evt_handler) refers to app_button.o(i.app_button_disable) for app_button_disable
    main.o(i.ble_evt_handler) refers to nrf_log_frontend.o(log_dynamic_data) for m_nrf_log_app_logs_data_dynamic
    main.o(i.ble_evt_handler) refers to main.o(.bss) for .bss
    main.o(i.ble_evt_handler) refers to main.o(.data) for .data
    main.o(i.button_event_handler) refers to app_error.o(i.app_error_handler_bare) for app_error_handler_bare
    main.o(i.button_event_handler) refers to ble_lbs_c.o(i.ble_lbs_led_status_send) for ble_lbs_led_status_send
    main.o(i.button_event_handler) refers to nrf_log_frontend.o(i.nrf_log_frontend_std_1) for nrf_log_frontend_std_1
    main.o(i.button_event_handler) refers to main.o(.bss) for .bss
    main.o(i.button_event_handler) refers to nrf_log_frontend.o(log_dynamic_data) for m_nrf_log_app_logs_data_dynamic
    main.o(i.db_disc_handler) refers to ble_lbs_c.o(i.ble_lbs_on_db_disc_evt) for ble_lbs_on_db_disc_evt
    main.o(i.db_disc_handler) refers to main.o(.bss) for .bss
    main.o(i.lbs_c_evt_handler) refers to nrf_log_frontend.o(i.nrf_log_frontend_std_2) for nrf_log_frontend_std_2
    main.o(i.lbs_c_evt_handler) refers to boards.o(i.bsp_board_led_on) for bsp_board_led_on
    main.o(i.lbs_c_evt_handler) refers to nrf_log_frontend.o(i.nrf_log_frontend_std_1) for nrf_log_frontend_std_1
    main.o(i.lbs_c_evt_handler) refers to app_button.o(i.app_button_enable) for app_button_enable
    main.o(i.lbs_c_evt_handler) refers to app_error.o(i.app_error_handler_bare) for app_error_handler_bare
    main.o(i.lbs_c_evt_handler) refers to ble_lbs_c.o(i.ble_lbs_c_button_notif_enable) for ble_lbs_c_button_notif_enable
    main.o(i.lbs_c_evt_handler) refers to boards.o(i.bsp_board_led_off) for bsp_board_led_off
    main.o(i.lbs_c_evt_handler) refers to nrf_log_frontend.o(log_dynamic_data) for m_nrf_log_app_logs_data_dynamic
    main.o(i.main) refers to nrf_log_frontend.o(i.nrf_log_init) for nrf_log_init
    main.o(i.main) refers to app_error.o(i.app_error_handler_bare) for app_error_handler_bare
    main.o(i.main) refers to nrf_log_default_backends.o(i.nrf_log_default_backends_init) for nrf_log_default_backends_init
    main.o(i.main) refers to app_timer.o(i.app_timer_init) for app_timer_init
    main.o(i.main) refers to boards.o(i.bsp_board_init) for bsp_board_init
    main.o(i.main) refers to app_button.o(i.app_button_init) for app_button_init
    main.o(i.main) refers to nrf_pwr_mgmt.o(i.nrf_pwr_mgmt_init) for nrf_pwr_mgmt_init
    main.o(i.main) refers to nrf_sdh.o(i.nrf_sdh_enable_request) for nrf_sdh_enable_request
    main.o(i.main) refers to nrf_sdh_ble.o(i.nrf_sdh_ble_default_cfg_set) for nrf_sdh_ble_default_cfg_set
    main.o(i.main) refers to nrf_sdh_ble.o(i.nrf_sdh_ble_enable) for nrf_sdh_ble_enable
    main.o(i.main) refers to nrf_ble_gatt.o(i.nrf_ble_gatt_init) for nrf_ble_gatt_init
    main.o(i.main) refers to ble_db_discovery.o(i.ble_db_discovery_init) for ble_db_discovery_init
    main.o(i.main) refers to ble_lbs_c.o(i.ble_lbs_c_init) for ble_lbs_c_init
    main.o(i.main) refers to ble_conn_state.o(i.ble_conn_state_init) for ble_conn_state_init
    main.o(i.main) refers to nrf_log_frontend.o(i.nrf_log_frontend_std_0) for nrf_log_frontend_std_0
    main.o(i.main) refers to main.o(i.scan_start) for scan_start
    main.o(i.main) refers to nrf_log_frontend.o(i.nrf_log_frontend_dequeue) for nrf_log_frontend_dequeue
    main.o(i.main) refers to nrf_pwr_mgmt.o(i.nrf_pwr_mgmt_run) for nrf_pwr_mgmt_run
    main.o(i.main) refers to main.o(.data) for .data
    main.o(i.main) refers to main.o(.bss) for .bss
    main.o(i.main) refers to main.o(i.db_disc_handler) for db_disc_handler
[...]
    m_nrf_sdh_ble_evts_poll                  0x0002bca0   Data           8  nrf_sdh_ble.o(sdh_stack_observers0)
    sdh_stack_observers0                     0x0002bca8   Section        8  nrf_sdh_soc.o(sdh_stack_observers0)
    __tagsym$$used                           0x0002bca8   Number         0  nrf_sdh_soc.o(sdh_stack_observers0)
    m_nrf_sdh_soc_evts_poll                  0x0002bca8   Data           8  nrf_sdh_soc.o(sdh_stack_observers0)
    sdh_state_observers0                     0x0002bcb0   Section        8  nrf_drv_clock.o(sdh_state_observers0)
    __tagsym$$used                           0x0002bcb0   Number         0  nrf_drv_clock.o(sdh_state_observers0)
    m_sd_state_observer                      0x0002bcb0   Data           8  nrf_drv_clock.o(sdh_state_observers0)
    sdh_state_observers0                     0x0002bcb8   Section        8  nrf_fstorage_sd.o(sdh_state_observers0)
    __tagsym$$used                           0x0002bcb8   Number         0  nrf_fstorage_sd.o(sdh_state_observers0)
    m_state_obs                              0x0002bcb8   Data           8  nrf_fstorage_sd.o(sdh_state_observers0)
    .data                                    0x20004368   Section     5744  main.o(.data)
    m_scan_buffer                            0x20004368   Data           8  main.o(.data)
    buttons                                  0x20004370   Data           8  main.o(.data)
    m_db_disc                                0x20004378   Data        5728  main.o(.data)
    .data                                    0x200059d8   Section        8  bsp_btn_ble.o(.data)
    m_error_handler                          0x200059d8   Data           4  bsp_btn_ble.o(.data)
    m_num_connections                        0x200059dc   Data           4  bsp_btn_ble.o(.data)
    .data                                    0x200059e0   Section       16  ble_db_discovery.o(.data)
    m_initialized                            0x200059e0   Data           1  ble_db_discovery.o(.data)
    m_evt_handler                            0x200059e4   Data           4  ble_db_discovery.o(.data)
    m_pending_usr_evt_index                  0x200059e8   Data           4  ble_db_discovery.o(.data)
    m_num_of_handlers_reg                    0x200059ec   Data           4  ble_db_discovery.o(.data)
    .data                                    0x200059f0   Section        8  ble_lbs_c.o(.data)
    m_tx_insert_index                        0x200059f0   Data           4  ble_lbs_c.o(.data)
    m_tx_index                               0x200059f4   Data           4  ble_lbs_c.o(.data)
    .data                                    0x200059f8   Section       12  nrf_drv_uart.o(.data)
    m_handlers                               0x200059fc   Data           4  nrf_drv_uart.o(.data)
    m_contexts                               0x20005a00   Data           4  nrf_drv_uart.o(.data)
    .data                                    0x20005a04   Section        8  nrfx_clock.o(.data)
    m_clock_cb                               0x20005a04   Data           8  nrfx_clock.o(.data)
    .data                                    0x20005a0c   Section        8  nrfx_prs.o(.data)
    m_prs_box_4                              0x20005a0c   Data           8  nrfx_prs.o(.data)
    .data                                    0x20005a18   Section       32  app_button.o(.data)
    m_button_count                           0x20005a18   Data           1  app_button.o(.data)
    mp_buttons                               0x20005a1c   Data           4  app_button.o(.data)
    m_detection_delay                        0x20005a20   Data           4  app_button.o(.data)
    m_pin_state                              0x20005a28   Data           8  app_button.o(.data)
    m_pin_transition                         0x20005a30   Data           8  app_button.o(.data)
    .data                                    0x20005a38   Section       20  app_timer.o(.data)
    m_ticks_elapsed_q_read_ind               0x20005a38   Data           1  app_timer.o(.data)
    m_ticks_elapsed_q_write_ind              0x20005a39   Data           1  app_timer.o(.data)
    m_rtc1_running                           0x20005a3a   Data           1  app_timer.o(.data)
    m_rtc1_reset                             0x20005a3b   Data           1  app_timer.o(.data)
    mp_timer_id_head                         0x20005a3c   Data           4  app_timer.o(.data)
    m_ticks_latest                           0x20005a40   Data           4  app_timer.o(.data)
    m_ticks_elapsed                          0x20005a44   Data           8  app_timer.o(.data)
    .data                                    0x20005a4c   Section       20  nrf_fstorage_sd.o(.data)
    m_fifo_inst                              0x20005a4c   Data          20  nrf_fstorage_sd.o(.data)
    .data                                    0x20005a60   Section        8  nrf_fstorage_sd.o(.data)
    m_p_cur_op                               0x20005a60   Data           4  nrf_fstorage_sd.o(.data)
    m_iget_ctx                               0x20005a64   Data           4  nrf_fstorage_sd.o(.data)
    .data                                    0x20005a68   Section        8  nrf_pwr_mgmt.o(.data)
    m_pwr_mgmt_evt                           0x20005a68   Data           1  nrf_pwr_mgmt.o(.data)
    m_shutdown_started                       0x20005a69   Data           1  nrf_pwr_mgmt.o(.data)
    m_sysoff_mtx                             0x20005a6c   Data           4  nrf_pwr_mgmt.o(.data)
    .data                                    0x20005a70   Section       24  nrf_log_backend_uart.o(.data)
    m_xfer_done                              0x20005a70   Data           1  nrf_log_backend_uart.o(.data)
    m_async_mode                             0x20005a71   Data           1  nrf_log_backend_uart.o(.data)
    .data                                    0x20005a88   Section       12  nrf_log_default_backends.o(.data)
    uart_log_backend                         0x20005a88   Data          12  nrf_log_default_backends.o(.data)
    .data                                    0x20005a94   Section        8  nrf_log_frontend.o(.data)
    log_mempool_nrf_balloc_pool_stack        0x20005a94   Data           8  nrf_log_frontend.o(.data)
    .data                                    0x20005a9c   Section        8  nrf_log_frontend.o(.data)
    log_mempool_nrf_balloc_cb                0x20005a9c   Data           8  nrf_log_frontend.o(.data)
    .data                                    0x20005aa4   Section       64  nrf_log_str_formatter.o(.data)
    m_freq                                   0x20005aa4   Data           4  nrf_log_str_formatter.o(.data)
    m_timestamp_div                          0x20005aa8   Data           4  nrf_log_str_formatter.o(.data)
    severity_names                           0x20005aac   Data          20  nrf_log_str_formatter.o(.data)
    m_colors                                 0x20005ac0   Data          36  nrf_log_str_formatter.o(.data)
    .data                                    0x20005ae4   Section        3  nrf_sdh.o(.data)
    m_nrf_sdh_enabled                        0x20005ae4   Data           1  nrf_sdh.o(.data)
    m_nrf_sdh_suspended                      0x20005ae5   Data           1  nrf_sdh.o(.data)
    m_nrf_sdh_continue                       0x20005ae6   Data           1  nrf_sdh.o(.data)
    .data                                    0x20005ae7   Section        1  nrf_sdh_ble.o(.data)
    m_stack_is_enabled                       0x20005ae7   Data           1  nrf_sdh_ble.o(.data)
    .data                                    0x20005ae8   Section        4  system_nrf52.o(.data)
    __tagsym$$used                           0x20005ae8   Number         0  system_nrf52.o(.data)
    log_dynamic_data                         0x20005aec   Section        4  ble_db_discovery.o(log_dynamic_data)
    __tagsym$$used                           0x20005aec   Number         0  ble_db_discovery.o(log_dynamic_data)
    log_dynamic_data                         0x20005af0   Section        4  nrf_ble_gatt.o(log_dynamic_data)
    __tagsym$$used                           0x20005af0   Number         0  nrf_ble_gatt.o(log_dynamic_data)
    log_dynamic_data                         0x20005af4   Section        4  ble_lbs_c.o(log_dynamic_data)
    __tagsym$$used                           0x20005af4   Number         0  ble_lbs_c.o(log_dynamic_data)
    log_dynamic_data                         0x20005af8   Section        4  nrf_drv_clock.o(log_dynamic_data)
    __tagsym$$used                           0x20005af8   Number         0  nrf_drv_clock.o(log_dynamic_data)
    log_dynamic_data                         0x20005afc   Section        4  nrfx_clock.o(log_dynamic_data)
    __tagsym$$used                           0x20005afc   Number         0  nrfx_clock.o(log_dynamic_data)
    log_dynamic_data                         0x20005b00   Section        4  nrfx_gpiote.o(log_dynamic_data)
    __tagsym$$used                           0x20005b00   Number         0  nrfx_gpiote.o(log_dynamic_data)
    log_dynamic_data                         0x20005b04   Section        4  nrfx_prs.o(log_dynamic_data)
    __tagsym$$used                           0x20005b04   Number         0  nrfx_prs.o(log_dynamic_data)
    log_dynamic_data                         0x20005b08   Section        4  nrfx_uart.o(log_dynamic_data)
    __tagsym$$used                           0x20005b08   Number         0  nrfx_uart.o(log_dynamic_data)
    log_dynamic_data                         0x20005b0c   Section        4  nrfx_uarte.o(log_dynamic_data)
    __tagsym$$used                           0x20005b0c   Number         0  nrfx_uarte.o(log_dynamic_data)
    log_dynamic_data                         0x20005b10   Section        4  nrf_fstorage.o(log_dynamic_data)
    __tagsym$$used                           0x20005b10   Number         0  nrf_fstorage.o(log_dynamic_data)
    log_dynamic_data                         0x20005b14   Section        4  nrf_fstorage_sd.o(log_dynamic_data)
    __tagsym$$used                           0x20005b14   Number         0  nrf_fstorage_sd.o(log_dynamic_data)
    log_dynamic_data                         0x20005b18   Section        4  nrf_pwr_mgmt.o(log_dynamic_data)
    __tagsym$$used                           0x20005b18   Number         0  nrf_pwr_mgmt.o(log_dynamic_data)
    log_dynamic_data                         0x20005b1c   Section        8  nrf_log_frontend.o(log_dynamic_data)
    __tagsym$$used                           0x20005b1c   Number         0  nrf_log_frontend.o(log_dynamic_data)
    __tagsym$$used                           0x20005b20   Number         0  nrf_log_frontend.o(log_dynamic_data)
    log_dynamic_data                         0x20005b24   Section        4  nrf_sdh.o(log_dynamic_data)
    __tagsym$$used                           0x20005b24   Number         0  nrf_sdh.o(log_dynamic_data)
    log_dynamic_data                         0x20005b28   Section        4  nrf_sdh_ble.o(log_dynamic_data)
    __tagsym$$used                           0x20005b28   Number         0  nrf_sdh_ble.o(log_dynamic_data)
    log_dynamic_data                         0x20005b2c   Section        4  nrf_sdh_soc.o(log_dynamic_data)
    __tagsym$$used                           0x20005b2c   Number         0  nrf_sdh_soc.o(log_dynamic_data)
    .bss                                     0x20005b30   Section      204  main.o(.bss)
    m_gatt                                   0x20005b30   Data          76  main.o(.bss)
    m_lbs_c                                  0x20005b7c   Data         128  main.o(.bss)
    .bss                                     0x20005bfc   Section       31  main.o(.bss)
    m_scan_buffer_data                       0x20005bfc   Data          31  main.o(.bss)
    .bss                                     0x20005c1b   Section       12  bsp.o(.bss)
    m_events_list                            0x20005c1b   Data          12  bsp.o(.bss)
    .bss                                     0x20005c28   Section      120  ble_conn_state.o(.bss)
    m_bcs                                    0x20005c28   Data         120  ble_conn_state.o(.bss)
    .bss                                     0x20005ca0   Section      792  ble_db_discovery.o(.bss)
    m_registered_handlers                    0x20005ca0   Data          24  ble_db_discovery.o(.bss)
    m_pending_user_evts                      0x20005cb8   Data         768  ble_db_discovery.o(.bss)
    .bss                                     0x20005fb8   Section      160  ble_lbs_c.o(.bss)
    m_tx_buffer                              0x20005fb8   Data         160  ble_lbs_c.o(.bss)
    .bss                                     0x20006058   Section       20  nrf_drv_clock.o(.bss)
    m_clock_cb                               0x20006058   Data          20  nrf_drv_clock.o(.bss)
    .bss                                     0x2000606c   Section       92  nrfx_gpiote.o(.bss)
    m_cb                                     0x2000606c   Data          92  nrfx_gpiote.o(.bss)
    .bss                                     0x200060c8   Section       44  nrfx_uart.o(.bss)
    m_cb                                     0x200060c8   Data          44  nrfx_uart.o(.bss)
    .bss                                     0x200060f4   Section       36  nrfx_uarte.o(.bss)
    m_cb                                     0x200060f4   Data          36  nrfx_uarte.o(.bss)
    .bss                                     0x20006118   Section       32  app_button.o(.bss)
    m_detection_delay_timer_id_data          0x20006118   Data          32  app_button.o(.bss)
    .bss                                     0x20006138   Section      268  app_timer.o(.bss)
    m_op_queue                               0x20006138   Data         268  app_timer.o(.bss)
    .bss                                     0x20006244   Section       12  app_util_platform.o(.bss)
    .bss                                     0x20006250   Section      160  nrf_fstorage_sd.o(.bss)
    m_fifo_data                              0x20006250   Data         140  nrf_fstorage_sd.o(.bss)
    m_flags                                  0x200062dc   Data          20  nrf_fstorage_sd.o(.bss)
    .bss                                     0x200062f0   Section       12  nrf_pwr_mgmt.o(.bss)
    m_handlers_iter                          0x200062f0   Data          12  nrf_pwr_mgmt.o(.bss)
    .bss                                     0x200062fc   Section       64  nrf_log_backend_uart.o(.bss)
    m_string_buff                            0x200062fc   Data          64  nrf_log_backend_uart.o(.bss)
    .bss                                     0x2000633c   Section      192  nrf_log_frontend.o(.bss)
    log_mempool_nrf_balloc_pool_mem          0x2000633c   Data         192  nrf_log_frontend.o(.bss)
    .bss                                     0x200063fc   Section     1060  nrf_log_frontend.o(.bss)
    m_log_data                               0x200063fc   Data        1060  nrf_log_frontend.o(.bss)
    STACK                                    0x20006820   Section     8192  arm_startup_nrf52.o(STACK)

    Global Symbols

    Symbol Name                              Value     Ov Type        Size  Object(Section)

    BuildAttributes$$THM_ISAv4$E$P$D$K$B$S$7EM$VFPi3$EXTD16$VFPS$VFMA$PE$A:L22UL41UL21$X:L11$S22US41US21$IEEE1$IW$USESV6$~STKCKD$USESV7$~SHL$OSPACE$EBA8$MICROLIB$REQ8$EABIv2 0x00000000   Number         0  anon$$obj.o ABSOLUTE
    __ARM_use_no_argv                        0x00000000   Number         0  main.o ABSOLUTE
    __use_no_errno                           0x00000000   Number         0  useno.o ABSOLUTE
    __use_no_exception_handling              0x00000000   Number         0  useno.o ABSOLUTE
    __use_no_fp                              0x00000000   Number         0  useno.o ABSOLUTE
    __use_no_heap                            0x00000000   Number         0  useno.o ABSOLUTE
    __use_no_heap_region                     0x00000000   Number         0  useno.o ABSOLUTE
    __use_no_semihosting                     0x00000000   Number         0  useno.o ABSOLUTE
    __use_no_semihosting_swi                 0x00000000   Number         0  useno.o ABSOLUTE
    __use_no_signal_handling                 0x00000000   Number         0  useno.o ABSOLUTE
    __cpp_initialize__aeabi_                  - Undefined Weak Reference
    __cxa_finalize                            - Undefined Weak Reference
    _clock_init                               - Undefined Weak Reference
    _microlib_exit                            - Undefined Weak Reference
    fs_data$$Base                             - Undefined Reference
    fs_data$$Limit                            - Undefined Reference
    pwr_mgmt_data0$$Base                      - Undefined Reference
    pwr_mgmt_data0$$Limit                     - Undefined Reference
    pwr_mgmt_data1$$Base                      - Undefined Reference
    pwr_mgmt_data1$$Limit                     - Undefined Reference
    pwr_mgmt_data2$$Base                      - Undefined Reference
    pwr_mgmt_data2$$Limit                     - Undefined Reference
    sdh_req_observers1$$Base                  - Undefined Reference
    sdh_req_observers1$$Limit                 - Undefined Reference
    sdh_soc_observers1$$Base                  - Undefined Reference
    sdh_soc_observers1$$Limit                 - Undefined Reference
    sdh_stack_observers1$$Base                - Undefined Reference
    sdh_stack_observers1$$Limit               - Undefined Reference
    sdh_state_observers1$$Base                - Undefined Reference
    sdh_state_observers1$$Limit               - Undefined Reference
    __Vectors_Size                           0x00000200   Number         0  arm_startup_nrf52.o ABSOLUTE
    __Vectors                                0x00026000   Data           4  arm_startup_nrf52.o(RESET)
    __Vectors_End                            0x00026200   Data           0  arm_startup_nrf52.o(RESET)
    __main                                   0x00026201   Thumb Code     0  entry.o(.ARM.Collect$$$$00000000)
    _main_stk                                0x00026201   Thumb Code     0  entry2.o(.ARM.Collect$$$$00000001)
    _main_scatterload                        0x00026205   Thumb Code     0  entry5.o(.ARM.Collect$$$$00000004)
    __main_after_scatterload                 0x00026209   Thumb Code     0  entry5.o(.ARM.Collect$$$$00000004)
    _main_clock                              0x00026209   Thumb Code     0  entry7b.o(.ARM.Collect$$$$00000008)
    _main_cpp_init                           0x00026209   Thumb Code     0  entry8b.o(.ARM.Collect$$$$0000000A)
    _main_init                               0x00026209   Thumb Code     0  entry9a.o(.ARM.Collect$$$$0000000B)
    __rt_final_cpp                           0x00026211   Thumb Code     0  entry10a.o(.ARM.Collect$$$$0000000D)
    __rt_final_exit                          0x00026211   Thumb Code     0  entry11a.o(.ARM.Collect$$$$0000000F)
    __asm___12_nrf_atfifo_c_51f461e1__nrf_atfifo_wspace_req 0x00026215   Thumb Code    56  nrf_atfifo.o(.emb_text)
    __asm___12_nrf_atfifo_c_51f461e1__nrf_atfifo_wspace_close 0x0002624d   Thumb Code    18  nrf_atfifo.o(.emb_text)
    __asm___12_nrf_atfifo_c_51f461e1__nrf_atfifo_rspace_req 0x0002625f   Thumb Code    58  nrf_atfifo.o(.emb_text)
    __asm___12_nrf_atfifo_c_51f461e1__nrf_atfifo_rspace_close 0x00026299   Thumb Code    18  nrf_atfifo.o(.emb_text)
    __asm___12_nrf_atfifo_c_51f461e1__nrf_atfifo_space_clear 0x000262ab   Thumb Code    50  nrf_atfifo.o(.emb_text)
    __asm___12_nrf_atomic_c_85ca2469__nrf_atomic_internal_mov 0x000262dd   Thumb Code    24  nrf_atomic.o(.emb_text)
    __asm___12_nrf_atomic_c_85ca2469__nrf_atomic_internal_orr 0x000262f5   Thumb Code    26  nrf_atomic.o(.emb_text)
    __asm___12_nrf_atomic_c_85ca2469__nrf_atomic_internal_and 0x0002630f   Thumb Code    26  nrf_atomic.o(.emb_text)
    __asm___12_nrf_atomic_c_85ca2469__nrf_atomic_internal_eor 0x00026329   Thumb Code    26  nrf_atomic.o(.emb_text)
    __asm___12_nrf_atomic_c_85ca2469__nrf_atomic_internal_add 0x00026343   Thumb Code    26  nrf_atomic.o(.emb_text)
    __asm___12_nrf_atomic_c_85ca2469__nrf_atomic_internal_sub 0x0002635d   Thumb Code    26  nrf_atomic.o(.emb_text)
    __asm___12_nrf_atomic_c_85ca2469__nrf_atomic_internal_cmp_exch 0x00026377   Thumb Code    42  nrf_atomic.o(.emb_text)
    __asm___12_nrf_atomic_c_85ca2469__nrf_atomic_internal_sub_hs 0x000263a1   Thumb Code    30  nrf_atomic.o(.emb_text)
    Reset_Handler                            0x000263c1   Thumb Code     8  arm_startup_nrf52.o(.text)
    NMI_Handler                              0x000263c9   Thumb Code     2  arm_startup_nrf52.o(.text)
    HardFault_Handler                        0x000263cb   Thumb Code     2  arm_startup_nrf52.o(.text)
    MemoryManagement_Handler                 0x000263cd   Thumb Code     2  arm_startup_nrf52.o(.text)
    BusFault_Handler                         0x000263cf   Thumb Code     2  arm_startup_nrf52.o(.text)
    UsageFault_Handler                       0x000263d1   Thumb Code     2  arm_startup_nrf52.o(.text)
    SVC_Handler                              0x000263d3   Thumb Code     2  arm_startup_nrf52.o(.text)
    DebugMon_Handler                         0x000263d5   Thumb Code     2  arm_startup_nrf52.o(.text)
    PendSV_Handler                           0x000263d7   Thumb Code     2  arm_startup_nrf52.o(.text)
    SysTick_Handler                          0x000263d9   Thumb Code     2  arm_startup_nrf52.o(.text)
    CCM_AAR_IRQHandler                       0x000263db   Thumb Code     0  arm_startup_nrf52.o(.text)
    COMP_LPCOMP_IRQHandler                   0x000263db   Thumb Code     0  arm_startup_nrf52.o(.text)
    ECB_IRQHandler                           0x000263db   Thumb Code     0  arm_startup_nrf52.o(.text)
    FPU_IRQHandler                           0x000263db   Thumb Code     0  arm_startup_nrf52.o(.text)
    I2S_IRQHandler                           0x000263db   Thumb Code     0  arm_startup_nrf52.o(.text)
    MWU_IRQHandler                           0x000263db   Thumb Code     0  arm_startup_nrf52.o(.text)
    NFCT_IRQHandler                          0x000263db   Thumb Code     0  arm_startup_nrf52.o(.text)
    PDM_IRQHandler                           0x000263db   Thumb Code     0  arm_startup_nrf52.o(.text)
    PWM0_IRQHandler                          0x000263db   Thumb Code     0  arm_startup_nrf52.o(.text)
    PWM1_IRQHandler                          0x000263db   Thumb Code     0  arm_startup_nrf52.o(.text)
    PWM2_IRQHandler                          0x000263db   Thumb Code     0  arm_startup_nrf52.o(.text)
    QDEC_IRQHandler                          0x000263db   Thumb Code     0  arm_startup_nrf52.o(.text)
    RADIO_IRQHandler                         0x000263db   Thumb Code     0  arm_startup_nrf52.o(.text)
    RNG_IRQHandler                           0x000263db   Thumb Code     0  arm_startup_nrf52.o(.text)
    RTC0_IRQHandler                          0x000263db   Thumb Code     0  arm_startup_nrf52.o(.text)
    RTC2_IRQHandler                          0x000263db   Thumb Code     0  arm_startup_nrf52.o(.text)
    SAADC_IRQHandler                         0x000263db   Thumb Code     0  arm_startup_nrf52.o(.text)
    SPIM0_SPIS0_TWIM0_TWIS0_SPI0_TWI0_IRQHandler 0x000263db   Thumb Code     0  arm_startup_nrf52.o(.text)
    SPIM1_SPIS1_TWIM1_TWIS1_SPI1_TWI1_IRQHandler 0x000263db   Thumb Code     0  arm_startup_nrf52.o(.text)
    SPIM2_SPIS2_SPI2_IRQHandler              0x000263db   Thumb Code     0  arm_startup_nrf52.o(.text)
    SWI1_EGU1_IRQHandler                     0x000263db   Thumb Code     0  arm_startup_nrf52.o(.text)
    SWI3_EGU3_IRQHandler                     0x000263db   Thumb Code     0  arm_startup_nrf52.o(.text)
    SWI4_EGU4_IRQHandler                     0x000263db   Thumb Code     0  arm_startup_nrf52.o(.text)
    SWI5_EGU5_IRQHandler                     0x000263db   Thumb Code     0  arm_startup_nrf52.o(.text)
    TEMP_IRQHandler                          0x000263db   Thumb Code     0  arm_startup_nrf52.o(.text)
    TIMER0_IRQHandler                        0x000263db   Thumb Code     0  arm_startup_nrf52.o(.text)
    TIMER1_IRQHandler                        0x000263db   Thumb Code     0  arm_startup_nrf52.o(.text)
    TIMER2_IRQHandler                        0x000263db   Thumb Code     0  arm_startup_nrf52.o(.text)
    TIMER3_IRQHandler                        0x000263db   Thumb Code     0  arm_startup_nrf52.o(.text)
    TIMER4_IRQHandler                        0x000263db   Thumb Code     0  arm_startup_nrf52.o(.text)
    WDT_IRQHandler                           0x000263db   Thumb Code     0  arm_startup_nrf52.o(.text)
    __aeabi_llsl                             0x000263e5   Thumb Code    30  llshl.o(.text)
    _ll_shift_l                              0x000263e5   Thumb Code     0  llshl.o(.text)
    __rt_ctype_table                         0x00026405   Thumb Code     4  ctype_o.o(.text)
    __aeabi_memcpy                           0x0002640d   Thumb Code    36  memcpya.o(.text)
    __aeabi_memcpy4                          0x0002640d   Thumb Code     0  memcpya.o(.text)
    __aeabi_memcpy8                          0x0002640d   Thumb Code     0  memcpya.o(.text)
    __aeabi_memset                           0x00026431   Thumb Code    14  memseta.o(.text)
    __aeabi_memset4                          0x00026431   Thumb Code     0  memseta.o(.text)
    __aeabi_memset8                          0x00026431   Thumb Code     0  memseta.o(.text)
    __aeabi_memclr                           0x0002643f   Thumb Code     4  memseta.o(.text)
    __aeabi_memclr4                          0x0002643f   Thumb Code     0  memseta.o(.text)
    __aeabi_memclr8                          0x0002643f   Thumb Code     0  memseta.o(.text)
    _memset$wrapper                          0x00026443   Thumb Code    18  memseta.o(.text)
    strlen                                   0x00026455   Thumb Code    14  strlen.o(.text)
    memcmp                                   0x00026463   Thumb Code    26  memcmp.o(.text)
    __scatterload                            0x0002647d   Thumb Code    28  init.o(.text)
    __scatterload_rt2                        0x0002647d   Thumb Code     0  init.o(.text)
    __decompress                             0x000264a1   Thumb Code     0  __dczerorl2.o(.text)
    __decompress1                            0x000264a1   Thumb Code    86  __dczerorl2.o(.text)
    GPIOTE_IRQHandler                        0x000264f9   Thumb Code   346  nrfx_gpiote.o(i.GPIOTE_IRQHandler)
    POWER_CLOCK_IRQHandler                   0x000266c1   Thumb Code    82  nrfx_clock.o(i.POWER_CLOCK_IRQHandler)
    RTC1_IRQHandler                          0x00026719   Thumb Code    32  app_timer.o(i.RTC1_IRQHandler)
    SWI0_EGU0_IRQHandler                     0x0002673d   Thumb Code     4  app_timer.o(i.SWI0_EGU0_IRQHandler)
    SWI2_EGU2_IRQHandler                     0x00026741   Thumb Code     4  nrf_sdh.o(i.SWI2_EGU2_IRQHandler)
    SystemInit                               0x00026745   Thumb Code   726  system_nrf52.o(i.SystemInit)
    UARTE0_UART0_IRQHandler                  0x00026a61   Thumb Code     6  nrfx_prs.o(i.UARTE0_UART0_IRQHandler)
    __scatterload_copy                       0x00026a6d   Thumb Code    14  handlers.o(i.__scatterload_copy)
    __scatterload_null                       0x00026a7b   Thumb Code     2  handlers.o(i.__scatterload_null)
    __scatterload_zeroinit                   0x00026a7d   Thumb Code    14  handlers.o(i.__scatterload_zeroinit)
    active_flag_count                        0x00026ac7   Thumb Code    28  ble_conn_state.o(i.active_flag_count)
    app_button_disable                       0x00026b19   Thumb Code    38  app_button.o(i.app_button_disable)
    app_button_enable                        0x00026b49   Thumb Code    32  app_button.o(i.app_button_enable)
    app_button_init                          0x00026b6d   Thumb Code   102  app_button.o(i.app_button_init)
    app_error_fault_handler                  0x00026be5   Thumb Code    84  app_error_weak.o(i.app_error_fault_handler)
    app_error_handler_bare                   0x00026c61   Thumb Code    22  app_error.o(i.app_error_handler_bare)
    app_timer_create                         0x00026c79   Thumb Code    32  app_timer.o(i.app_timer_create)
    app_timer_init                           0x00026c9d   Thumb Code    70  app_timer.o(i.app_timer_init)
    app_timer_start                          0x00026cf1   Thumb Code   128  app_timer.o(i.app_timer_start)
    app_timer_stop                           0x00026d79   Thumb Code    26  app_timer.o(i.app_timer_stop)
    app_util_critical_region_enter           0x00026d99   Thumb Code    64  app_util_platform.o(i.app_util_critical_region_enter)
    app_util_critical_region_exit            0x00026de1   Thumb Code    46  app_util_platform.o(i.app_util_critical_region_exit)
    bcs_internal_state_reset                 0x00026f25   Thumb Code     8  ble_conn_state.o(i.bcs_internal_state_reset)
    ble_advdata_name_find                    0x00026f31   Thumb Code    68  ble_advdata.o(i.ble_advdata_name_find)
    ble_advdata_search                       0x00026f75   Thumb Code    56  ble_advdata.o(i.ble_advdata_search)
    ble_conn_state_central_conn_count        0x00026fad   Thumb Code    24  ble_conn_state.o(i.ble_conn_state_central_conn_count)
    ble_conn_state_init                      0x00026fc9   Thumb Code     4  ble_conn_state.o(i.ble_conn_state_init)
    ble_db_discovery_evt_register            0x00026fcd   Thumb Code    56  ble_db_discovery.o(i.ble_db_discovery_evt_register)
    ble_db_discovery_init                    0x0002700d   Thumb Code    24  ble_db_discovery.o(i.ble_db_discovery_init)
    ble_db_discovery_on_ble_evt              0x00027029   Thumb Code   138  ble_db_discovery.o(i.ble_db_discovery_on_ble_evt)
    ble_db_discovery_start                   0x000270b9   Thumb Code    34  ble_db_discovery.o(i.ble_db_discovery_start)
    ble_lbs_c_button_notif_enable            0x000273d5   Thumb Code    80  ble_lbs_c.o(i.ble_lbs_c_button_notif_enable)
    ble_lbs_c_handles_assign                 0x0002742d   Thumb Code    24  ble_lbs_c.o(i.ble_lbs_c_handles_assign)
    ble_lbs_c_init                           0x00027445   Thumb Code    80  ble_lbs_c.o(i.ble_lbs_c_init)
    ble_lbs_c_on_ble_evt                     0x00027499   Thumb Code   116  ble_lbs_c.o(i.ble_lbs_c_on_ble_evt)
    ble_lbs_led_status_send                  0x0002750d   Thumb Code    80  ble_lbs_c.o(i.ble_lbs_led_status_send)
    ble_lbs_on_db_disc_evt                   0x00027565   Thumb Code   140  ble_lbs_c.o(i.ble_lbs_on_db_disc_evt)
    bsp_board_init                           0x000275f1   Thumb Code    80  boards.o(i.bsp_board_init)
    bsp_board_led_off                        0x00027645   Thumb Code    10  boards.o(i.bsp_board_led_off)
    bsp_board_led_on                         0x00027655   Thumb Code    10  boards.o(i.bsp_board_led_on)
    bsp_board_leds_off                       0x00027665   Thumb Code    18  boards.o(i.bsp_board_leds_off)
    bsp_event_to_button_action_assign        0x00027679   Thumb Code    64  bsp.o(i.bsp_event_to_button_action_assign)
    buffer_is_empty                          0x0002776d   Thumb Code    16  nrf_log_frontend.o(i.buffer_is_empty)
    conn_handle_list_get                     0x00027999   Thumb Code    62  ble_conn_state.o(i.conn_handle_list_get)
    main                                     0x00028255   Thumb Code   206  main.o(i.main)
    nrf_atfifo_item_free                     0x000283fd   Thumb Code    22  nrf_atfifo.o(i.nrf_atfifo_item_free)
    nrf_atfifo_item_get                      0x00028413   Thumb Code    22  nrf_atfifo.o(i.nrf_atfifo_item_get)
    nrf_atflags_clear                        0x00028429   Thumb Code    22  nrf_atflags.o(i.nrf_atflags_clear)
    nrf_atflags_get                          0x0002843f   Thumb Code    22  nrf_atflags.o(i.nrf_atflags_get)
    nrf_atflags_set                          0x00028455   Thumb Code    20  nrf_atflags.o(i.nrf_atflags_set)
    nrf_atomic_flag_clear_fetch              0x00028469   Thumb Code     6  nrf_atomic.o(i.nrf_atomic_flag_clear_fetch)
    nrf_atomic_flag_set                      0x0002846f   Thumb Code     6  nrf_atomic.o(i.nrf_atomic_flag_set)
    nrf_atomic_u32_add                       0x00028475   Thumb Code    12  nrf_atomic.o(i.nrf_atomic_u32_add)
    nrf_atomic_u32_and                       0x00028481   Thumb Code    12  nrf_atomic.o(i.nrf_atomic_u32_and)
    nrf_atomic_u32_fetch_and                 0x0002848d   Thumb Code    10  nrf_atomic.o(i.nrf_atomic_u32_fetch_and)
    nrf_atomic_u32_fetch_store               0x00028497   Thumb Code    10  nrf_atomic.o(i.nrf_atomic_u32_fetch_store)
    nrf_atomic_u32_or                        0x000284a1   Thumb Code    12  nrf_atomic.o(i.nrf_atomic_u32_or)
    nrf_atomic_u32_sub                       0x000284ad   Thumb Code    12  nrf_atomic.o(i.nrf_atomic_u32_sub)
    nrf_balloc_alloc                         0x000284b9   Thumb Code    68  nrf_balloc.o(i.nrf_balloc_alloc)
    nrf_balloc_free                          0x000284fd   Thumb Code    48  nrf_balloc.o(i.nrf_balloc_free)
    nrf_balloc_init                          0x0002852d   Thumb Code    48  nrf_balloc.o(i.nrf_balloc_init)
    nrf_ble_gatt_init                        0x00028581   Thumb Code    44  nrf_ble_gatt.o(i.nrf_ble_gatt_init)
    nrf_ble_gatt_on_ble_evt                  0x000285ad   Thumb Code   298  nrf_ble_gatt.o(i.nrf_ble_gatt_on_ble_evt)
    nrf_drv_clock_init                       0x00028735   Thumb Code    48  nrf_drv_clock.o(i.nrf_drv_clock_init)
    nrf_drv_clock_lfclk_release              0x0002876d   Thumb Code    42  nrf_drv_clock.o(i.nrf_drv_clock_lfclk_release)
    nrf_drv_uart_init                        0x0002879d   Thumb Code    90  nrf_drv_uart.o(i.nrf_drv_uart_init)
    nrf_fprintf                              0x00028805   Thumb Code    26  nrf_fprintf.o(i.nrf_fprintf)
    nrf_fprintf_buffer_flush                 0x0002881f   Thumb Code    24  nrf_fprintf.o(i.nrf_fprintf_buffer_flush)
    nrf_fprintf_fmt                          0x00028837   Thumb Code   474  nrf_fprintf_format.o(i.nrf_fprintf_fmt)
    nrf_fstorage_sdh_req_handler             0x00028a11   Thumb Code    18  nrf_fstorage_sd.o(i.nrf_fstorage_sdh_req_handler)
    nrf_fstorage_sdh_state_handler           0x00028a29   Thumb Code    28  nrf_fstorage_sd.o(i.nrf_fstorage_sdh_state_handler)
    nrf_fstorage_sys_evt_handler             0x00028a49   Thumb Code   154  nrf_fstorage_sd.o(i.nrf_fstorage_sys_evt_handler)
    nrf_log_backend_add                      0x00028c71   Thumb Code    74  nrf_log_frontend.o(i.nrf_log_backend_add)
    nrf_log_backend_serial_put               0x00028cc1   Thumb Code   200  nrf_log_backend_serial.o(i.nrf_log_backend_serial_put)
    nrf_log_backend_uart_init                0x00028d8b   Thumb Code     6  nrf_log_backend_uart.o(i.nrf_log_backend_uart_init)
    nrf_log_color_id_get                     0x00028dd5   Thumb Code    42  nrf_log_frontend.o(i.nrf_log_color_id_get)
    nrf_log_default_backends_init            0x00028e05   Thumb Code    22  nrf_log_default_backends.o(i.nrf_log_default_backends_init)
    nrf_log_frontend_dequeue                 0x00028e21   Thumb Code   510  nrf_log_frontend.o(i.nrf_log_frontend_dequeue)
    nrf_log_frontend_std_0                   0x00029041   Thumb Code     8  nrf_log_frontend.o(i.nrf_log_frontend_std_0)
    nrf_log_frontend_std_1                   0x00029049   Thumb Code    14  nrf_log_frontend.o(i.nrf_log_frontend_std_1)
    nrf_log_frontend_std_2                   0x00029057   Thumb Code    16  nrf_log_frontend.o(i.nrf_log_frontend_std_2)
    nrf_log_hexdump_entry_process            0x00029069   Thumb Code   146  nrf_log_str_formatter.o(i.nrf_log_hexdump_entry_process)
    nrf_log_init                             0x00029115   Thumb Code    66  nrf_log_frontend.o(i.nrf_log_init)
    nrf_log_module_cnt_get                   0x0002916d   Thumb Code    10  nrf_log_frontend.o(i.nrf_log_module_cnt_get)
    nrf_log_module_name_get                  0x00029181   Thumb Code    24  nrf_log_frontend.o(i.nrf_log_module_name_get)
    nrf_log_panic                            0x0002919d   Thumb Code    34  nrf_log_frontend.o(i.nrf_log_panic)
    nrf_log_std_entry_process                0x000291c5   Thumb Code   182  nrf_log_str_formatter.o(i.nrf_log_std_entry_process)
    nrf_memobj_alloc                         0x0002927b   Thumb Code    96  nrf_memobj.o(i.nrf_memobj_alloc)
    nrf_memobj_free                          0x000292db   Thumb Code    50  nrf_memobj.o(i.nrf_memobj_free)
    nrf_memobj_get                           0x0002930d   Thumb Code     8  nrf_memobj.o(i.nrf_memobj_get)
    nrf_memobj_pool_init                     0x00029315   Thumb Code     4  nrf_memobj.o(i.nrf_memobj_pool_init)
    nrf_memobj_put                           0x00029319   Thumb Code    30  nrf_memobj.o(i.nrf_memobj_put)
    nrf_memobj_read                          0x00029337   Thumb Code    12  nrf_memobj.o(i.nrf_memobj_read)
    nrf_memobj_write                         0x00029343   Thumb Code    12  nrf_memobj.o(i.nrf_memobj_write)
    nrf_pwr_mgmt_init                        0x00029351   Thumb Code    28  nrf_pwr_mgmt.o(i.nrf_pwr_mgmt_init)
    nrf_pwr_mgmt_run                         0x00029379   Thumb Code    64  nrf_pwr_mgmt.o(i.nrf_pwr_mgmt_run)
    nrf_sdh_ble_app_ram_start_get            0x000293bd   Thumb Code    16  nrf_sdh_ble.o(i.nrf_sdh_ble_app_ram_start_get)
    nrf_sdh_ble_default_cfg_set              0x000293d1   Thumb Code   244  nrf_sdh_ble.o(i.nrf_sdh_ble_default_cfg_set)
    nrf_sdh_ble_enable                       0x000294dd   Thumb Code   116  nrf_sdh_ble.o(i.nrf_sdh_ble_enable)
    nrf_sdh_disable_request                  0x00029665   Thumb Code    80  nrf_sdh.o(i.nrf_sdh_disable_request)
    nrf_sdh_enable_request                   0x000296b9   Thumb Code   130  nrf_sdh.o(i.nrf_sdh_enable_request)
    nrf_sdh_evts_poll                        0x00029749   Thumb Code    32  nrf_sdh.o(i.nrf_sdh_evts_poll)
    nrf_sdh_is_enabled                       0x0002976d   Thumb Code     6  nrf_sdh.o(i.nrf_sdh_is_enabled)
    nrf_sdh_request_continue                 0x00029779   Thumb Code    22  nrf_sdh.o(i.nrf_sdh_request_continue)
    nrf_section_iter_init                    0x000297d1   Thumb Code    10  nrf_section_iter.o(i.nrf_section_iter_init)
    nrf_section_iter_next                    0x000297ff   Thumb Code    32  nrf_section_iter.o(i.nrf_section_iter_next)
    nrf_strerror_find                        0x00029821   Thumb Code    52  nrf_strerror.o(i.nrf_strerror_find)
    nrf_strerror_get                         0x00029859   Thumb Code    14  nrf_strerror.o(i.nrf_strerror_get)
    nrfx_clock_enable                        0x000298a5   Thumb Code    36  nrfx_clock.o(i.nrfx_clock_enable)
    nrfx_clock_init                          0x000298d1   Thumb Code    26  nrfx_clock.o(i.nrfx_clock_init)
    nrfx_clock_lfclk_stop                    0x000298f1   Thumb Code    20  nrfx_clock.o(i.nrfx_clock_lfclk_stop)
    nrfx_gpiote_in_event_disable             0x0002991d   Thumb Code    66  nrfx_gpiote.o(i.nrfx_gpiote_in_event_disable)
    nrfx_gpiote_in_event_enable              0x00029965   Thumb Code   156  nrfx_gpiote.o(i.nrfx_gpiote_in_event_enable)
    nrfx_gpiote_in_init                      0x00029a09   Thumb Code   194  nrfx_gpiote.o(i.nrfx_gpiote_in_init)
    nrfx_gpiote_in_is_set                    0x00029ad9   Thumb Code    20  nrfx_gpiote.o(i.nrfx_gpiote_in_is_set)
    nrfx_gpiote_init                         0x00029aed   Thumb Code    98  nrfx_gpiote.o(i.nrfx_gpiote_init)
    nrfx_gpiote_is_init                      0x00029b5d   Thumb Code    14  nrfx_gpiote.o(i.nrfx_gpiote_is_init)
    nrfx_prs_acquire                         0x00029b81   Thumb Code    58  nrfx_prs.o(i.nrfx_prs_acquire)
    nrfx_prs_release                         0x00029bbb   Thumb Code    18  nrfx_prs.o(i.nrfx_prs_release)
    nrfx_uart_0_irq_handler                  0x00029bcd   Thumb Code     8  nrfx_uart.o(i.nrfx_uart_0_irq_handler)
    nrfx_uart_init                           0x00029bdd   Thumb Code   200  nrfx_uart.o(i.nrfx_uart_init)
    nrfx_uart_tx                             0x00029cb1   Thumb Code   160  nrfx_uart.o(i.nrfx_uart_tx)
    nrfx_uart_tx_in_progress                 0x00029d55   Thumb Code    26  nrfx_uart.o(i.nrfx_uart_tx_in_progress)
    nrfx_uart_uninit                         0x00029d75   Thumb Code   170  nrfx_uart.o(i.nrfx_uart_uninit)
    nrfx_uarte_0_irq_handler                 0x00029e29   Thumb Code     8  nrfx_uarte.o(i.nrfx_uarte_0_irq_handler)
    nrfx_uarte_init                          0x00029e39   Thumb Code   100  nrfx_uarte.o(i.nrfx_uarte_init)
    nrfx_uarte_tx                            0x00029ea5   Thumb Code   138  nrfx_uarte.o(i.nrfx_uarte_tx)
    nrfx_uarte_tx_in_progress                0x00029f35   Thumb Code    22  nrfx_uarte.o(i.nrfx_uarte_tx_in_progress)
    nrfx_uarte_uninit                        0x00029f51   Thumb Code   166  nrfx_uarte.o(i.nrfx_uarte_uninit)
    nrf_log_backend_uart_api                 0x0002b298   Data          12  nrf_log_backend_uart.o(.constdata)
    m_ram_start                              0x0002b33c   Data           4  nrf_sdh_ble.o(.constdata)
    __ctype_table                            0x0002b368   Data         129  ctype_o.o(.constdata)
    Region$$Table$$Base                      0x0002bb28   Number         0  anon$$obj.o(Region$$Table)
    Region$$Table$$Limit                     0x0002bb48   Number         0  anon$$obj.o(Region$$Table)
    log_const_data$$Base                     0x0002bb48   Number         0  ble_db_discovery.o(log_const_data)
    m_nrf_log_ble_db_disc_logs_data_const    0x0002bb48   Data           8  ble_db_discovery.o(log_const_data)
    m_nrf_log_nrf_ble_gatt_logs_data_const   0x0002bb50   Data           8  nrf_ble_gatt.o(log_const_data)
    m_nrf_log_ble_lbs_c_logs_data_const      0x0002bb58   Data           8  ble_lbs_c.o(log_const_data)
    m_nrf_log_clock_logs_data_const          0x0002bb60   Data           8  nrf_drv_clock.o(log_const_data)
    m_nrf_log_CLOCK_logs_data_const          0x0002bb68   Data           8  nrfx_clock.o(log_const_data)
    m_nrf_log_GPIOTE_logs_data_const         0x0002bb70   Data           8  nrfx_gpiote.o(log_const_data)
    m_nrf_log_PRS_logs_data_const            0x0002bb78   Data           8  nrfx_prs.o(log_const_data)
    m_nrf_log_UART_logs_data_const           0x0002bb80   Data           8  nrfx_uart.o(log_const_data)
    m_nrf_log_UARTE_logs_data_const          0x0002bb88   Data           8  nrfx_uarte.o(log_const_data)
    m_nrf_log_nrf_fstorage_logs_data_const   0x0002bb90   Data           8  nrf_fstorage.o(log_const_data)
    m_nrf_log_atfifo_m_fifo_logs_data_const  0x0002bb98   Data           8  nrf_fstorage_sd.o(log_const_data)
    m_nrf_log_pwr_mgmt_logs_data_const       0x0002bba0   Data           8  nrf_pwr_mgmt.o(log_const_data)
    m_nrf_log_balloc_log_mempool_logs_data_const 0x0002bba8   Data           8  nrf_log_frontend.o(log_const_data)
    m_nrf_log_app_logs_data_const            0x0002bbb0   Data           8  nrf_log_frontend.o(log_const_data)
    m_nrf_log_nrf_sdh_logs_data_const        0x0002bbb8   Data           8  nrf_sdh.o(log_const_data)
    m_nrf_log_nrf_sdh_ble_logs_data_const    0x0002bbc0   Data           8  nrf_sdh_ble.o(log_const_data)
    m_nrf_log_nrf_sdh_soc_logs_data_const    0x0002bbc8   Data           8  nrf_sdh_soc.o(log_const_data)
    log_const_data$$Limit                    0x0002bbd0   Number         0  nrf_sdh_soc.o(log_const_data)
    log_mempool                              0x0002bbd0   Data          24  nrf_log_frontend.o(nrf_balloc)
    sdh_ble_observers0$$Base                 0x0002bbe8   Number         0  ble_conn_state.o(sdh_ble_observers0)
    sdh_ble_observers0$$Limit                0x0002bbf0   Number         0  ble_conn_state.o(sdh_ble_observers0)
    sdh_ble_observers1$$Base                 0x0002bbf0   Number         0  main.o(sdh_ble_observers1)
    sdh_ble_observers1$$Limit                0x0002bc40   Number         0  bsp_btn_ble.o(sdh_ble_observers1)
    sdh_ble_observers2$$Base                 0x0002bc40   Number         0  main.o(sdh_ble_observers2)
    sdh_ble_observers2$$Limit                0x0002bc80   Number         0  main.o(sdh_ble_observers2)
    sdh_ble_observers3$$Base                 0x0002bc80   Number         0  main.o(sdh_ble_observers3)
    m_req_obs                                0x0002bc88   Data           8  nrf_fstorage_sd.o(sdh_req_observers0)
    sdh_ble_observers3$$Limit                0x0002bc88   Number         0  main.o(sdh_ble_observers3)
    sdh_req_observers0$$Base                 0x0002bc88   Number         0  nrf_fstorage_sd.o(sdh_req_observers0)
    sdh_req_observers0$$Limit                0x0002bc90   Number         0  nrf_fstorage_sd.o(sdh_req_observers0)
    sdh_soc_observers0$$Base                 0x0002bc90   Number         0  nrf_drv_clock.o(sdh_soc_observers0)
    sdh_soc_observers0$$Limit                0x0002bca0   Number         0  nrf_fstorage_sd.o(sdh_soc_observers0)
    sdh_stack_observers0$$Base               0x0002bca0   Number         0  nrf_sdh_ble.o(sdh_stack_observers0)
    sdh_stack_observers0$$Limit              0x0002bcb0   Number         0  nrf_sdh_soc.o(sdh_stack_observers0)
    sdh_state_observers0$$Base               0x0002bcb0   Number         0  nrf_drv_clock.o(sdh_state_observers0)
    sdh_state_observers0$$Limit              0x0002bcc0   Number         0  nrf_fstorage_sd.o(sdh_state_observers0)
    Image$$RW_IRAM1$$Base                    0x20004368   Number         0  anon$$obj.o ABSOLUTE
    nrf_drv_uart_use_easy_dma                0x200059f8   Data           1  nrf_drv_uart.o(.data)
    m_uart                                   0x20005a74   Data          20  nrf_log_backend_uart.o(.data)
    SystemCoreClock                          0x20005ae8   Data           4  system_nrf52.o(.data)
    log_dynamic_data$$Base                   0x20005aec   Number         0  ble_db_discovery.o(log_dynamic_data)
    m_nrf_log_ble_db_disc_logs_data_dynamic  0x20005aec   Data           4  ble_db_discovery.o(log_dynamic_data)
    m_nrf_log_nrf_ble_gatt_logs_data_dynamic 0x20005af0   Data           4  nrf_ble_gatt.o(log_dynamic_data)
    m_nrf_log_ble_lbs_c_logs_data_dynamic    0x20005af4   Data           4  ble_lbs_c.o(log_dynamic_data)
    m_nrf_log_clock_logs_data_dynamic        0x20005af8   Data           4  nrf_drv_clock.o(log_dynamic_data)
    m_nrf_log_CLOCK_logs_data_dynamic        0x20005afc   Data           4  nrfx_clock.o(log_dynamic_data)
    m_nrf_log_GPIOTE_logs_data_dynamic       0x20005b00   Data           4  nrfx_gpiote.o(log_dynamic_data)
    m_nrf_log_PRS_logs_data_dynamic          0x20005b04   Data           4  nrfx_prs.o(log_dynamic_data)
    m_nrf_log_UART_logs_data_dynamic         0x20005b08   Data           4  nrfx_uart.o(log_dynamic_data)
    m_nrf_log_UARTE_logs_data_dynamic        0x20005b0c   Data           4  nrfx_uarte.o(log_dynamic_data)
    m_nrf_log_nrf_fstorage_logs_data_dynamic 0x20005b10   Data           4  nrf_fstorage.o(log_dynamic_data)
    m_nrf_log_atfifo_m_fifo_logs_data_dynamic 0x20005b14   Data           4  nrf_fstorage_sd.o(log_dynamic_data)
    m_nrf_log_pwr_mgmt_logs_data_dynamic     0x20005b18   Data           4  nrf_pwr_mgmt.o(log_dynamic_data)
    m_nrf_log_balloc_log_mempool_logs_data_dynamic 0x20005b1c   Data           4  nrf_log_frontend.o(log_dynamic_data)
    m_nrf_log_app_logs_data_dynamic          0x20005b20   Data           4  nrf_log_frontend.o(log_dynamic_data)
    m_nrf_log_nrf_sdh_logs_data_dynamic      0x20005b24   Data           4  nrf_sdh.o(log_dynamic_data)
    m_nrf_log_nrf_sdh_ble_logs_data_dynamic  0x20005b28   Data           4  nrf_sdh_ble.o(log_dynamic_data)
    m_nrf_log_nrf_sdh_soc_logs_data_dynamic  0x20005b2c   Data           4  nrf_sdh_soc.o(log_dynamic_data)
    nrf_nvic_state                           0x20006244   Data          12  app_util_platform.o(.bss)
    __initial_sp                             0x20008820   Data           0  arm_startup_nrf52.o(STACK)



==============================================================================

Memory Map of the image

  Image Entry point : 0x00026201

  Load Region LR_IROM1 (Base: 0x00026000, Size: 0x00007488, Max: 0x0005a000, ABSOLUTE, COMPRESSED[0x00005d40])

    Execution Region ER_IROM1 (Base: 0x00026000, Size: 0x00005cc0, Max: 0x0005a000, ABSOLUTE)

    Base Addr    Size         Type   Attr      Idx    E Section Name        Object

    0x00026000   0x00000200   Data   RO         4676    RESET               arm_startup_nrf52.o
    0x00026200   0x00000000   Code   RO         4717  * .ARM.Collect$$$$00000000  mc_w.l(entry.o)
    0x00026200   0x00000004   Code   RO         4771    .ARM.Collect$$$$00000001  mc_w.l(entry2.o)
    0x00026204   0x00000004   Code   RO         4774    .ARM.Collect$$$$00000004  mc_w.l(entry5.o)
    0x00026208   0x00000000   Code   RO         4776    .ARM.Collect$$$$00000008  mc_w.l(entry7b.o)
    0x00026208   0x00000000   Code   RO         4778    .ARM.Collect$$$$0000000A  mc_w.l(entry8b.o)
    0x00026208   0x00000008   Code   RO         4779    .ARM.Collect$$$$0000000B  mc_w.l(entry9a.o)
    0x00026210   0x00000000   Code   RO         4781    .ARM.Collect$$$$0000000D  mc_w.l(entry10a.o)
    0x00026210   0x00000000   Code   RO         4783    .ARM.Collect$$$$0000000F  mc_w.l(entry11a.o)
    0x00026210   0x00000004   Code   RO         4772    .ARM.Collect$$$$00002712  mc_w.l(entry2.o)
    0x00026214   0x000000c8   Code   RO         2886    .emb_text           nrf_atfifo.o
    0x000262dc   0x000000e2   Code   RO         3025    .emb_text           nrf_atomic.o
    0x000263be   0x00000002   PAD
    0x000263c0   0x00000024   Code   RO         4677    .text               arm_startup_nrf52.o
    0x000263e4   0x0000001e   Code   RO         4727    .text               mc_w.l(llshl.o)
    0x00026402   0x00000002   PAD
    0x00026404   0x00000008   Code   RO         4729    .text               mc_w.l(ctype_o.o)
    0x0002640c   0x00000024   Code   RO         4757    .text               mc_w.l(memcpya.o)
    0x00026430   0x00000024   Code   RO         4759    .text               mc_w.l(memseta.o)
    0x00026454   0x0000000e   Code   RO         4761    .text               mc_w.l(strlen.o)
    0x00026462   0x0000001a   Code   RO         4765    .text               mc_w.l(memcmp.o)
    0x0002647c   0x00000024   Code   RO         4789    .text               mc_w.l(init.o)
    0x000264a0   0x00000056   Code   RO         4799    .text               mc_w.l(__dczerorl2.o)
    0x000264f6   0x00000002   PAD
    0x000264f8   0x00000164   Code   RO         1704    i.GPIOTE_IRQHandler  nrfx_gpiote.o
    0x0002665c   0x00000016   Code   RO         2600    i.NVIC_ClearPendingIRQ  app_timer.o
    0x00026672   0x00000016   Code   RO         2601    i.NVIC_EnableIRQ    app_timer.o
    0x00026688   0x00000016   Code   RO         2602    i.NVIC_SetPendingIRQ  app_timer.o
    0x0002669e   0x00000020   Code   RO         2603    i.NVIC_SetPriority  app_timer.o
    0x000266be   0x00000002   PAD
    0x000266c0   0x00000058   Code   RO         1572    i.POWER_CLOCK_IRQHandler  nrfx_clock.o
    0x00026718   0x00000024   Code   RO         2604    i.RTC1_IRQHandler   app_timer.o
    0x0002673c   0x00000004   Code   RO         2605    i.SWI0_EGU0_IRQHandler  app_timer.o
    0x00026740   0x00000004   Code   RO         4463    i.SWI2_EGU2_IRQHandler  nrf_sdh.o
    0x00026744   0x0000031c   Code   RO         4685    i.SystemInit        system_nrf52.o
    0x00026a60   0x0000000c   Code   RO         2003    i.UARTE0_UART0_IRQHandler  nrfx_prs.o
    0x00026a6c   0x0000000e   Code   RO         4793    i.__scatterload_copy  mc_w.l(handlers.o)
    0x00026a7a   0x00000002   Code   RO         4794    i.__scatterload_null  mc_w.l(handlers.o)
    0x00026a7c   0x0000000e   Code   RO         4795    i.__scatterload_zeroinit  mc_w.l(handlers.o)
    0x00026a8a   0x00000002   PAD
    0x00026a8c   0x00000024   Code   RO         4464    i.__sd_nvic_app_accessible_irq  nrf_sdh.o
    0x00026ab0   0x00000016   Code   RO         4465    i.__sd_nvic_is_app_accessible_priority  nrf_sdh.o
    0x00026ac6   0x0000001c   Code   RO          859    i.active_flag_count  ble_conn_state.o
    0x00026ae2   0x00000036   Code   RO          601    i.advertising_buttons_configure  bsp_btn_ble.o
    0x00026b18   0x00000030   Code   RO         2394    i.app_button_disable  app_button.o
    0x00026b48   0x00000024   Code   RO         2395    i.app_button_enable  app_button.o
    0x00026b6c   0x00000078   Code   RO         2396    i.app_button_init   app_button.o
    0x00026be4   0x0000007c   Code   RO         2515    i.app_error_fault_handler  app_error_weak.o
    0x00026c60   0x00000016   Code   RO         2459    i.app_error_handler_bare  app_error.o
    0x00026c76   0x00000002   PAD
    0x00026c78   0x00000024   Code   RO         2608    i.app_timer_create  app_timer.o
    0x00026c9c   0x00000054   Code   RO         2609    i.app_timer_init    app_timer.o
    0x00026cf0   0x00000088   Code   RO         2612    i.app_timer_start   app_timer.o
    0x00026d78   0x00000020   Code   RO         2613    i.app_timer_stop    app_timer.o
    0x00026d98   0x00000048   Code   RO         2773    i.app_util_critical_region_enter  app_util_platform.o
    0x00026de0   0x00000034   Code   RO         2774    i.app_util_critical_region_exit  app_util_platform.o
    0x00026e14   0x00000088   Code   RO         2054    i.apply_config      nrfx_uart.o
    0x00026e9c   0x00000088   Code   RO         2242    i.apply_config      nrfx_uarte.o
    0x00026f24   0x0000000c   Code   RO          860    i.bcs_internal_state_reset  ble_conn_state.o
    0x00026f30   0x00000044   Code   RO          649    i.ble_advdata_name_find  ble_advdata.o
    0x00026f74   0x00000038   Code   RO          651    i.ble_advdata_search  ble_advdata.o
    0x00026fac   0x0000001c   Code   RO          861    i.ble_conn_state_central_conn_count  ble_conn_state.o
    0x00026fc8   0x00000004   Code   RO          869    i.ble_conn_state_init  ble_conn_state.o
    0x00026fcc   0x00000040   Code   RO         1027    i.ble_db_discovery_evt_register  ble_db_discovery.o
    0x0002700c   0x0000001c   Code   RO         1028    i.ble_db_discovery_init  ble_db_discovery.o
    0x00027028   0x00000090   Code   RO         1029    i.ble_db_discovery_on_ble_evt  ble_db_discovery.o
    0x000270b8   0x00000028   Code   RO         1030    i.ble_db_discovery_start  ble_db_discovery.o
    0x000270e0   0x00000180   Code   RO            5    i.ble_evt_handler   main.o
    0x00027260   0x00000070   Code   RO          602    i.ble_evt_handler   bsp_btn_ble.o
    0x000272d0   0x00000104   Code   RO          879    i.ble_evt_handler   ble_conn_state.o
    0x000273d4   0x00000058   Code   RO         1307    i.ble_lbs_c_button_notif_enable  ble_lbs_c.o
    0x0002742c   0x00000018   Code   RO         1308    i.ble_lbs_c_handles_assign  ble_lbs_c.o
    0x00027444   0x00000054   Code   RO         1309    i.ble_lbs_c_init    ble_lbs_c.o
    0x00027498   0x00000074   Code   RO         1310    i.ble_lbs_c_on_ble_evt  ble_lbs_c.o
    0x0002750c   0x00000058   Code   RO         1311    i.ble_lbs_led_status_send  ble_lbs_c.o
    0x00027564   0x0000008c   Code   RO         1312    i.ble_lbs_on_db_disc_evt  ble_lbs_c.o
    0x000275f0   0x00000054   Code   RO          353    i.bsp_board_init    boards.o
    0x00027644   0x00000010   Code   RO          356    i.bsp_board_led_off  boards.o
    0x00027654   0x00000010   Code   RO          357    i.bsp_board_led_on  boards.o
    0x00027664   0x00000012   Code   RO          359    i.bsp_board_leds_off  boards.o
    0x00027676   0x00000002   PAD
    0x00027678   0x00000044   Code   RO          489    i.bsp_event_to_button_action_assign  bsp.o
    0x000276bc   0x00000090   Code   RO         3862    i.buf_prealloc      nrf_log_frontend.o
    0x0002774c   0x0000001e   Code   RO         3237    i.buffer_add        nrf_fprintf_format.o
    0x0002776a   0x00000002   PAD
    0x0002776c   0x00000014   Code   RO         3863    i.buffer_is_empty   nrf_log_frontend.o
    0x00027780   0x00000070   Code   RO            6    i.button_event_handler  main.o
    0x000277f0   0x0000001c   Code   RO         1705    i.channel_free      nrfx_gpiote.o
    0x0002780c   0x00000048   Code   RO         1706    i.channel_port_alloc  nrfx_gpiote.o
    0x00027854   0x00000010   Code   RO         1707    i.channel_port_get  nrfx_gpiote.o
    0x00027864   0x00000042   Code   RO         1031    i.characteristics_discover  ble_db_discovery.o
    0x000278a6   0x00000002   PAD
    0x000278a8   0x00000028   Code   RO         1374    i.clock_clk_started_notify  nrf_drv_clock.o
    0x000278d0   0x0000001c   Code   RO         1375    i.clock_irq_handler  nrf_drv_clock.o
    0x000278ec   0x000000ac   Code   RO         2615    i.compare_reg_update  app_timer.o
    0x00027998   0x0000003e   Code   RO          880    i.conn_handle_list_get  ble_conn_state.o
    0x000279d6   0x00000002   PAD
    0x000279d8   0x000000bc   Code   RO         1208    i.data_length_update  nrf_ble_gatt.o
    0x00027a94   0x00000014   Code   RO            7    i.db_disc_handler   main.o
    0x00027aa8   0x0000008c   Code   RO         1032    i.descriptors_discover  ble_db_discovery.o
    0x00027b34   0x00000098   Code   RO         2398    i.detection_delay_timeout_handler  app_button.o
    0x00027bcc   0x00000090   Code   RO         1033    i.discovery_complete_evt_trigger  ble_db_discovery.o
    0x00027c5c   0x0000003c   Code   RO         1034    i.discovery_error_evt_trigger  ble_db_discovery.o
    0x00027c98   0x0000005c   Code   RO         1035    i.discovery_start   ble_db_discovery.o
    0x00027cf4   0x00000014   Code   RO         3865    i.dropped_sat16_get  nrf_log_frontend.o
    0x00027d08   0x00000040   Code   RO         2616    i.elapsed_ticks_acquire  app_timer.o
    0x00027d48   0x00000054   Code   RO         3362    i.event_send        nrf_fstorage_sd.o
    0x00027d9c   0x00000084   Code   RO         2399    i.gpiote_event_handler  app_button.o
    0x00027e20   0x000000a6   Code   RO         3238    i.int_print         nrf_fprintf_format.o
    0x00027ec6   0x00000002   PAD
    0x00027ec8   0x00000080   Code   RO         2243    i.interrupts_enable  nrfx_uarte.o
    0x00027f48   0x0000004c   Code   RO         3866    i.invalid_packets_pushed_str_omit  nrf_log_frontend.o
    0x00027f94   0x0000004c   Code   RO         1036    i.is_desc_discovery_reqd  ble_db_discovery.o
    0x00027fe0   0x000000cc   Code   RO            8    i.lbs_c_evt_handler  main.o
    0x000280ac   0x00000014   Code   RO         1209    i.link_init         nrf_ble_gatt.o
    0x000280c0   0x000000f8   Code   RO         2617    i.list_insertions_handler  app_timer.o
    0x000281b8   0x0000009c   Code   RO         3867    i.log_skip          nrf_log_frontend.o
    0x00028254   0x00000100   Code   RO            9    i.main              main.o
    0x00028354   0x00000076   Code   RO         3476    i.memobj_op         nrf_memobj.o
    0x000283ca   0x00000002   PAD
    0x000283cc   0x00000030   Code   RO         3868    i.module_idx_get    nrf_log_frontend.o
    0x000283fc   0x00000016   Code   RO         2892    i.nrf_atfifo_item_free  nrf_atfifo.o
    0x00028412   0x00000016   Code   RO         2893    i.nrf_atfifo_item_get  nrf_atfifo.o
    0x00028428   0x00000016   Code   RO         2959    i.nrf_atflags_clear  nrf_atflags.o
    0x0002843e   0x00000016   Code   RO         2964    i.nrf_atflags_get   nrf_atflags.o
    0x00028454   0x00000014   Code   RO         2966    i.nrf_atflags_set   nrf_atflags.o
    0x00028468   0x00000006   Code   RO         3027    i.nrf_atomic_flag_clear_fetch  nrf_atomic.o
    0x0002846e   0x00000006   Code   RO         3028    i.nrf_atomic_flag_set  nrf_atomic.o
    0x00028474   0x0000000c   Code   RO         3030    i.nrf_atomic_u32_add  nrf_atomic.o
    0x00028480   0x0000000c   Code   RO         3031    i.nrf_atomic_u32_and  nrf_atomic.o
    0x0002848c   0x0000000a   Code   RO         3034    i.nrf_atomic_u32_fetch_and  nrf_atomic.o
    0x00028496   0x0000000a   Code   RO         3036    i.nrf_atomic_u32_fetch_store  nrf_atomic.o
    0x000284a0   0x0000000c   Code   RO         3040    i.nrf_atomic_u32_or  nrf_atomic.o
    0x000284ac   0x0000000c   Code   RO         3042    i.nrf_atomic_u32_sub  nrf_atomic.o
    0x000284b8   0x00000044   Code   RO         3161    i.nrf_balloc_alloc  nrf_balloc.o
    0x000284fc   0x00000030   Code   RO         3162    i.nrf_balloc_free   nrf_balloc.o
    0x0002852c   0x00000030   Code   RO         3163    i.nrf_balloc_init   nrf_balloc.o
    0x0002855c   0x00000010   Code   RO         1708    i.nrf_bitmask_bit_is_set  nrfx_gpiote.o
    0x0002856c   0x00000014   Code   RO         1709    i.nrf_bitmask_bit_set  nrfx_gpiote.o
    0x00028580   0x0000002c   Code   RO         1215    i.nrf_ble_gatt_init  nrf_ble_gatt.o
    0x000285ac   0x00000168   Code   RO         1216    i.nrf_ble_gatt_on_ble_evt  nrf_ble_gatt.o
    0x00028714   0x0000000e   Code   RO         1573    i.nrf_clock_event_check  nrfx_clock.o
    0x00028722   0x00000010   Code   RO         1574    i.nrf_clock_event_clear  nrfx_clock.o
    0x00028732   0x00000002   PAD
    0x00028734   0x00000038   Code   RO         1382    i.nrf_drv_clock_init  nrf_drv_clock.o
    0x0002876c   0x00000030   Code   RO         1386    i.nrf_drv_clock_lfclk_release  nrf_drv_clock.o
    0x0002879c   0x00000068   Code   RO         1520    i.nrf_drv_uart_init  nrf_drv_uart.o
    0x00028804   0x0000001a   Code   RO         3198    i.nrf_fprintf       nrf_fprintf.o
    0x0002881e   0x00000018   Code   RO         3199    i.nrf_fprintf_buffer_flush  nrf_fprintf.o
    0x00028836   0x000001da   Code   RO         3239    i.nrf_fprintf_fmt   nrf_fprintf_format.o
    0x00028a10   0x00000018   Code   RO         3365    i.nrf_fstorage_sdh_req_handler  nrf_fstorage_sd.o
    0x00028a28   0x00000020   Code   RO         3366    i.nrf_fstorage_sdh_state_handler  nrf_fstorage_sd.o
    0x00028a48   0x000000a4   Code   RO         3367    i.nrf_fstorage_sys_evt_handler  nrf_fstorage_sd.o
    0x00028aec   0x00000024   Code   RO          363    i.nrf_gpio_cfg      boards.o
    0x00028b10   0x00000024   Code   RO         1710    i.nrf_gpio_cfg      nrfx_gpiote.o
    0x00028b34   0x00000024   Code   RO         2055    i.nrf_gpio_cfg      nrfx_uart.o
    0x00028b58   0x00000024   Code   RO         2244    i.nrf_gpio_cfg      nrfx_uarte.o
    0x00028b7c   0x00000012   Code   RO         2056    i.nrf_gpio_cfg_default  nrfx_uart.o
    0x00028b8e   0x00000012   Code   RO         2245    i.nrf_gpio_cfg_default  nrfx_uarte.o
    0x00028ba0   0x00000012   Code   RO         2057    i.nrf_gpio_cfg_input  nrfx_uart.o
    0x00028bb2   0x00000012   Code   RO         2246    i.nrf_gpio_cfg_input  nrfx_uarte.o
    0x00028bc4   0x00000014   Code   RO         2058    i.nrf_gpio_cfg_output  nrfx_uart.o
    0x00028bd8   0x00000014   Code   RO         2247    i.nrf_gpio_cfg_output  nrfx_uarte.o
    0x00028bec   0x00000022   Code   RO         1712    i.nrf_gpio_cfg_sense_set  nrfx_gpiote.o
    0x00028c0e   0x00000016   Code   RO          364    i.nrf_gpio_pin_write  boards.o
    0x00028c24   0x00000028   Code   RO         1713    i.nrf_gpio_ports_read  nrfx_gpiote.o
    0x00028c4c   0x00000014   Code   RO         1714    i.nrf_gpiote_event_clear  nrfx_gpiote.o
    0x00028c60   0x00000010   Code   RO         1715    i.nrf_gpiote_event_is_set  nrfx_gpiote.o
    0x00028c70   0x00000050   Code   RO         3869    i.nrf_log_backend_add  nrf_log_frontend.o
    0x00028cc0   0x000000c8   Code   RO         3710    i.nrf_log_backend_serial_put  nrf_log_backend_serial.o
    0x00028d88   0x00000002   Code   RO         3750    i.nrf_log_backend_uart_flush  nrf_log_backend_uart.o
    0x00028d8a   0x00000006   Code   RO         3751    i.nrf_log_backend_uart_init  nrf_log_backend_uart.o
    0x00028d90   0x0000002c   Code   RO         3752    i.nrf_log_backend_uart_panic_set  nrf_log_backend_uart.o
    0x00028dbc   0x00000018   Code   RO         3753    i.nrf_log_backend_uart_put  nrf_log_backend_uart.o
    0x00028dd4   0x00000030   Code   RO         3871    i.nrf_log_color_id_get  nrf_log_frontend.o
    0x00028e04   0x0000001c   Code   RO         3829    i.nrf_log_default_backends_init  nrf_log_default_backends.o
    0x00028e20   0x00000220   Code   RO         3872    i.nrf_log_frontend_dequeue  nrf_log_frontend.o
    0x00029040   0x00000008   Code   RO         3874    i.nrf_log_frontend_std_0  nrf_log_frontend.o
    0x00029048   0x0000000e   Code   RO         3875    i.nrf_log_frontend_std_1  nrf_log_frontend.o
    0x00029056   0x00000010   Code   RO         3876    i.nrf_log_frontend_std_2  nrf_log_frontend.o
    0x00029066   0x00000002   PAD
    0x00029068   0x000000ac   Code   RO         4049    i.nrf_log_hexdump_entry_process  nrf_log_str_formatter.o
    0x00029114   0x00000058   Code   RO         3881    i.nrf_log_init      nrf_log_frontend.o
    0x0002916c   0x00000014   Code   RO         3882    i.nrf_log_module_cnt_get  nrf_log_frontend.o
    0x00029180   0x0000001c   Code   RO         3885    i.nrf_log_module_name_get  nrf_log_frontend.o
    0x0002919c   0x00000028   Code   RO         3886    i.nrf_log_panic     nrf_log_frontend.o
    0x000291c4   0x000000b6   Code   RO         4050    i.nrf_log_std_entry_process  nrf_log_str_formatter.o
    0x0002927a   0x00000060   Code   RO         3477    i.nrf_memobj_alloc  nrf_memobj.o
    0x000292da   0x00000032   Code   RO         3478    i.nrf_memobj_free   nrf_memobj.o
    0x0002930c   0x00000008   Code   RO         3479    i.nrf_memobj_get    nrf_memobj.o
    0x00029314   0x00000004   Code   RO         3480    i.nrf_memobj_pool_init  nrf_memobj.o
    0x00029318   0x0000001e   Code   RO         3481    i.nrf_memobj_put    nrf_memobj.o
    0x00029336   0x0000000c   Code   RO         3482    i.nrf_memobj_read   nrf_memobj.o
    0x00029342   0x0000000c   Code   RO         3483    i.nrf_memobj_write  nrf_memobj.o
    0x0002934e   0x00000002   PAD
    0x00029350   0x00000028   Code   RO         3555    i.nrf_pwr_mgmt_init  nrf_pwr_mgmt.o
    0x00029378   0x00000044   Code   RO         3556    i.nrf_pwr_mgmt_run  nrf_pwr_mgmt.o
    0x000293bc   0x00000014   Code   RO         4594    i.nrf_sdh_ble_app_ram_start_get  nrf_sdh_ble.o
    0x000293d0   0x0000010c   Code   RO         4595    i.nrf_sdh_ble_default_cfg_set  nrf_sdh_ble.o
    0x000294dc   0x0000012c   Code   RO         4596    i.nrf_sdh_ble_enable  nrf_sdh_ble.o
    0x00029608   0x0000005c   Code   RO         4597    i.nrf_sdh_ble_evts_poll  nrf_sdh_ble.o
    0x00029664   0x00000054   Code   RO         4466    i.nrf_sdh_disable_request  nrf_sdh.o
    0x000296b8   0x00000090   Code   RO         4467    i.nrf_sdh_enable_request  nrf_sdh.o
    0x00029748   0x00000024   Code   RO         4468    i.nrf_sdh_evts_poll  nrf_sdh.o
    0x0002976c   0x0000000c   Code   RO         4469    i.nrf_sdh_is_enabled  nrf_sdh.o
    0x00029778   0x0000001c   Code   RO         4471    i.nrf_sdh_request_continue  nrf_sdh.o
    0x00029794   0x0000003c   Code   RO         4645    i.nrf_sdh_soc_evts_poll  nrf_sdh_soc.o
    0x000297d0   0x0000000a   Code   RO         3624    i.nrf_section_iter_init  nrf_section_iter.o
    0x000297da   0x00000024   Code   RO         3625    i.nrf_section_iter_item_set  nrf_section_iter.o
    0x000297fe   0x00000020   Code   RO         3626    i.nrf_section_iter_next  nrf_section_iter.o
    0x0002981e   0x00000002   PAD
    0x00029820   0x00000038   Code   RO         3659    i.nrf_strerror_find  nrf_strerror.o
    0x00029858   0x00000014   Code   RO         3660    i.nrf_strerror_get  nrf_strerror.o
    0x0002986c   0x0000000a   Code   RO         2059    i.nrf_uart_event_check  nrfx_uart.o
    0x00029876   0x0000000c   Code   RO         2060    i.nrf_uart_event_clear  nrfx_uart.o
    0x00029882   0x0000000c   Code   RO         2061    i.nrf_uart_int_enable_check  nrfx_uart.o
    0x0002988e   0x0000000a   Code   RO         2248    i.nrf_uarte_event_check  nrfx_uarte.o
    0x00029898   0x0000000c   Code   RO         2249    i.nrf_uarte_event_clear  nrfx_uarte.o
    0x000298a4   0x0000002c   Code   RO         1579    i.nrfx_clock_enable  nrfx_clock.o
    0x000298d0   0x00000020   Code   RO         1582    i.nrfx_clock_init   nrfx_clock.o
    0x000298f0   0x0000001c   Code   RO         1585    i.nrfx_clock_lfclk_stop  nrfx_clock.o
    0x0002990c   0x00000010   Code   RO         2618    i.nrfx_coredep_delay_us  app_timer.o
    0x0002991c   0x00000048   Code   RO         1719    i.nrfx_gpiote_in_event_disable  nrfx_gpiote.o
    0x00029964   0x000000a4   Code   RO         1720    i.nrfx_gpiote_in_event_enable  nrfx_gpiote.o
    0x00029a08   0x000000d0   Code   RO         1721    i.nrfx_gpiote_in_init  nrfx_gpiote.o
    0x00029ad8   0x00000014   Code   RO         1722    i.nrfx_gpiote_in_is_set  nrfx_gpiote.o
    0x00029aec   0x00000070   Code   RO         1724    i.nrfx_gpiote_init  nrfx_gpiote.o
    0x00029b5c   0x00000014   Code   RO         1725    i.nrfx_gpiote_is_init  nrfx_gpiote.o
    0x00029b70   0x00000010   Code   RO         2250    i.nrfx_is_in_ram    nrfx_uarte.o
    0x00029b80   0x0000003a   Code   RO         2004    i.nrfx_prs_acquire  nrfx_prs.o
    0x00029bba   0x00000012   Code   RO         2005    i.nrfx_prs_release  nrfx_prs.o
    0x00029bcc   0x00000010   Code   RO         2062    i.nrfx_uart_0_irq_handler  nrfx_uart.o
    0x00029bdc   0x000000d4   Code   RO         2064    i.nrfx_uart_init    nrfx_uart.o
    0x00029cb0   0x000000a4   Code   RO         2070    i.nrfx_uart_tx      nrfx_uart.o
    0x00029d54   0x00000020   Code   RO         2072    i.nrfx_uart_tx_in_progress  nrfx_uart.o
    0x00029d74   0x000000b4   Code   RO         2073    i.nrfx_uart_uninit  nrfx_uart.o
    0x00029e28   0x00000010   Code   RO         2251    i.nrfx_uarte_0_irq_handler  nrfx_uarte.o
    0x00029e38   0x0000006c   Code   RO         2253    i.nrfx_uarte_init   nrfx_uarte.o
    0x00029ea4   0x00000090   Code   RO         2257    i.nrfx_uarte_tx     nrfx_uarte.o
    0x00029f34   0x0000001c   Code   RO         2259    i.nrfx_uarte_tx_in_progress  nrfx_uarte.o
    0x00029f50   0x000000b0   Code   RO         2260    i.nrfx_uarte_uninit  nrfx_uarte.o
    0x0002a000   0x00000080   Code   RO           10    i.on_adv_report     main.o
    0x0002a080   0x00000114   Code   RO         1037    i.on_characteristic_discovery_rsp  ble_db_discovery.o
    0x0002a194   0x000000a0   Code   RO         1217    i.on_connected_evt  nrf_ble_gatt.o
    0x0002a234   0x000000f0   Code   RO         1038    i.on_descriptor_discovery_rsp  ble_db_discovery.o
    0x0002a324   0x000000a4   Code   RO         1218    i.on_exchange_mtu_request_evt  nrf_ble_gatt.o
    0x0002a3c8   0x0000006c   Code   RO         1039    i.on_primary_srv_discovery_rsp  ble_db_discovery.o
    0x0002a434   0x0000007c   Code   RO         1040    i.on_srv_disc_completion  ble_db_discovery.o
    0x0002a4b0   0x00000018   Code   RO         1741    i.pin_in_use_by_port  nrfx_gpiote.o
    0x0002a4c8   0x00000018   Code   RO         1742    i.pin_in_use_by_te  nrfx_gpiote.o
    0x0002a4e0   0x0000003c   Code   RO         4052    i.postfix_process   nrf_log_str_formatter.o
    0x0002a51c   0x00000098   Code   RO         4053    i.prefix_process    nrf_log_str_formatter.o
    0x0002a5b4   0x00000018   Code   RO         2006    i.prs_box_get       nrfx_prs.o
    0x0002a5cc   0x00000014   Code   RO         3368    i.queue_free        nrf_fstorage_sd.o
    0x0002a5e0   0x000000a0   Code   RO         3369    i.queue_process     nrf_fstorage_sd.o
    0x0002a680   0x00000038   Code   RO         1041    i.registered_handler_get  ble_db_discovery.o
    0x0002a6b8   0x0000003c   Code   RO         2619    i.rtc1_stop         app_timer.o
    0x0002a6f4   0x00000032   Code   RO         2074    i.rx_byte           nrfx_uart.o
    0x0002a726   0x00000016   Code   RO         2075    i.rx_done_event     nrfx_uart.o
    0x0002a73c   0x00000018   Code   RO         2261    i.rx_done_event     nrfx_uarte.o
    0x0002a754   0x00000060   Code   RO           11    i.scan_start        main.o
    0x0002a7b4   0x00000042   Code   RO         4474    i.sd_nvic_SetPriority  nrf_sdh.o
    0x0002a7f6   0x00000002   PAD
    0x0002a7f8   0x00000050   Code   RO         1389    i.sd_state_evt_handler  nrf_drv_clock.o
    0x0002a848   0x00000030   Code   RO         4475    i.sdh_request_observer_notify  nrf_sdh.o
    0x0002a878   0x0000002c   Code   RO         4476    i.sdh_state_observer_notify  nrf_sdh.o
    0x0002a8a4   0x00000040   Code   RO         3754    i.serial_tx         nrf_log_backend_uart.o
    0x0002a8e4   0x00000018   Code   RO         1390    i.soc_evt_handler   nrf_drv_clock.o
    0x0002a8fc   0x00000038   Code   RO         4477    i.softdevice_evt_irq_disable  nrf_sdh.o
    0x0002a934   0x00000050   Code   RO         4478    i.softdevices_evt_irq_enable  nrf_sdh.o
    0x0002a984   0x0000008c   Code   RO         3888    i.std_n             nrf_log_frontend.o
    0x0002aa10   0x00000080   Code   RO         2620    i.timer_list_handler  app_timer.o
    0x0002aa90   0x0000003c   Code   RO         2621    i.timer_list_insert  app_timer.o
    0x0002aacc   0x00000060   Code   RO         2622    i.timer_list_remove  app_timer.o
    0x0002ab2c   0x00000048   Code   RO         2623    i.timer_stop_op_schedule  app_timer.o
    0x0002ab74   0x00000074   Code   RO         2624    i.timer_timeouts_check  app_timer.o
    0x0002abe8   0x00000048   Code   RO         1313    i.tx_buffer_process  ble_lbs_c.o
    0x0002ac30   0x00000020   Code   RO         2077    i.tx_byte           nrfx_uart.o
    0x0002ac50   0x0000001a   Code   RO         2078    i.tx_done_event     nrfx_uart.o
    0x0002ac6a   0x00000002   PAD
    0x0002ac6c   0x00000030   Code   RO         1521    i.uart_evt_handler  nrf_drv_uart.o
    0x0002ac9c   0x0000000c   Code   RO         3755    i.uart_evt_handler  nrf_log_backend_uart.o
    0x0002aca8   0x00000050   Code   RO         3756    i.uart_init         nrf_log_backend_uart.o
    0x0002acf8   0x00000128   Code   RO         2079    i.uart_irq_handler  nrfx_uart.o
    0x0002ae20   0x00000030   Code   RO         1522    i.uarte_evt_handler  nrf_drv_uart.o
    0x0002ae50   0x000000f4   Code   RO         2262    i.uarte_irq_handler  nrfx_uarte.o
    0x0002af44   0x000000b4   Code   RO         3240    i.unsigned_print    nrf_fprintf_format.o
    0x0002aff8   0x00000030   Code   RO         2625    i.user_op_alloc     app_timer.o
    0x0002b028   0x00000024   Data   RO           14    .constdata          main.o
    0x0002b04c   0x00000008   Data   RO          365    .constdata          boards.o
    0x0002b054   0x0000007c   Data   RO         1043    .constdata          ble_db_discovery.o
    0x0002b0d0   0x00000016   Data   RO         1219    .constdata          nrf_ble_gatt.o
    0x0002b0e6   0x00000002   PAD
    0x0002b0e8   0x00000010   Data   RO         1315    .constdata          ble_lbs_c.o
    0x0002b0f8   0x00000004   Data   RO         1744    .constdata          nrfx_gpiote.o
    0x0002b0fc   0x00000004   Data   RO         2082    .constdata          nrfx_uart.o
    0x0002b100   0x00000004   Data   RO         2265    .constdata          nrfx_uarte.o
    0x0002b104   0x00000008   Data   RO         2401    .constdata          app_button.o
    0x0002b10c   0x00000004   PAD
    0x0002b110   0x00000006   Data   RO         2627    .constdata          app_timer.o
    0x0002b116   0x00000010   Data   RO         3241    .constdata          nrf_fprintf_format.o
    0x0002b126   0x00000002   PAD
    0x0002b128   0x00000010   Data   RO         3377    .constdata          nrf_fstorage_sd.o
    0x0002b138   0x00000018   Data   RO         3560    .constdata          nrf_pwr_mgmt.o
    0x0002b150   0x0000000c   Data   RO         3561    .constdata          nrf_pwr_mgmt.o
    0x0002b15c   0x0000013c   Data   RO         3661    .constdata          nrf_strerror.o
    0x0002b298   0x0000000c   Data   RO         3758    .constdata          nrf_log_backend_uart.o
    0x0002b2a4   0x00000020   Data   RO         3759    .constdata          nrf_log_backend_uart.o
    0x0002b2c4   0x00000010   Data   RO         4479    .constdata          nrf_sdh.o
    0x0002b2d4   0x00000028   Data   RO         4480    .constdata          nrf_sdh.o
    0x0002b2fc   0x00000010   Data   RO         4481    .constdata          nrf_sdh.o
    0x0002b30c   0x00000010   Data   RO         4482    .constdata          nrf_sdh.o
    0x0002b31c   0x00000020   Data   RO         4598    .constdata          nrf_sdh_ble.o
    0x0002b33c   0x00000010   Data   RO         4599    .constdata          nrf_sdh_ble.o
    0x0002b34c   0x00000010   Data   RO         4646    .constdata          nrf_sdh_soc.o
    0x0002b35c   0x0000000c   Data   RO         4647    .constdata          nrf_sdh_soc.o
    0x0002b368   0x00000081   Data   RO         4730    .constdata          mc_w.l(ctype_o.o)
    0x0002b3e9   0x00000003   PAD
    0x0002b3ec   0x00000004   Data   RO         4731    .constdata          mc_w.l(ctype_o.o)
    0x0002b3f0   0x000000a2   Data   RO         1220    .conststring        nrf_ble_gatt.o
    0x0002b492   0x00000002   PAD
    0x0002b494   0x000003eb   Data   RO         3662    .conststring        nrf_strerror.o
    0x0002b87f   0x00000001   PAD
    0x0002b880   0x00000066   Data   RO         4054    .conststring        nrf_log_str_formatter.o
    0x0002b8e6   0x00000002   PAD
    0x0002b8e8   0x00000188   Data   RO         4600    .conststring        nrf_sdh_ble.o
    0x0002ba70   0x0000000c   Data   RO         1044    .conststrlit        ble_db_discovery.o
    0x0002ba7c   0x0000000d   Data   RO         1221    .conststrlit        nrf_ble_gatt.o
    0x0002ba89   0x00000003   PAD
    0x0002ba8c   0x0000000a   Data   RO         1316    .conststrlit        ble_lbs_c.o
    0x0002ba96   0x00000002   PAD
    0x0002ba98   0x00000006   Data   RO         1396    .conststrlit        nrf_drv_clock.o
    0x0002ba9e   0x00000002   PAD
    0x0002baa0   0x00000006   Data   RO         1589    .conststrlit        nrfx_clock.o
    0x0002baa6   0x00000002   PAD
    0x0002baa8   0x00000007   Data   RO         1748    .conststrlit        nrfx_gpiote.o
    0x0002baaf   0x00000001   PAD
    0x0002bab0   0x00000004   Data   RO         2008    .conststrlit        nrfx_prs.o
    0x0002bab4   0x00000005   Data   RO         2085    .conststrlit        nrfx_uart.o
    0x0002bab9   0x00000003   PAD
    0x0002babc   0x00000006   Data   RO         2268    .conststrlit        nrfx_uarte.o
    0x0002bac2   0x00000002   PAD
    0x0002bac4   0x0000000d   Data   RO         3289    .conststrlit        nrf_fstorage.o
    0x0002bad1   0x00000003   PAD
    0x0002bad4   0x0000000e   Data   RO         3379    .conststrlit        nrf_fstorage_sd.o
    0x0002bae2   0x00000002   PAD
    0x0002bae4   0x00000009   Data   RO         3562    .conststrlit        nrf_pwr_mgmt.o
    0x0002baed   0x00000003   PAD
    0x0002baf0   0x00000018   Data   RO         3891    .conststrlit        nrf_log_frontend.o
    0x0002bb08   0x00000008   Data   RO         4483    .conststrlit        nrf_sdh.o
    0x0002bb10   0x0000000c   Data   RO         4601    .conststrlit        nrf_sdh_ble.o
    0x0002bb1c   0x0000000c   Data   RO         4648    .conststrlit        nrf_sdh_soc.o
    0x0002bb28   0x00000020   Data   RO         4791    Region$$Table       anon$$obj.o
    0x0002bb48   0x00000008   Data   RO         1046    log_const_data      ble_db_discovery.o
    0x0002bb50   0x00000008   Data   RO         1222    log_const_data      nrf_ble_gatt.o
    0x0002bb58   0x00000008   Data   RO         1318    log_const_data      ble_lbs_c.o
    0x0002bb60   0x00000008   Data   RO         1397    log_const_data      nrf_drv_clock.o
    0x0002bb68   0x00000008   Data   RO         1591    log_const_data      nrfx_clock.o
    0x0002bb70   0x00000008   Data   RO         1749    log_const_data      nrfx_gpiote.o
    0x0002bb78   0x00000008   Data   RO         2010    log_const_data      nrfx_prs.o
    0x0002bb80   0x00000008   Data   RO         2086    log_const_data      nrfx_uart.o
    0x0002bb88   0x00000008   Data   RO         2269    log_const_data      nrfx_uarte.o
    0x0002bb90   0x00000008   Data   RO         3290    log_const_data      nrf_fstorage.o
    0x0002bb98   0x00000008   Data   RO         3382    log_const_data      nrf_fstorage_sd.o
    0x0002bba0   0x00000008   Data   RO         3564    log_const_data      nrf_pwr_mgmt.o
    0x0002bba8   0x00000010   Data   RO         3894    log_const_data      nrf_log_frontend.o
    0x0002bbb8   0x00000008   Data   RO         4485    log_const_data      nrf_sdh.o
    0x0002bbc0   0x00000008   Data   RO         4603    log_const_data      nrf_sdh_ble.o
    0x0002bbc8   0x00000008   Data   RO         4649    log_const_data      nrf_sdh_soc.o
    0x0002bbd0   0x00000018   Data   RO         3896    nrf_balloc          nrf_log_frontend.o
    0x0002bbe8   0x00000008   Data   RO          884    sdh_ble_observers0  ble_conn_state.o
    0x0002bbf0   0x00000048   Data   RO           16    sdh_ble_observers1  main.o
    0x0002bc38   0x00000008   Data   RO          606    sdh_ble_observers1  bsp_btn_ble.o
    0x0002bc40   0x00000040   Data   RO           17    sdh_ble_observers2  main.o
    0x0002bc80   0x00000008   Data   RO           18    sdh_ble_observers3  main.o
    0x0002bc88   0x00000008   Data   RO         3384    sdh_req_observers0  nrf_fstorage_sd.o
    0x0002bc90   0x00000008   Data   RO         1399    sdh_soc_observers0  nrf_drv_clock.o
    0x0002bc98   0x00000008   Data   RO         3385    sdh_soc_observers0  nrf_fstorage_sd.o
    0x0002bca0   0x00000008   Data   RO         4605    sdh_stack_observers0  nrf_sdh_ble.o
    0x0002bca8   0x00000008   Data   RO         4651    sdh_stack_observers0  nrf_sdh_soc.o
    0x0002bcb0   0x00000008   Data   RO         1400    sdh_state_observers0  nrf_drv_clock.o
    0x0002bcb8   0x00000008   Data   RO         3386    sdh_state_observers0  nrf_fstorage_sd.o


    Execution Region RW_IRAM1 (Base: 0x20004368, Size: 0x000044b8, Max: 0x0000bc98, ABSOLUTE, COMPRESSED[0x00000080])

    Base Addr    Size         Type   Attr      Idx    E Section Name        Object

    0x20004368   0x00001670   Data   RW           15    .data               main.o
    0x200059d8   0x00000008   Data   RW          605    .data               bsp_btn_ble.o
    0x200059e0   0x00000010   Data   RW         1045    .data               ble_db_discovery.o
    0x200059f0   0x00000008   Data   RW         1317    .data               ble_lbs_c.o
    0x200059f8   0x0000000c   Data   RW         1523    .data               nrf_drv_uart.o
    0x20005a04   0x00000008   Data   RW         1590    .data               nrfx_clock.o
    0x20005a0c   0x00000008   Data   RW         2009    .data               nrfx_prs.o
    0x20005a14   0x00000004   PAD
    0x20005a18   0x00000020   Data   RW         2402    .data               app_button.o
    0x20005a38   0x00000014   Data   RW         2628    .data               app_timer.o
    0x20005a4c   0x00000014   Data   RW         3380    .data               nrf_fstorage_sd.o
    0x20005a60   0x00000008   Data   RW         3381    .data               nrf_fstorage_sd.o
    0x20005a68   0x00000008   Data   RW         3563    .data               nrf_pwr_mgmt.o
    0x20005a70   0x00000018   Data   RW         3760    .data               nrf_log_backend_uart.o
    0x20005a88   0x0000000c   Data   RW         3830    .data               nrf_log_default_backends.o
    0x20005a94   0x00000008   Data   RW         3892    .data               nrf_log_frontend.o
    0x20005a9c   0x00000008   Data   RW         3893    .data               nrf_log_frontend.o
    0x20005aa4   0x00000040   Data   RW         4055    .data               nrf_log_str_formatter.o
    0x20005ae4   0x00000003   Data   RW         4484    .data               nrf_sdh.o
    0x20005ae7   0x00000001   Data   RW         4602    .data               nrf_sdh_ble.o
    0x20005ae8   0x00000004   Data   RW         4686    .data               system_nrf52.o
    0x20005aec   0x00000004   Data   RW         1047    log_dynamic_data    ble_db_discovery.o
    0x20005af0   0x00000004   Data   RW         1223    log_dynamic_data    nrf_ble_gatt.o
    0x20005af4   0x00000004   Data   RW         1319    log_dynamic_data    ble_lbs_c.o
    0x20005af8   0x00000004   Data   RW         1398    log_dynamic_data    nrf_drv_clock.o
    0x20005afc   0x00000004   Data   RW         1592    log_dynamic_data    nrfx_clock.o
    0x20005b00   0x00000004   Data   RW         1750    log_dynamic_data    nrfx_gpiote.o
    0x20005b04   0x00000004   Data   RW         2011    log_dynamic_data    nrfx_prs.o
    0x20005b08   0x00000004   Data   RW         2087    log_dynamic_data    nrfx_uart.o
    0x20005b0c   0x00000004   Data   RW         2270    log_dynamic_data    nrfx_uarte.o
    0x20005b10   0x00000004   Data   RW         3291    log_dynamic_data    nrf_fstorage.o
    0x20005b14   0x00000004   Data   RW         3383    log_dynamic_data    nrf_fstorage_sd.o
    0x20005b18   0x00000004   Data   RW         3565    log_dynamic_data    nrf_pwr_mgmt.o
    0x20005b1c   0x00000008   Data   RW         3895    log_dynamic_data    nrf_log_frontend.o
    0x20005b24   0x00000004   Data   RW         4486    log_dynamic_data    nrf_sdh.o
    0x20005b28   0x00000004   Data   RW         4604    log_dynamic_data    nrf_sdh_ble.o
    0x20005b2c   0x00000004   Data   RW         4650    log_dynamic_data    nrf_sdh_soc.o
    0x20005b30   0x000000cc   Zero   RW           12    .bss                main.o
    0x20005bfc   0x0000001f   Zero   RW           13    .bss                main.o
    0x20005c1b   0x0000000c   Zero   RW          501    .bss                bsp.o
    0x20005c27   0x00000001   PAD
    0x20005c28   0x00000078   Zero   RW          883    .bss                ble_conn_state.o
    0x20005ca0   0x00000318   Zero   RW         1042    .bss                ble_db_discovery.o
    0x20005fb8   0x000000a0   Zero   RW         1314    .bss                ble_lbs_c.o
    0x20006058   0x00000014   Zero   RW         1391    .bss                nrf_drv_clock.o
    0x2000606c   0x0000005c   Zero   RW         1743    .bss                nrfx_gpiote.o
    0x200060c8   0x0000002c   Zero   RW         2080    .bss                nrfx_uart.o
    0x200060f4   0x00000024   Zero   RW         2263    .bss                nrfx_uarte.o
    0x20006118   0x00000020   Zero   RW         2400    .bss                app_button.o
    0x20006138   0x0000010c   Zero   RW         2626    .bss                app_timer.o
    0x20006244   0x0000000c   Zero   RW         2779    .bss                app_util_platform.o
    0x20006250   0x000000a0   Zero   RW         3376    .bss                nrf_fstorage_sd.o
    0x200062f0   0x0000000c   Zero   RW         3559    .bss                nrf_pwr_mgmt.o
    0x200062fc   0x00000040   Zero   RW         3757    .bss                nrf_log_backend_uart.o
    0x2000633c   0x000000c0   Zero   RW         3889    .bss                nrf_log_frontend.o
    0x200063fc   0x00000424   Zero   RW         3890    .bss                nrf_log_frontend.o
    0x20006820   0x00002000   Zero   RW         4674    STACK               arm_startup_nrf52.o


==============================================================================

Image component sizes


      Code (inc. data)   RO Data    RW Data    ZI Data      Debug   Object Name

       488         46          8         32         32      13775   app_button.o
        22          0          0          0          0       2441   app_error.o
       124         40          0          0          0      30541   app_error_weak.o
      1506        118          6         20        268      48531   app_timer.o
       124         14          0          0         12       9090   app_util_platform.o
        36          8        512          0       8192        928   arm_startup_nrf52.o
       124          0          0          0          0      29075   ble_advdata.o
         0          0          0          0          0       5084   ble_advertising.o
       394         14          8          0        120       8047   ble_conn_state.o
      1658         78        144         20        792      18803   ble_db_discovery.o
       612         30         34         12        160       8658   ble_lbs_c.o
       192         16          8          0          0      42997   boards.o
        68          4          0          0         12       6788   bsp.o
       166          6          8          8          0       3232   bsp_btn_ble.o
      1200        412        180       5744        235     119219   main.o
       244          0          0          0          0       5661   nrf_atfifo.o
        64          0          0          0          0       2984   nrf_atflags.o
       306          0          0          0          0       8071   nrf_atomic.o
       164          0          0          0          0       3596   nrf_balloc.o
       936        254        205          4          0      36180   nrf_ble_gatt.o
       276         34         30          4         20      37694   nrf_drv_clock.o
       200         26          0         12          0      17620   nrf_drv_uart.o
        50          0          0          0          0       3541   nrf_fprintf.o
       850          4         16          0          0       5430   nrf_fprintf_format.o
         0          0         21          4          0       1809   nrf_fstorage.o
       484         42         62         32        160       9689   nrf_fstorage_sd.o
       200          0          0          0          0      11467   nrf_log_backend_serial.o
       232         44         44         24         64      21194   nrf_log_backend_uart.o
        28          6          0         12          0       3219   nrf_log_default_backends.o
      1490        118         64         24       1252      29741   nrf_log_frontend.o
       566        108        102         64          0       5708   nrf_log_str_formatter.o
       330          0          0          0          0       9579   nrf_memobj.o
       108         16         53         12         12      36107   nrf_pwr_mgmt.o
       660         60        104          7          0      43452   nrf_sdh.o
       680        222        468          5          0       5945   nrf_sdh_ble.o
        60          4         56          4          0       2592   nrf_sdh_soc.o
        78          0          0          0          0       2756   nrf_section_iter.o
        76         10       1319          0          0       2739   nrf_strerror.o
       222         28         14         12          0      41352   nrfx_clock.o
      1298         98         19          4         92      59509   nrfx_gpiote.o
       112         16         12         12          0       4528   nrfx_prs.o
      1292         40         17          4         44      30942   nrfx_uart.o
      1134         44         18          4         36      24109   nrfx_uarte.o
       796         70          0          4          0       2959   system_nrf52.o

    ----------------------------------------------------------------------
     19680       2030       3600       6088      11504     817382   Object Totals
         0          0         32          0          0          0   (incl. Generated)
        30          0         36          4          1          0   (incl. Padding)

    ----------------------------------------------------------------------

      Code (inc. data)   RO Data    RW Data    ZI Data      Debug   Library Member Name

        86          0          0          0          0          0   __dczerorl2.o
         8          4        133          0          0         68   ctype_o.o
         0          0          0          0          0          0   entry.o
         0          0          0          0          0          0   entry10a.o
         0          0          0          0          0          0   entry11a.o
         8          4          0          0          0          0   entry2.o
         4          0          0          0          0          0   entry5.o
         0          0          0          0          0          0   entry7b.o
         0          0          0          0          0          0   entry8b.o
         8          4          0          0          0          0   entry9a.o
        30          0          0          0          0          0   handlers.o
        36          8          0          0          0         68   init.o
        30          0          0          0          0         68   llshl.o
        26          0          0          0          0         80   memcmp.o
        36          0          0          0          0         68   memcpya.o
        36          0          0          0          0        108   memseta.o
        14          0          0          0          0         68   strlen.o

    ----------------------------------------------------------------------
       328         20        136          0          0        528   Library Totals
         6          0          3          0          0          0   (incl. Padding)

    ----------------------------------------------------------------------

      Code (inc. data)   RO Data    RW Data    ZI Data      Debug   Library Name

       322         20        133          0          0        528   mc_w.l

    ----------------------------------------------------------------------
       328         20        136          0          0        528   Library Totals

    ----------------------------------------------------------------------

==============================================================================


      Code (inc. data)   RO Data    RW Data    ZI Data      Debug   

     20008       2050       3736       6088      11504     793838   Grand Totals
     20008       2050       3736        128      11504     793838   ELF Image Totals (compressed)
     20008       2050       3736        128          0          0   ROM Totals

==============================================================================

    Total RO  Size (Code + RO Data)                23744 (  23.19kB)
    Total RW  Size (RW Data + ZI Data)             17592 (  17.18kB)
    Total ROM Size (Code + RO Data + RW Data)      23872 (  23.31kB)

==============================================================================

